<?xml version="1.0"?>
<link_info>
   <banner>MSP430 Linker PC v17.9.0.STS</banner>
   <copyright>Copyright (c) 2003-2017 Texas Instruments Incorporated</copyright>
   <link_time>0x5a6c8bbd</link_time>
   <link_errors>0x0</link_errors>
   <output_file>HW1_9.out</output_file>
   <entry_point>
      <name>_c_int00_noargs</name>
      <address>0xd33c</address>
   </entry_point>
   <input_file_list>
      <input_file id="fl-2">
         <path>.\</path>
         <kind>object</kind>
         <file>UARTfuncs.obj</file>
         <name>UARTfuncs.obj</name>
      </input_file>
      <input_file id="fl-3">
         <path>.\</path>
         <kind>object</kind>
         <file>user_HW1_9.obj</file>
         <name>user_HW1_9.obj</name>
      </input_file>
      <input_file id="fl-8">
         <kind>object</kind>
         <file>&lt;internal&gt;</file>
         <name>&lt;internal&gt;</name>
      </input_file>
      <input_file id="fl-1e">
         <path>E:\ti\i-cgt-msp430_17.9.0.STS\lib\</path>
         <kind>archive</kind>
         <file>rts430_eabi.lib</file>
         <name>asr16.obj</name>
      </input_file>
      <input_file id="fl-1f">
         <path>E:\ti\i-cgt-msp430_17.9.0.STS\lib\</path>
         <kind>archive</kind>
         <file>rts430_eabi.lib</file>
         <name>div16s.obj</name>
      </input_file>
      <input_file id="fl-20">
         <path>E:\ti\i-cgt-msp430_17.9.0.STS\lib\</path>
         <kind>archive</kind>
         <file>rts430_eabi.lib</file>
         <name>div16u.obj</name>
      </input_file>
      <input_file id="fl-21">
         <path>E:\ti\i-cgt-msp430_17.9.0.STS\lib\</path>
         <kind>archive</kind>
         <file>rts430_eabi.lib</file>
         <name>epilog.obj</name>
      </input_file>
      <input_file id="fl-22">
         <path>E:\ti\i-cgt-msp430_17.9.0.STS\lib\</path>
         <kind>archive</kind>
         <file>rts430_eabi.lib</file>
         <name>fs_add.obj</name>
      </input_file>
      <input_file id="fl-23">
         <path>E:\ti\i-cgt-msp430_17.9.0.STS\lib\</path>
         <kind>archive</kind>
         <file>rts430_eabi.lib</file>
         <name>fs_cmp.obj</name>
      </input_file>
      <input_file id="fl-24">
         <path>E:\ti\i-cgt-msp430_17.9.0.STS\lib\</path>
         <kind>archive</kind>
         <file>rts430_eabi.lib</file>
         <name>fs_itof.obj</name>
      </input_file>
      <input_file id="fl-25">
         <path>E:\ti\i-cgt-msp430_17.9.0.STS\lib\</path>
         <kind>archive</kind>
         <file>rts430_eabi.lib</file>
         <name>fs_mpy.obj</name>
      </input_file>
      <input_file id="fl-26">
         <path>E:\ti\i-cgt-msp430_17.9.0.STS\lib\</path>
         <kind>archive</kind>
         <file>rts430_eabi.lib</file>
         <name>fs_toi.obj</name>
      </input_file>
      <input_file id="fl-27">
         <path>E:\ti\i-cgt-msp430_17.9.0.STS\lib\</path>
         <kind>archive</kind>
         <file>rts430_eabi.lib</file>
         <name>int02.obj</name>
      </input_file>
      <input_file id="fl-28">
         <path>E:\ti\i-cgt-msp430_17.9.0.STS\lib\</path>
         <kind>archive</kind>
         <file>rts430_eabi.lib</file>
         <name>int03.obj</name>
      </input_file>
      <input_file id="fl-29">
         <path>E:\ti\i-cgt-msp430_17.9.0.STS\lib\</path>
         <kind>archive</kind>
         <file>rts430_eabi.lib</file>
         <name>int05.obj</name>
      </input_file>
      <input_file id="fl-2a">
         <path>E:\ti\i-cgt-msp430_17.9.0.STS\lib\</path>
         <kind>archive</kind>
         <file>rts430_eabi.lib</file>
         <name>int08.obj</name>
      </input_file>
      <input_file id="fl-2b">
         <path>E:\ti\i-cgt-msp430_17.9.0.STS\lib\</path>
         <kind>archive</kind>
         <file>rts430_eabi.lib</file>
         <name>int10.obj</name>
      </input_file>
      <input_file id="fl-2c">
         <path>E:\ti\i-cgt-msp430_17.9.0.STS\lib\</path>
         <kind>archive</kind>
         <file>rts430_eabi.lib</file>
         <name>int11.obj</name>
      </input_file>
      <input_file id="fl-2d">
         <path>E:\ti\i-cgt-msp430_17.9.0.STS\lib\</path>
         <kind>archive</kind>
         <file>rts430_eabi.lib</file>
         <name>int12.obj</name>
      </input_file>
      <input_file id="fl-2e">
         <path>E:\ti\i-cgt-msp430_17.9.0.STS\lib\</path>
         <kind>archive</kind>
         <file>rts430_eabi.lib</file>
         <name>int13.obj</name>
      </input_file>
      <input_file id="fl-2f">
         <path>E:\ti\i-cgt-msp430_17.9.0.STS\lib\</path>
         <kind>archive</kind>
         <file>rts430_eabi.lib</file>
         <name>int14.obj</name>
      </input_file>
      <input_file id="fl-30">
         <path>E:\ti\i-cgt-msp430_17.9.0.STS\lib\</path>
         <kind>archive</kind>
         <file>rts430_eabi.lib</file>
         <name>isr_trap.obj</name>
      </input_file>
      <input_file id="fl-31">
         <path>E:\ti\i-cgt-msp430_17.9.0.STS\lib\</path>
         <kind>archive</kind>
         <file>rts430_eabi.lib</file>
         <name>lsl16.obj</name>
      </input_file>
      <input_file id="fl-32">
         <path>E:\ti\i-cgt-msp430_17.9.0.STS\lib\</path>
         <kind>archive</kind>
         <file>rts430_eabi.lib</file>
         <name>lsl32.obj</name>
      </input_file>
      <input_file id="fl-33">
         <path>E:\ti\i-cgt-msp430_17.9.0.STS\lib\</path>
         <kind>archive</kind>
         <file>rts430_eabi.lib</file>
         <name>lsr16.obj</name>
      </input_file>
      <input_file id="fl-34">
         <path>E:\ti\i-cgt-msp430_17.9.0.STS\lib\</path>
         <kind>archive</kind>
         <file>rts430_eabi.lib</file>
         <name>lsr32.obj</name>
      </input_file>
      <input_file id="fl-35">
         <path>E:\ti\i-cgt-msp430_17.9.0.STS\lib\</path>
         <kind>archive</kind>
         <file>rts430_eabi.lib</file>
         <name>cvtdf.obj</name>
      </input_file>
      <input_file id="fl-36">
         <path>E:\ti\i-cgt-msp430_17.9.0.STS\lib\</path>
         <kind>archive</kind>
         <file>rts430_eabi.lib</file>
         <name>divd.obj</name>
      </input_file>
      <input_file id="fl-37">
         <path>E:\ti\i-cgt-msp430_17.9.0.STS\lib\</path>
         <kind>archive</kind>
         <file>rts430_eabi.lib</file>
         <name>fltuld.obj</name>
      </input_file>
      <input_file id="fl-38">
         <path>E:\ti\i-cgt-msp430_17.9.0.STS\lib\</path>
         <kind>archive</kind>
         <file>rts430_eabi.lib</file>
         <name>frcdivd.obj</name>
      </input_file>
      <input_file id="fl-39">
         <path>E:\ti\i-cgt-msp430_17.9.0.STS\lib\</path>
         <kind>archive</kind>
         <file>rts430_eabi.lib</file>
         <name>boot.obj</name>
      </input_file>
      <input_file id="fl-3a">
         <path>E:\ti\i-cgt-msp430_17.9.0.STS\lib\</path>
         <kind>archive</kind>
         <file>rts430_eabi.lib</file>
         <name>autoinit.obj</name>
      </input_file>
      <input_file id="fl-3b">
         <path>E:\ti\i-cgt-msp430_17.9.0.STS\lib\</path>
         <kind>archive</kind>
         <file>rts430_eabi.lib</file>
         <name>copy_zero_init.obj</name>
      </input_file>
      <input_file id="fl-3c">
         <path>E:\ti\i-cgt-msp430_17.9.0.STS\lib\</path>
         <kind>archive</kind>
         <file>rts430_eabi.lib</file>
         <name>cpy_tbl.obj</name>
      </input_file>
      <input_file id="fl-3d">
         <path>E:\ti\i-cgt-msp430_17.9.0.STS\lib\</path>
         <kind>archive</kind>
         <file>rts430_eabi.lib</file>
         <name>mpu_init.obj</name>
      </input_file>
      <input_file id="fl-3e">
         <path>E:\ti\i-cgt-msp430_17.9.0.STS\lib\</path>
         <kind>archive</kind>
         <file>rts430_eabi.lib</file>
         <name>lsr64.obj</name>
      </input_file>
      <input_file id="fl-3f">
         <path>E:\ti\i-cgt-msp430_17.9.0.STS\lib\</path>
         <kind>archive</kind>
         <file>rts430_eabi.lib</file>
         <name>pre_init.obj</name>
      </input_file>
      <input_file id="fl-40">
         <path>E:\ti\i-cgt-msp430_17.9.0.STS\lib\</path>
         <kind>archive</kind>
         <file>rts430_eabi.lib</file>
         <name>startup.obj</name>
      </input_file>
      <input_file id="fl-41">
         <path>E:\ti\i-cgt-msp430_17.9.0.STS\lib\</path>
         <kind>archive</kind>
         <file>rts430_eabi.lib</file>
         <name>copy_decompress_none.obj</name>
      </input_file>
      <input_file id="fl-42">
         <path>E:\ti\i-cgt-msp430_17.9.0.STS\lib\</path>
         <kind>archive</kind>
         <file>rts430_eabi.lib</file>
         <name>copy_decompress_lzss.obj</name>
      </input_file>
      <input_file id="fl-43">
         <path>E:\ti\i-cgt-msp430_17.9.0.STS\lib\</path>
         <kind>archive</kind>
         <file>rts430_eabi.lib</file>
         <name>exit.obj</name>
      </input_file>
      <input_file id="fl-44">
         <path>E:\ti\i-cgt-msp430_17.9.0.STS\lib\</path>
         <kind>archive</kind>
         <file>rts430_eabi.lib</file>
         <name>_lock.obj</name>
      </input_file>
      <input_file id="fl-45">
         <path>E:\ti\i-cgt-msp430_17.9.0.STS\lib\</path>
         <kind>archive</kind>
         <file>rts430_eabi.lib</file>
         <name>args_main.obj</name>
      </input_file>
      <input_file id="fl-46">
         <path>E:\ti\i-cgt-msp430_17.9.0.STS\lib\</path>
         <kind>archive</kind>
         <file>rts430_eabi.lib</file>
         <name>memcpy.obj</name>
      </input_file>
      <input_file id="fl-47">
         <path>E:\ti\i-cgt-msp430_17.9.0.STS\lib\</path>
         <kind>archive</kind>
         <file>rts430_eabi.lib</file>
         <name>vsprintf.obj</name>
      </input_file>
      <input_file id="fl-48">
         <path>E:\ti\i-cgt-msp430_17.9.0.STS\lib\</path>
         <kind>archive</kind>
         <file>rts430_eabi.lib</file>
         <name>asr32.obj</name>
      </input_file>
      <input_file id="fl-49">
         <path>E:\ti\i-cgt-msp430_17.9.0.STS\lib\</path>
         <kind>archive</kind>
         <file>rts430_eabi.lib</file>
         <name>mult16.obj</name>
      </input_file>
      <input_file id="fl-4a">
         <path>E:\ti\i-cgt-msp430_17.9.0.STS\lib\</path>
         <kind>archive</kind>
         <file>rts430_eabi.lib</file>
         <name>mult32.obj</name>
      </input_file>
      <input_file id="fl-4b">
         <path>E:\ti\i-cgt-msp430_17.9.0.STS\lib\</path>
         <kind>archive</kind>
         <file>rts430_eabi.lib</file>
         <name>exit_gvars.obj</name>
      </input_file>
      <input_file id="fl-4c">
         <path>E:\ti\i-cgt-msp430_17.9.0.STS\lib\</path>
         <kind>archive</kind>
         <file>rts430_eabi.lib</file>
         <name>_printfi_min.obj</name>
      </input_file>
      <input_file id="fl-4d">
         <path>E:\ti\i-cgt-msp430_17.9.0.STS\lib\</path>
         <kind>archive</kind>
         <file>rts430_eabi.lib</file>
         <name>memccpy.obj</name>
      </input_file>
      <input_file id="fl-4e">
         <path>E:\ti\i-cgt-msp430_17.9.0.STS\lib\</path>
         <kind>archive</kind>
         <file>rts430_eabi.lib</file>
         <name>memset.obj</name>
      </input_file>
      <input_file id="fl-4f">
         <path>E:\ti\i-cgt-msp430_17.9.0.STS\lib\</path>
         <kind>archive</kind>
         <file>rts430_eabi.lib</file>
         <name>strlen.obj</name>
      </input_file>
   </input_file_list>
   <object_component_list>
      <object_component id="oc-14a">
         <name>.common:txbuff</name>
         <uninitialized>true</uninitialized>
         <run_address>0x200</run_address>
         <size>0x34</size>
      </object_component>
      <object_component id="oc-14d">
         <name>.common:printbuff</name>
         <uninitialized>true</uninitialized>
         <run_address>0x234</run_address>
         <size>0x28</size>
      </object_component>
      <object_component id="oc-144">
         <name>.data</name>
         <load_address>0x267</load_address>
         <run_address>0x267</run_address>
         <size>0x6</size>
         <input_file_ref idref="fl-2"/>
      </object_component>
      <object_component id="oc-147">
         <name>.data</name>
         <load_address>0x25c</load_address>
         <run_address>0x25c</run_address>
         <size>0xb</size>
         <input_file_ref idref="fl-3"/>
      </object_component>
      <object_component id="oc-ac">
         <name>.stack</name>
         <uninitialized>true</uninitialized>
         <run_address>0x3b0</run_address>
         <size>0x2</size>
         <input_file_ref idref="fl-39"/>
      </object_component>
      <object_component id="oc-364">
         <name>.stack</name>
         <uninitialized>true</uninitialized>
         <run_address>0x3b0</run_address>
         <size>0x0</size>
      </object_component>
      <object_component id="oc-263">
         <name>.text:__TI_frcdivd</name>
         <load_address>0xc000</load_address>
         <run_address>0xc000</run_address>
         <size>0x478</size>
         <input_file_ref idref="fl-38"/>
      </object_component>
      <object_component id="oc-1e6">
         <name>.text:__mspabi_divd</name>
         <load_address>0xc478</load_address>
         <run_address>0xc478</run_address>
         <size>0x238</size>
         <input_file_ref idref="fl-36"/>
      </object_component>
      <object_component id="oc-206">
         <name>.text</name>
         <load_address>0xc6b0</load_address>
         <run_address>0xc6b0</run_address>
         <size>0x132</size>
         <input_file_ref idref="fl-22"/>
      </object_component>
      <object_component id="oc-18d">
         <name>.text:Init_UART</name>
         <load_address>0xc7e2</load_address>
         <run_address>0xc7e2</run_address>
         <size>0x126</size>
         <input_file_ref idref="fl-2"/>
      </object_component>
      <object_component id="oc-2d8">
         <name>.text:_setfield</name>
         <load_address>0xc908</load_address>
         <run_address>0xc908</run_address>
         <size>0x116</size>
         <input_file_ref idref="fl-4c"/>
      </object_component>
      <object_component id="oc-15f">
         <name>.text:main</name>
         <load_address>0xca1e</load_address>
         <run_address>0xca1e</run_address>
         <size>0xf6</size>
         <input_file_ref idref="fl-3"/>
      </object_component>
      <object_component id="oc-28a">
         <name>.text:__TI_printfi_minimal</name>
         <load_address>0xcb14</load_address>
         <run_address>0xcb14</run_address>
         <size>0xe2</size>
         <input_file_ref idref="fl-4c"/>
      </object_component>
      <object_component id="oc-306">
         <name>.text:_pproc_diouxp</name>
         <load_address>0xcbf6</load_address>
         <run_address>0xcbf6</run_address>
         <size>0xca</size>
         <input_file_ref idref="fl-4c"/>
      </object_component>
      <object_component id="oc-1f7">
         <name>.text</name>
         <load_address>0xccc0</load_address>
         <run_address>0xccc0</run_address>
         <size>0xc4</size>
         <input_file_ref idref="fl-25"/>
      </object_component>
      <object_component id="oc-1ec">
         <name>.text:__mspabi_cvtdf</name>
         <load_address>0xcd84</load_address>
         <run_address>0xcd84</run_address>
         <size>0x8c</size>
         <input_file_ref idref="fl-35"/>
      </object_component>
      <object_component id="oc-1e0">
         <name>.text:__mspabi_fltuld</name>
         <load_address>0xce10</load_address>
         <run_address>0xce10</run_address>
         <size>0x8a</size>
         <input_file_ref idref="fl-37"/>
      </object_component>
      <object_component id="oc-dc">
         <name>.text:USCI0TX_ISR</name>
         <load_address>0xce9a</load_address>
         <run_address>0xce9a</run_address>
         <size>0x7c</size>
         <input_file_ref idref="fl-3"/>
      </object_component>
      <object_component id="oc-30">
         <name>.text:decompress:lzss:__TI_decompress_lzss</name>
         <load_address>0xcf16</load_address>
         <run_address>0xcf16</run_address>
         <size>0x7c</size>
         <input_file_ref idref="fl-42"/>
      </object_component>
      <object_component id="oc-1fc">
         <name>.text</name>
         <load_address>0xcf92</load_address>
         <run_address>0xcf92</run_address>
         <size>0x68</size>
         <input_file_ref idref="fl-26"/>
      </object_component>
      <object_component id="oc-25c">
         <name>.text:l_lsr_const</name>
         <load_address>0xcffa</load_address>
         <run_address>0xcffa</run_address>
         <size>0x5c</size>
         <input_file_ref idref="fl-34"/>
      </object_component>
      <object_component id="oc-19a">
         <name>.text:get_switchstate</name>
         <load_address>0xd056</load_address>
         <run_address>0xd056</run_address>
         <size>0x50</size>
         <input_file_ref idref="fl-3"/>
      </object_component>
      <object_component id="oc-b5">
         <name>.text</name>
         <load_address>0xd0a6</load_address>
         <run_address>0xd0a6</run_address>
         <size>0x4c</size>
         <input_file_ref idref="fl-33"/>
      </object_component>
      <object_component id="oc-1f2">
         <name>.text</name>
         <load_address>0xd0f2</load_address>
         <run_address>0xd0f2</run_address>
         <size>0x4a</size>
         <input_file_ref idref="fl-23"/>
      </object_component>
      <object_component id="oc-1ad">
         <name>.text:__TI_auto_init_nobinit_nopinit:__TI_auto_init_nobinit_nopinit</name>
         <load_address>0xd13c</load_address>
         <run_address>0xd13c</run_address>
         <size>0x42</size>
         <input_file_ref idref="fl-3a"/>
      </object_component>
      <object_component id="oc-2c4">
         <name>.text:l_asr_const</name>
         <load_address>0xd17e</load_address>
         <run_address>0xd17e</run_address>
         <size>0x3e</size>
         <input_file_ref idref="fl-48"/>
      </object_component>
      <object_component id="oc-257">
         <name>.text:l_lsl_const</name>
         <load_address>0xd1bc</load_address>
         <run_address>0xd1bc</run_address>
         <size>0x3e</size>
         <input_file_ref idref="fl-32"/>
      </object_component>
      <object_component id="oc-201">
         <name>.text</name>
         <load_address>0xd1fa</load_address>
         <run_address>0xd1fa</run_address>
         <size>0x36</size>
         <input_file_ref idref="fl-24"/>
      </object_component>
      <object_component id="oc-216">
         <name>.text:vsprintf</name>
         <load_address>0xd230</load_address>
         <run_address>0xd230</run_address>
         <size>0x34</size>
         <input_file_ref idref="fl-47"/>
      </object_component>
      <object_component id="oc-21c">
         <name>.text:sendchars</name>
         <load_address>0xd264</load_address>
         <run_address>0xd264</run_address>
         <size>0x2e</size>
         <input_file_ref idref="fl-2"/>
      </object_component>
      <object_component id="oc-20b">
         <name>.text</name>
         <load_address>0xd292</load_address>
         <run_address>0xd292</run_address>
         <size>0x2c</size>
         <input_file_ref idref="fl-1e"/>
      </object_component>
      <object_component id="oc-210">
         <name>.text</name>
         <load_address>0xd2be</load_address>
         <run_address>0xd2be</run_address>
         <size>0x2c</size>
         <input_file_ref idref="fl-1f"/>
      </object_component>
      <object_component id="oc-b0">
         <name>.text</name>
         <load_address>0xd2ea</load_address>
         <run_address>0xd2ea</run_address>
         <size>0x2c</size>
         <input_file_ref idref="fl-31"/>
      </object_component>
      <object_component id="oc-2bf">
         <name>.text</name>
         <load_address>0xd316</load_address>
         <run_address>0xd316</run_address>
         <size>0x26</size>
         <input_file_ref idref="fl-4a"/>
      </object_component>
      <object_component id="oc-100">
         <name>.text:_c_int00_noargs</name>
         <load_address>0xd33c</load_address>
         <run_address>0xd33c</run_address>
         <size>0x1c</size>
         <input_file_ref idref="fl-39"/>
      </object_component>
      <object_component id="oc-e8">
         <name>.text:Timer_A</name>
         <load_address>0xd358</load_address>
         <run_address>0xd358</run_address>
         <size>0x1a</size>
         <input_file_ref idref="fl-3"/>
      </object_component>
      <object_component id="oc-194">
         <name>.text:UART_printf</name>
         <load_address>0xd372</load_address>
         <run_address>0xd372</run_address>
         <size>0x1a</size>
         <input_file_ref idref="fl-2"/>
      </object_component>
      <object_component id="oc-27e">
         <name>.text:_outs</name>
         <load_address>0xd38c</load_address>
         <run_address>0xd38c</run_address>
         <size>0x1a</size>
         <input_file_ref idref="fl-47"/>
      </object_component>
      <object_component id="oc-30c">
         <name>.text:memccpy</name>
         <load_address>0xd3a6</load_address>
         <run_address>0xd3a6</run_address>
         <size>0x1a</size>
         <input_file_ref idref="fl-4d"/>
      </object_component>
      <object_component id="oc-e2">
         <name>.text:USCI0RX_ISR</name>
         <load_address>0xd3c0</load_address>
         <run_address>0xd3c0</run_address>
         <size>0x16</size>
         <input_file_ref idref="fl-3"/>
      </object_component>
      <object_component id="oc-278">
         <name>.text</name>
         <load_address>0xd3d6</load_address>
         <run_address>0xd3d6</run_address>
         <size>0x16</size>
         <input_file_ref idref="fl-20"/>
      </object_component>
      <object_component id="oc-ee">
         <name>.text:decompress:ZI:__TI_zero_init_nomemset:__TI_zero_init_nomemset</name>
         <load_address>0xd3ec</load_address>
         <run_address>0xd3ec</run_address>
         <size>0x14</size>
         <input_file_ref idref="fl-3b"/>
      </object_component>
      <object_component id="oc-2ff">
         <name>.text:memset</name>
         <load_address>0xd400</load_address>
         <run_address>0xd400</run_address>
         <size>0x14</size>
         <input_file_ref idref="fl-4e"/>
      </object_component>
      <object_component id="oc-2b4">
         <name>.text</name>
         <load_address>0xd414</load_address>
         <run_address>0xd414</run_address>
         <size>0x14</size>
         <input_file_ref idref="fl-49"/>
      </object_component>
      <object_component id="oc-284">
         <name>.text:_outc</name>
         <load_address>0xd428</load_address>
         <run_address>0xd428</run_address>
         <size>0x12</size>
         <input_file_ref idref="fl-47"/>
      </object_component>
      <object_component id="oc-36">
         <name>.text:decompress:none:__TI_decompress_none</name>
         <load_address>0xd43a</load_address>
         <run_address>0xd43a</run_address>
         <size>0x12</size>
         <input_file_ref idref="fl-41"/>
      </object_component>
      <object_component id="oc-ca">
         <name>.text:memcpy</name>
         <load_address>0xd44c</load_address>
         <run_address>0xd44c</run_address>
         <size>0x12</size>
         <input_file_ref idref="fl-46"/>
      </object_component>
      <object_component id="oc-ba">
         <name>.text</name>
         <load_address>0xd45e</load_address>
         <run_address>0xd45e</run_address>
         <size>0x10</size>
         <input_file_ref idref="fl-21"/>
      </object_component>
      <object_component id="oc-2d2">
         <name>.text:strlen</name>
         <load_address>0xd46e</load_address>
         <run_address>0xd46e</run_address>
         <size>0xe</size>
         <input_file_ref idref="fl-4f"/>
      </object_component>
      <object_component id="oc-d7">
         <name>.text:_isr:__TI_ISR_TRAP</name>
         <load_address>0xd47c</load_address>
         <run_address>0xd47c</run_address>
         <size>0x8</size>
         <input_file_ref idref="fl-30"/>
      </object_component>
      <object_component id="oc-1a1">
         <name>.text:abort</name>
         <load_address>0xd484</load_address>
         <run_address>0xd484</run_address>
         <size>0x6</size>
         <input_file_ref idref="fl-43"/>
      </object_component>
      <object_component id="oc-159">
         <name>.text:_system_pre_init</name>
         <load_address>0xd48a</load_address>
         <run_address>0xd48a</run_address>
         <size>0x4</size>
         <input_file_ref idref="fl-3f"/>
      </object_component>
      <object_component id="oc-236">
         <name>.text:_system_post_cinit</name>
         <load_address>0xd48e</load_address>
         <run_address>0xd48e</run_address>
         <size>0x2</size>
         <input_file_ref idref="fl-40"/>
      </object_component>
      <object_component id="oc-363">
         <name>.cinit..data.load</name>
         <load_address>0xd500</load_address>
         <run_address>0xd500</run_address>
         <size>0xd</size>
      </object_component>
      <object_component id="oc-360">
         <name>__TI_handler_table</name>
         <load_address>0xd50e</load_address>
         <run_address>0xd50e</run_address>
         <size>0x6</size>
      </object_component>
      <object_component id="oc-362">
         <name>.cinit..bss.load</name>
         <load_address>0xd514</load_address>
         <run_address>0xd514</run_address>
         <size>0x4</size>
      </object_component>
      <object_component id="oc-361">
         <name>__TI_cinit_table</name>
         <load_address>0xd518</load_address>
         <run_address>0xd518</run_address>
         <size>0x8</size>
      </object_component>
      <object_component id="oc-193">
         <name>.const:.string</name>
         <load_address>0xd490</load_address>
         <run_address>0xd490</run_address>
         <size>0x5c</size>
         <input_file_ref idref="fl-3"/>
      </object_component>
      <object_component id="oc-305">
         <name>.const:.string</name>
         <load_address>0xd4ec</load_address>
         <run_address>0xd4ec</run_address>
         <size>0x14</size>
         <input_file_ref idref="fl-4c"/>
      </object_component>
      <object_component id="oc-3c">
         <name>.int02</name>
         <load_address>0xffe4</load_address>
         <run_address>0xffe4</run_address>
         <size>0x2</size>
         <input_file_ref idref="fl-27"/>
      </object_component>
      <object_component id="oc-3d">
         <name>.int03</name>
         <load_address>0xffe6</load_address>
         <run_address>0xffe6</run_address>
         <size>0x2</size>
         <input_file_ref idref="fl-28"/>
      </object_component>
      <object_component id="oc-3e">
         <name>.int05</name>
         <load_address>0xffea</load_address>
         <run_address>0xffea</run_address>
         <size>0x2</size>
         <input_file_ref idref="fl-29"/>
      </object_component>
      <object_component id="oc-3f">
         <name>.int06</name>
         <load_address>0xffec</load_address>
         <run_address>0xffec</run_address>
         <size>0x2</size>
         <input_file_ref idref="fl-3"/>
      </object_component>
      <object_component id="oc-40">
         <name>.int07</name>
         <load_address>0xffee</load_address>
         <run_address>0xffee</run_address>
         <size>0x2</size>
         <input_file_ref idref="fl-3"/>
      </object_component>
      <object_component id="oc-41">
         <name>.int08</name>
         <load_address>0xfff0</load_address>
         <run_address>0xfff0</run_address>
         <size>0x2</size>
         <input_file_ref idref="fl-2a"/>
      </object_component>
      <object_component id="oc-42">
         <name>.int09</name>
         <load_address>0xfff2</load_address>
         <run_address>0xfff2</run_address>
         <size>0x2</size>
         <input_file_ref idref="fl-3"/>
      </object_component>
      <object_component id="oc-43">
         <name>.int10</name>
         <load_address>0xfff4</load_address>
         <run_address>0xfff4</run_address>
         <size>0x2</size>
         <input_file_ref idref="fl-2b"/>
      </object_component>
      <object_component id="oc-44">
         <name>.int11</name>
         <load_address>0xfff6</load_address>
         <run_address>0xfff6</run_address>
         <size>0x2</size>
         <input_file_ref idref="fl-2c"/>
      </object_component>
      <object_component id="oc-45">
         <name>.int12</name>
         <load_address>0xfff8</load_address>
         <run_address>0xfff8</run_address>
         <size>0x2</size>
         <input_file_ref idref="fl-2d"/>
      </object_component>
      <object_component id="oc-46">
         <name>.int13</name>
         <load_address>0xfffa</load_address>
         <run_address>0xfffa</run_address>
         <size>0x2</size>
         <input_file_ref idref="fl-2e"/>
      </object_component>
      <object_component id="oc-47">
         <name>.int14</name>
         <load_address>0xfffc</load_address>
         <run_address>0xfffc</run_address>
         <size>0x2</size>
         <input_file_ref idref="fl-2f"/>
      </object_component>
      <object_component id="oc-af">
         <name>.reset</name>
         <load_address>0xfffe</load_address>
         <run_address>0xfffe</run_address>
         <size>0x2</size>
         <input_file_ref idref="fl-39"/>
      </object_component>
      <object_component id="oc-14b">
         <name>.debug_info</name>
         <load_address>0x0</load_address>
         <run_address>0x0</run_address>
         <size>0x312</size>
         <input_file_ref idref="fl-2"/>
      </object_component>
      <object_component id="oc-145">
         <name>.debug_info</name>
         <load_address>0x312</load_address>
         <run_address>0x312</run_address>
         <size>0x1c6</size>
         <input_file_ref idref="fl-2"/>
      </object_component>
      <object_component id="oc-21d">
         <name>.debug_info</name>
         <load_address>0x4d8</load_address>
         <run_address>0x4d8</run_address>
         <size>0x1bf</size>
         <input_file_ref idref="fl-2"/>
      </object_component>
      <object_component id="oc-195">
         <name>.debug_info</name>
         <load_address>0x697</load_address>
         <run_address>0x697</run_address>
         <size>0x1e4</size>
         <input_file_ref idref="fl-2"/>
      </object_component>
      <object_component id="oc-18e">
         <name>.debug_info</name>
         <load_address>0x87b</load_address>
         <run_address>0x87b</run_address>
         <size>0x3b9</size>
         <input_file_ref idref="fl-2"/>
      </object_component>
      <object_component id="oc-c5">
         <name>.debug_info</name>
         <load_address>0xc34</load_address>
         <run_address>0xc34</run_address>
         <size>0x84</size>
         <input_file_ref idref="fl-2"/>
      </object_component>
      <object_component id="oc-185">
         <name>.debug_info</name>
         <load_address>0xcb8</load_address>
         <run_address>0xcb8</run_address>
         <size>0x2c</size>
         <input_file_ref idref="fl-2"/>
      </object_component>
      <object_component id="oc-148">
         <name>.debug_info</name>
         <load_address>0xce4</load_address>
         <run_address>0xce4</run_address>
         <size>0x1f3</size>
         <input_file_ref idref="fl-3"/>
      </object_component>
      <object_component id="oc-19b">
         <name>.debug_info</name>
         <load_address>0xed7</load_address>
         <run_address>0xed7</run_address>
         <size>0x1ac</size>
         <input_file_ref idref="fl-3"/>
      </object_component>
      <object_component id="oc-160">
         <name>.debug_info</name>
         <load_address>0x1083</load_address>
         <run_address>0x1083</run_address>
         <size>0x1fa</size>
         <input_file_ref idref="fl-3"/>
      </object_component>
      <object_component id="oc-dd">
         <name>.debug_info</name>
         <load_address>0x127d</load_address>
         <run_address>0x127d</run_address>
         <size>0x1a1</size>
         <input_file_ref idref="fl-3"/>
      </object_component>
      <object_component id="oc-e3">
         <name>.debug_info</name>
         <load_address>0x141e</load_address>
         <run_address>0x141e</run_address>
         <size>0x1a1</size>
         <input_file_ref idref="fl-3"/>
      </object_component>
      <object_component id="oc-e9">
         <name>.debug_info</name>
         <load_address>0x15bf</load_address>
         <run_address>0x15bf</run_address>
         <size>0x199</size>
         <input_file_ref idref="fl-3"/>
      </object_component>
      <object_component id="oc-20c">
         <name>.debug_info</name>
         <load_address>0x1758</load_address>
         <run_address>0x1758</run_address>
         <size>0x118</size>
         <input_file_ref idref="fl-1e"/>
      </object_component>
      <object_component id="oc-211">
         <name>.debug_info</name>
         <load_address>0x1870</load_address>
         <run_address>0x1870</run_address>
         <size>0x12d</size>
         <input_file_ref idref="fl-1f"/>
      </object_component>
      <object_component id="oc-27a">
         <name>.debug_info</name>
         <load_address>0x199d</load_address>
         <run_address>0x199d</run_address>
         <size>0x119</size>
         <input_file_ref idref="fl-20"/>
      </object_component>
      <object_component id="oc-bc">
         <name>.debug_info</name>
         <load_address>0x1ab6</load_address>
         <run_address>0x1ab6</run_address>
         <size>0x126</size>
         <input_file_ref idref="fl-21"/>
      </object_component>
      <object_component id="oc-209">
         <name>.debug_info</name>
         <load_address>0x1bdc</load_address>
         <run_address>0x1bdc</run_address>
         <size>0x119</size>
         <input_file_ref idref="fl-22"/>
      </object_component>
      <object_component id="oc-1f4">
         <name>.debug_info</name>
         <load_address>0x1cf5</load_address>
         <run_address>0x1cf5</run_address>
         <size>0x125</size>
         <input_file_ref idref="fl-23"/>
      </object_component>
      <object_component id="oc-204">
         <name>.debug_info</name>
         <load_address>0x1e1a</load_address>
         <run_address>0x1e1a</run_address>
         <size>0x122</size>
         <input_file_ref idref="fl-24"/>
      </object_component>
      <object_component id="oc-1f8">
         <name>.debug_info</name>
         <load_address>0x1f3c</load_address>
         <run_address>0x1f3c</run_address>
         <size>0x119</size>
         <input_file_ref idref="fl-25"/>
      </object_component>
      <object_component id="oc-1fe">
         <name>.debug_info</name>
         <load_address>0x2055</load_address>
         <run_address>0x2055</run_address>
         <size>0x12d</size>
         <input_file_ref idref="fl-26"/>
      </object_component>
      <object_component id="oc-d8">
         <name>.debug_info</name>
         <load_address>0x2182</load_address>
         <run_address>0x2182</run_address>
         <size>0x107</size>
         <input_file_ref idref="fl-30"/>
      </object_component>
      <object_component id="oc-b2">
         <name>.debug_info</name>
         <load_address>0x2289</load_address>
         <run_address>0x2289</run_address>
         <size>0x118</size>
         <input_file_ref idref="fl-31"/>
      </object_component>
      <object_component id="oc-258">
         <name>.debug_info</name>
         <load_address>0x23a1</load_address>
         <run_address>0x23a1</run_address>
         <size>0x11e</size>
         <input_file_ref idref="fl-32"/>
      </object_component>
      <object_component id="oc-b7">
         <name>.debug_info</name>
         <load_address>0x24bf</load_address>
         <run_address>0x24bf</run_address>
         <size>0x118</size>
         <input_file_ref idref="fl-33"/>
      </object_component>
      <object_component id="oc-25e">
         <name>.debug_info</name>
         <load_address>0x25d7</load_address>
         <run_address>0x25d7</run_address>
         <size>0x11e</size>
         <input_file_ref idref="fl-34"/>
      </object_component>
      <object_component id="oc-271">
         <name>.debug_info</name>
         <load_address>0x26f5</load_address>
         <run_address>0x26f5</run_address>
         <size>0x1c4</size>
         <input_file_ref idref="fl-35"/>
      </object_component>
      <object_component id="oc-1ed">
         <name>.debug_info</name>
         <load_address>0x28b9</load_address>
         <run_address>0x28b9</run_address>
         <size>0x1cd</size>
         <input_file_ref idref="fl-35"/>
      </object_component>
      <object_component id="oc-26f">
         <name>.debug_info</name>
         <load_address>0x2a86</load_address>
         <run_address>0x2a86</run_address>
         <size>0x201</size>
         <input_file_ref idref="fl-36"/>
      </object_component>
      <object_component id="oc-1e8">
         <name>.debug_info</name>
         <load_address>0x2c87</load_address>
         <run_address>0x2c87</run_address>
         <size>0x27f</size>
         <input_file_ref idref="fl-36"/>
      </object_component>
      <object_component id="oc-26a">
         <name>.debug_info</name>
         <load_address>0x2f06</load_address>
         <run_address>0x2f06</run_address>
         <size>0x94</size>
         <input_file_ref idref="fl-36"/>
      </object_component>
      <object_component id="oc-262">
         <name>.debug_info</name>
         <load_address>0x2f9a</load_address>
         <run_address>0x2f9a</run_address>
         <size>0x1ca</size>
         <input_file_ref idref="fl-37"/>
      </object_component>
      <object_component id="oc-1e2">
         <name>.debug_info</name>
         <load_address>0x3164</load_address>
         <run_address>0x3164</run_address>
         <size>0x1d8</size>
         <input_file_ref idref="fl-37"/>
      </object_component>
      <object_component id="oc-2ca">
         <name>.debug_info</name>
         <load_address>0x333c</load_address>
         <run_address>0x333c</run_address>
         <size>0x1d1</size>
         <input_file_ref idref="fl-38"/>
      </object_component>
      <object_component id="oc-267">
         <name>.debug_info</name>
         <load_address>0x350d</load_address>
         <run_address>0x350d</run_address>
         <size>0x5c4</size>
         <input_file_ref idref="fl-38"/>
      </object_component>
      <object_component id="oc-ad">
         <name>.debug_info</name>
         <load_address>0x3ad1</load_address>
         <run_address>0x3ad1</run_address>
         <size>0xf5</size>
         <input_file_ref idref="fl-39"/>
      </object_component>
      <object_component id="oc-103">
         <name>.debug_info</name>
         <load_address>0x3bc6</load_address>
         <run_address>0x3bc6</run_address>
         <size>0x16f</size>
         <input_file_ref idref="fl-39"/>
      </object_component>
      <object_component id="oc-23d">
         <name>.debug_info</name>
         <load_address>0x3d35</load_address>
         <run_address>0x3d35</run_address>
         <size>0x3d3</size>
         <input_file_ref idref="fl-3a"/>
      </object_component>
      <object_component id="oc-1ae">
         <name>.debug_info</name>
         <load_address>0x4108</load_address>
         <run_address>0x4108</run_address>
         <size>0x1d5</size>
         <input_file_ref idref="fl-3a"/>
      </object_component>
      <object_component id="oc-2aa">
         <name>.debug_info</name>
         <load_address>0x42dd</load_address>
         <run_address>0x42dd</run_address>
         <size>0x39</size>
         <input_file_ref idref="fl-3a"/>
      </object_component>
      <object_component id="oc-248">
         <name>.debug_info</name>
         <load_address>0x4316</load_address>
         <run_address>0x4316</run_address>
         <size>0x2c</size>
         <input_file_ref idref="fl-3a"/>
      </object_component>
      <object_component id="oc-2af">
         <name>.debug_info</name>
         <load_address>0x4342</load_address>
         <run_address>0x4342</run_address>
         <size>0xcd</size>
         <input_file_ref idref="fl-3a"/>
      </object_component>
      <object_component id="oc-157">
         <name>.debug_info</name>
         <load_address>0x440f</load_address>
         <run_address>0x440f</run_address>
         <size>0x16a</size>
         <input_file_ref idref="fl-3b"/>
      </object_component>
      <object_component id="oc-f0">
         <name>.debug_info</name>
         <load_address>0x4579</load_address>
         <run_address>0x4579</run_address>
         <size>0x1c7</size>
         <input_file_ref idref="fl-3b"/>
      </object_component>
      <object_component id="oc-152">
         <name>.debug_info</name>
         <load_address>0x4740</load_address>
         <run_address>0x4740</run_address>
         <size>0x46</size>
         <input_file_ref idref="fl-3b"/>
      </object_component>
      <object_component id="oc-137">
         <name>.debug_info</name>
         <load_address>0x4786</load_address>
         <run_address>0x4786</run_address>
         <size>0x2c</size>
         <input_file_ref idref="fl-3b"/>
      </object_component>
      <object_component id="oc-15b">
         <name>.debug_info</name>
         <load_address>0x47b2</load_address>
         <run_address>0x47b2</run_address>
         <size>0x148</size>
         <input_file_ref idref="fl-3f"/>
      </object_component>
      <object_component id="oc-238">
         <name>.debug_info</name>
         <load_address>0x48fa</load_address>
         <run_address>0x48fa</run_address>
         <size>0x145</size>
         <input_file_ref idref="fl-40"/>
      </object_component>
      <object_component id="oc-d6">
         <name>.debug_info</name>
         <load_address>0x4a3f</load_address>
         <run_address>0x4a3f</run_address>
         <size>0x1bc</size>
         <input_file_ref idref="fl-41"/>
      </object_component>
      <object_component id="oc-3a">
         <name>.debug_info</name>
         <load_address>0x4bfb</load_address>
         <run_address>0x4bfb</run_address>
         <size>0x1df</size>
         <input_file_ref idref="fl-41"/>
      </object_component>
      <object_component id="oc-d1">
         <name>.debug_info</name>
         <load_address>0x4dda</load_address>
         <run_address>0x4dda</run_address>
         <size>0x46</size>
         <input_file_ref idref="fl-41"/>
      </object_component>
      <object_component id="oc-13c">
         <name>.debug_info</name>
         <load_address>0x4e20</load_address>
         <run_address>0x4e20</run_address>
         <size>0x2c</size>
         <input_file_ref idref="fl-41"/>
      </object_component>
      <object_component id="oc-134">
         <name>.debug_info</name>
         <load_address>0x4e4c</load_address>
         <run_address>0x4e4c</run_address>
         <size>0x16b</size>
         <input_file_ref idref="fl-42"/>
      </object_component>
      <object_component id="oc-33">
         <name>.debug_info</name>
         <load_address>0x4fb7</load_address>
         <run_address>0x4fb7</run_address>
         <size>0x287</size>
         <input_file_ref idref="fl-42"/>
      </object_component>
      <object_component id="oc-c0">
         <name>.debug_info</name>
         <load_address>0x523e</load_address>
         <run_address>0x523e</run_address>
         <size>0x60</size>
         <input_file_ref idref="fl-42"/>
      </object_component>
      <object_component id="oc-12f">
         <name>.debug_info</name>
         <load_address>0x529e</load_address>
         <run_address>0x529e</run_address>
         <size>0x46</size>
         <input_file_ref idref="fl-42"/>
      </object_component>
      <object_component id="oc-1a3">
         <name>.debug_info</name>
         <load_address>0x52e4</load_address>
         <run_address>0x52e4</run_address>
         <size>0x117</size>
         <input_file_ref idref="fl-43"/>
      </object_component>
      <object_component id="oc-136">
         <name>.debug_info</name>
         <load_address>0x53fb</load_address>
         <run_address>0x53fb</run_address>
         <size>0x176</size>
         <input_file_ref idref="fl-46"/>
      </object_component>
      <object_component id="oc-cd">
         <name>.debug_info</name>
         <load_address>0x5571</load_address>
         <run_address>0x5571</run_address>
         <size>0x16f</size>
         <input_file_ref idref="fl-46"/>
      </object_component>
      <object_component id="oc-291">
         <name>.debug_info</name>
         <load_address>0x56e0</load_address>
         <run_address>0x56e0</run_address>
         <size>0x247</size>
         <input_file_ref idref="fl-47"/>
      </object_component>
      <object_component id="oc-217">
         <name>.debug_info</name>
         <load_address>0x5927</load_address>
         <run_address>0x5927</run_address>
         <size>0x1ef</size>
         <input_file_ref idref="fl-47"/>
      </object_component>
      <object_component id="oc-27f">
         <name>.debug_info</name>
         <load_address>0x5b16</load_address>
         <run_address>0x5b16</run_address>
         <size>0x190</size>
         <input_file_ref idref="fl-47"/>
      </object_component>
      <object_component id="oc-286">
         <name>.debug_info</name>
         <load_address>0x5ca6</load_address>
         <run_address>0x5ca6</run_address>
         <size>0x165</size>
         <input_file_ref idref="fl-47"/>
      </object_component>
      <object_component id="oc-2e7">
         <name>.debug_info</name>
         <load_address>0x5e0b</load_address>
         <run_address>0x5e0b</run_address>
         <size>0x2c</size>
         <input_file_ref idref="fl-47"/>
      </object_component>
      <object_component id="oc-2c5">
         <name>.debug_info</name>
         <load_address>0x5e37</load_address>
         <run_address>0x5e37</run_address>
         <size>0x11e</size>
         <input_file_ref idref="fl-48"/>
      </object_component>
      <object_component id="oc-2b7">
         <name>.debug_info</name>
         <load_address>0x5f55</load_address>
         <run_address>0x5f55</run_address>
         <size>0x119</size>
         <input_file_ref idref="fl-49"/>
      </object_component>
      <object_component id="oc-2c0">
         <name>.debug_info</name>
         <load_address>0x606e</load_address>
         <run_address>0x606e</run_address>
         <size>0x119</size>
         <input_file_ref idref="fl-4a"/>
      </object_component>
      <object_component id="oc-2df">
         <name>.debug_info</name>
         <load_address>0x6187</load_address>
         <run_address>0x6187</run_address>
         <size>0x369</size>
         <input_file_ref idref="fl-4c"/>
      </object_component>
      <object_component id="oc-307">
         <name>.debug_info</name>
         <load_address>0x64f0</load_address>
         <run_address>0x64f0</run_address>
         <size>0x2bc</size>
         <input_file_ref idref="fl-4c"/>
      </object_component>
      <object_component id="oc-2d9">
         <name>.debug_info</name>
         <load_address>0x67ac</load_address>
         <run_address>0x67ac</run_address>
         <size>0x284</size>
         <input_file_ref idref="fl-4c"/>
      </object_component>
      <object_component id="oc-28b">
         <name>.debug_info</name>
         <load_address>0x6a30</load_address>
         <run_address>0x6a30</run_address>
         <size>0x2db</size>
         <input_file_ref idref="fl-4c"/>
      </object_component>
      <object_component id="oc-2e0">
         <name>.debug_info</name>
         <load_address>0x6d0b</load_address>
         <run_address>0x6d0b</run_address>
         <size>0x86</size>
         <input_file_ref idref="fl-4c"/>
      </object_component>
      <object_component id="oc-31a">
         <name>.debug_info</name>
         <load_address>0x6d91</load_address>
         <run_address>0x6d91</run_address>
         <size>0x39</size>
         <input_file_ref idref="fl-4c"/>
      </object_component>
      <object_component id="oc-320">
         <name>.debug_info</name>
         <load_address>0x6dca</load_address>
         <run_address>0x6dca</run_address>
         <size>0x163</size>
         <input_file_ref idref="fl-4d"/>
      </object_component>
      <object_component id="oc-310">
         <name>.debug_info</name>
         <load_address>0x6f2d</load_address>
         <run_address>0x6f2d</run_address>
         <size>0x1ab</size>
         <input_file_ref idref="fl-4d"/>
      </object_component>
      <object_component id="oc-318">
         <name>.debug_info</name>
         <load_address>0x70d8</load_address>
         <run_address>0x70d8</run_address>
         <size>0x162</size>
         <input_file_ref idref="fl-4e"/>
      </object_component>
      <object_component id="oc-302">
         <name>.debug_info</name>
         <load_address>0x723a</load_address>
         <run_address>0x723a</run_address>
         <size>0x25a</size>
         <input_file_ref idref="fl-4e"/>
      </object_component>
      <object_component id="oc-2fe">
         <name>.debug_info</name>
         <load_address>0x7494</load_address>
         <run_address>0x7494</run_address>
         <size>0x157</size>
         <input_file_ref idref="fl-4f"/>
      </object_component>
      <object_component id="oc-2d3">
         <name>.debug_info</name>
         <load_address>0x75eb</load_address>
         <run_address>0x75eb</run_address>
         <size>0x215</size>
         <input_file_ref idref="fl-4f"/>
      </object_component>
      <object_component id="oc-365">
         <name>.debug_info</name>
         <load_address>0x7800</load_address>
         <run_address>0x7800</run_address>
         <size>0xaf</size>
      </object_component>
      <object_component id="oc-184">
         <name>.debug_line</name>
         <load_address>0x0</load_address>
         <run_address>0x0</run_address>
         <size>0xc3</size>
         <input_file_ref idref="fl-2"/>
      </object_component>
      <object_component id="oc-180">
         <name>.debug_line</name>
         <load_address>0xc3</load_address>
         <run_address>0xc3</run_address>
         <size>0x5d</size>
         <input_file_ref idref="fl-2"/>
      </object_component>
      <object_component id="oc-221">
         <name>.debug_line</name>
         <load_address>0x120</load_address>
         <run_address>0x120</run_address>
         <size>0x7e</size>
         <input_file_ref idref="fl-2"/>
      </object_component>
      <object_component id="oc-198">
         <name>.debug_line</name>
         <load_address>0x19e</load_address>
         <run_address>0x19e</run_address>
         <size>0x76</size>
         <input_file_ref idref="fl-2"/>
      </object_component>
      <object_component id="oc-191">
         <name>.debug_line</name>
         <load_address>0x214</load_address>
         <run_address>0x214</run_address>
         <size>0x94</size>
         <input_file_ref idref="fl-2"/>
      </object_component>
      <object_component id="oc-c8">
         <name>.debug_line</name>
         <load_address>0x2a8</load_address>
         <run_address>0x2a8</run_address>
         <size>0x20</size>
         <input_file_ref idref="fl-2"/>
      </object_component>
      <object_component id="oc-188">
         <name>.debug_line</name>
         <load_address>0x2c8</load_address>
         <run_address>0x2c8</run_address>
         <size>0x52</size>
         <input_file_ref idref="fl-2"/>
      </object_component>
      <object_component id="oc-182">
         <name>.debug_line</name>
         <load_address>0x31a</load_address>
         <run_address>0x31a</run_address>
         <size>0x96</size>
         <input_file_ref idref="fl-3"/>
      </object_component>
      <object_component id="oc-19f">
         <name>.debug_line</name>
         <load_address>0x3b0</load_address>
         <run_address>0x3b0</run_address>
         <size>0x7c</size>
         <input_file_ref idref="fl-3"/>
      </object_component>
      <object_component id="oc-164">
         <name>.debug_line</name>
         <load_address>0x42c</load_address>
         <run_address>0x42c</run_address>
         <size>0xb8</size>
         <input_file_ref idref="fl-3"/>
      </object_component>
      <object_component id="oc-e0">
         <name>.debug_line</name>
         <load_address>0x4e4</load_address>
         <run_address>0x4e4</run_address>
         <size>0xa5</size>
         <input_file_ref idref="fl-3"/>
      </object_component>
      <object_component id="oc-e7">
         <name>.debug_line</name>
         <load_address>0x589</load_address>
         <run_address>0x589</run_address>
         <size>0x7d</size>
         <input_file_ref idref="fl-3"/>
      </object_component>
      <object_component id="oc-ec">
         <name>.debug_line</name>
         <load_address>0x606</load_address>
         <run_address>0x606</run_address>
         <size>0x79</size>
         <input_file_ref idref="fl-3"/>
      </object_component>
      <object_component id="oc-20f">
         <name>.debug_line</name>
         <load_address>0x67f</load_address>
         <run_address>0x67f</run_address>
         <size>0x4e</size>
         <input_file_ref idref="fl-1e"/>
      </object_component>
      <object_component id="oc-214">
         <name>.debug_line</name>
         <load_address>0x6cd</load_address>
         <run_address>0x6cd</run_address>
         <size>0x4d</size>
         <input_file_ref idref="fl-1f"/>
      </object_component>
      <object_component id="oc-27c">
         <name>.debug_line</name>
         <load_address>0x71a</load_address>
         <run_address>0x71a</run_address>
         <size>0x43</size>
         <input_file_ref idref="fl-20"/>
      </object_component>
      <object_component id="oc-bb">
         <name>.debug_line</name>
         <load_address>0x75d</load_address>
         <run_address>0x75d</run_address>
         <size>0x40</size>
         <input_file_ref idref="fl-21"/>
      </object_component>
      <object_component id="oc-207">
         <name>.debug_line</name>
         <load_address>0x79d</load_address>
         <run_address>0x79d</run_address>
         <size>0xbb</size>
         <input_file_ref idref="fl-22"/>
      </object_component>
      <object_component id="oc-1f6">
         <name>.debug_line</name>
         <load_address>0x858</load_address>
         <run_address>0x858</run_address>
         <size>0x5e</size>
         <input_file_ref idref="fl-23"/>
      </object_component>
      <object_component id="oc-202">
         <name>.debug_line</name>
         <load_address>0x8b6</load_address>
         <run_address>0x8b6</run_address>
         <size>0x55</size>
         <input_file_ref idref="fl-24"/>
      </object_component>
      <object_component id="oc-1fb">
         <name>.debug_line</name>
         <load_address>0x90b</load_address>
         <run_address>0x90b</run_address>
         <size>0x94</size>
         <input_file_ref idref="fl-25"/>
      </object_component>
      <object_component id="oc-200">
         <name>.debug_line</name>
         <load_address>0x99f</load_address>
         <run_address>0x99f</run_address>
         <size>0x68</size>
         <input_file_ref idref="fl-26"/>
      </object_component>
      <object_component id="oc-db">
         <name>.debug_line</name>
         <load_address>0xa07</load_address>
         <run_address>0xa07</run_address>
         <size>0x3d</size>
         <input_file_ref idref="fl-30"/>
      </object_component>
      <object_component id="oc-b1">
         <name>.debug_line</name>
         <load_address>0xa44</load_address>
         <run_address>0xa44</run_address>
         <size>0x4e</size>
         <input_file_ref idref="fl-31"/>
      </object_component>
      <object_component id="oc-25b">
         <name>.debug_line</name>
         <load_address>0xa92</load_address>
         <run_address>0xa92</run_address>
         <size>0x56</size>
         <input_file_ref idref="fl-32"/>
      </object_component>
      <object_component id="oc-b6">
         <name>.debug_line</name>
         <load_address>0xae8</load_address>
         <run_address>0xae8</run_address>
         <size>0x5e</size>
         <input_file_ref idref="fl-33"/>
      </object_component>
      <object_component id="oc-25d">
         <name>.debug_line</name>
         <load_address>0xb46</load_address>
         <run_address>0xb46</run_address>
         <size>0x65</size>
         <input_file_ref idref="fl-34"/>
      </object_component>
      <object_component id="oc-2ce">
         <name>.debug_line</name>
         <load_address>0xbab</load_address>
         <run_address>0xbab</run_address>
         <size>0x20</size>
         <input_file_ref idref="fl-35"/>
      </object_component>
      <object_component id="oc-1f0">
         <name>.debug_line</name>
         <load_address>0xbcb</load_address>
         <run_address>0xbcb</run_address>
         <size>0x6c</size>
         <input_file_ref idref="fl-35"/>
      </object_component>
      <object_component id="oc-2cc">
         <name>.debug_line</name>
         <load_address>0xc37</load_address>
         <run_address>0xc37</run_address>
         <size>0x2d</size>
         <input_file_ref idref="fl-36"/>
      </object_component>
      <object_component id="oc-1e7">
         <name>.debug_line</name>
         <load_address>0xc64</load_address>
         <run_address>0xc64</run_address>
         <size>0xe9</size>
         <input_file_ref idref="fl-36"/>
      </object_component>
      <object_component id="oc-26d">
         <name>.debug_line</name>
         <load_address>0xd4d</load_address>
         <run_address>0xd4d</run_address>
         <size>0x2e</size>
         <input_file_ref idref="fl-36"/>
      </object_component>
      <object_component id="oc-2be">
         <name>.debug_line</name>
         <load_address>0xd7b</load_address>
         <run_address>0xd7b</run_address>
         <size>0x20</size>
         <input_file_ref idref="fl-37"/>
      </object_component>
      <object_component id="oc-1e4">
         <name>.debug_line</name>
         <load_address>0xd9b</load_address>
         <run_address>0xd9b</run_address>
         <size>0x71</size>
         <input_file_ref idref="fl-37"/>
      </object_component>
      <object_component id="oc-2fc">
         <name>.debug_line</name>
         <load_address>0xe0c</load_address>
         <run_address>0xe0c</run_address>
         <size>0x20</size>
         <input_file_ref idref="fl-38"/>
      </object_component>
      <object_component id="oc-266">
         <name>.debug_line</name>
         <load_address>0xe2c</load_address>
         <run_address>0xe2c</run_address>
         <size>0xdc</size>
         <input_file_ref idref="fl-38"/>
      </object_component>
      <object_component id="oc-12b">
         <name>.debug_line</name>
         <load_address>0xf08</load_address>
         <run_address>0xf08</run_address>
         <size>0x2a</size>
         <input_file_ref idref="fl-39"/>
      </object_component>
      <object_component id="oc-102">
         <name>.debug_line</name>
         <load_address>0xf32</load_address>
         <run_address>0xf32</run_address>
         <size>0x46</size>
         <input_file_ref idref="fl-39"/>
      </object_component>
      <object_component id="oc-2a9">
         <name>.debug_line</name>
         <load_address>0xf78</load_address>
         <run_address>0xf78</run_address>
         <size>0xb7</size>
         <input_file_ref idref="fl-3a"/>
      </object_component>
      <object_component id="oc-1b1">
         <name>.debug_line</name>
         <load_address>0x102f</load_address>
         <run_address>0x102f</run_address>
         <size>0x73</size>
         <input_file_ref idref="fl-3a"/>
      </object_component>
      <object_component id="oc-2ad">
         <name>.debug_line</name>
         <load_address>0x10a2</load_address>
         <run_address>0x10a2</run_address>
         <size>0x2e</size>
         <input_file_ref idref="fl-3a"/>
      </object_component>
      <object_component id="oc-24b">
         <name>.debug_line</name>
         <load_address>0x10d0</load_address>
         <run_address>0x10d0</run_address>
         <size>0x8a</size>
         <input_file_ref idref="fl-3a"/>
      </object_component>
      <object_component id="oc-2b2">
         <name>.debug_line</name>
         <load_address>0x115a</load_address>
         <run_address>0x115a</run_address>
         <size>0x8b</size>
         <input_file_ref idref="fl-3a"/>
      </object_component>
      <object_component id="oc-18b">
         <name>.debug_line</name>
         <load_address>0x11e5</load_address>
         <run_address>0x11e5</run_address>
         <size>0x20</size>
         <input_file_ref idref="fl-3b"/>
      </object_component>
      <object_component id="oc-f3">
         <name>.debug_line</name>
         <load_address>0x1205</load_address>
         <run_address>0x1205</run_address>
         <size>0x4d</size>
         <input_file_ref idref="fl-3b"/>
      </object_component>
      <object_component id="oc-155">
         <name>.debug_line</name>
         <load_address>0x1252</load_address>
         <run_address>0x1252</run_address>
         <size>0x34</size>
         <input_file_ref idref="fl-3b"/>
      </object_component>
      <object_component id="oc-13a">
         <name>.debug_line</name>
         <load_address>0x1286</load_address>
         <run_address>0x1286</run_address>
         <size>0x8a</size>
         <input_file_ref idref="fl-3b"/>
      </object_component>
      <object_component id="oc-15e">
         <name>.debug_line</name>
         <load_address>0x1310</load_address>
         <run_address>0x1310</run_address>
         <size>0x3e</size>
         <input_file_ref idref="fl-3f"/>
      </object_component>
      <object_component id="oc-237">
         <name>.debug_line</name>
         <load_address>0x134e</load_address>
         <run_address>0x134e</run_address>
         <size>0x3a</size>
         <input_file_ref idref="fl-40"/>
      </object_component>
      <object_component id="oc-142">
         <name>.debug_line</name>
         <load_address>0x1388</load_address>
         <run_address>0x1388</run_address>
         <size>0x8a</size>
         <input_file_ref idref="fl-41"/>
      </object_component>
      <object_component id="oc-38">
         <name>.debug_line</name>
         <load_address>0x1412</load_address>
         <run_address>0x1412</run_address>
         <size>0x50</size>
         <input_file_ref idref="fl-41"/>
      </object_component>
      <object_component id="oc-d4">
         <name>.debug_line</name>
         <load_address>0x1462</load_address>
         <run_address>0x1462</run_address>
         <size>0x3a</size>
         <input_file_ref idref="fl-41"/>
      </object_component>
      <object_component id="oc-13f">
         <name>.debug_line</name>
         <load_address>0x149c</load_address>
         <run_address>0x149c</run_address>
         <size>0x8a</size>
         <input_file_ref idref="fl-41"/>
      </object_component>
      <object_component id="oc-17c">
         <name>.debug_line</name>
         <load_address>0x1526</load_address>
         <run_address>0x1526</run_address>
         <size>0x20</size>
         <input_file_ref idref="fl-42"/>
      </object_component>
      <object_component id="oc-31">
         <name>.debug_line</name>
         <load_address>0x1546</load_address>
         <run_address>0x1546</run_address>
         <size>0x92</size>
         <input_file_ref idref="fl-42"/>
      </object_component>
      <object_component id="oc-c3">
         <name>.debug_line</name>
         <load_address>0x15d8</load_address>
         <run_address>0x15d8</run_address>
         <size>0x3a</size>
         <input_file_ref idref="fl-42"/>
      </object_component>
      <object_component id="oc-132">
         <name>.debug_line</name>
         <load_address>0x1612</load_address>
         <run_address>0x1612</run_address>
         <size>0x8a</size>
         <input_file_ref idref="fl-42"/>
      </object_component>
      <object_component id="oc-1a6">
         <name>.debug_line</name>
         <load_address>0x169c</load_address>
         <run_address>0x169c</run_address>
         <size>0x3d</size>
         <input_file_ref idref="fl-43"/>
      </object_component>
      <object_component id="oc-17e">
         <name>.debug_line</name>
         <load_address>0x16d9</load_address>
         <run_address>0x16d9</run_address>
         <size>0x20</size>
         <input_file_ref idref="fl-46"/>
      </object_component>
      <object_component id="oc-cf">
         <name>.debug_line</name>
         <load_address>0x16f9</load_address>
         <run_address>0x16f9</run_address>
         <size>0x42</size>
         <input_file_ref idref="fl-46"/>
      </object_component>
      <object_component id="oc-2e6">
         <name>.debug_line</name>
         <load_address>0x173b</load_address>
         <run_address>0x173b</run_address>
         <size>0x98</size>
         <input_file_ref idref="fl-47"/>
      </object_component>
      <object_component id="oc-21b">
         <name>.debug_line</name>
         <load_address>0x17d3</load_address>
         <run_address>0x17d3</run_address>
         <size>0x48</size>
         <input_file_ref idref="fl-47"/>
      </object_component>
      <object_component id="oc-282">
         <name>.debug_line</name>
         <load_address>0x181b</load_address>
         <run_address>0x181b</run_address>
         <size>0x43</size>
         <input_file_ref idref="fl-47"/>
      </object_component>
      <object_component id="oc-289">
         <name>.debug_line</name>
         <load_address>0x185e</load_address>
         <run_address>0x185e</run_address>
         <size>0x3e</size>
         <input_file_ref idref="fl-47"/>
      </object_component>
      <object_component id="oc-2ea">
         <name>.debug_line</name>
         <load_address>0x189c</load_address>
         <run_address>0x189c</run_address>
         <size>0x89</size>
         <input_file_ref idref="fl-47"/>
      </object_component>
      <object_component id="oc-2c8">
         <name>.debug_line</name>
         <load_address>0x1925</load_address>
         <run_address>0x1925</run_address>
         <size>0x56</size>
         <input_file_ref idref="fl-48"/>
      </object_component>
      <object_component id="oc-2b5">
         <name>.debug_line</name>
         <load_address>0x197b</load_address>
         <run_address>0x197b</run_address>
         <size>0x42</size>
         <input_file_ref idref="fl-49"/>
      </object_component>
      <object_component id="oc-2c3">
         <name>.debug_line</name>
         <load_address>0x19bd</load_address>
         <run_address>0x19bd</run_address>
         <size>0x4b</size>
         <input_file_ref idref="fl-4a"/>
      </object_component>
      <object_component id="oc-314">
         <name>.debug_line</name>
         <load_address>0x1a08</load_address>
         <run_address>0x1a08</run_address>
         <size>0x98</size>
         <input_file_ref idref="fl-4c"/>
      </object_component>
      <object_component id="oc-30a">
         <name>.debug_line</name>
         <load_address>0x1aa0</load_address>
         <run_address>0x1aa0</run_address>
         <size>0x117</size>
         <input_file_ref idref="fl-4c"/>
      </object_component>
      <object_component id="oc-2dc">
         <name>.debug_line</name>
         <load_address>0x1bb7</load_address>
         <run_address>0x1bb7</run_address>
         <size>0x97</size>
         <input_file_ref idref="fl-4c"/>
      </object_component>
      <object_component id="oc-28e">
         <name>.debug_line</name>
         <load_address>0x1c4e</load_address>
         <run_address>0x1c4e</run_address>
         <size>0x93</size>
         <input_file_ref idref="fl-4c"/>
      </object_component>
      <object_component id="oc-2e3">
         <name>.debug_line</name>
         <load_address>0x1ce1</load_address>
         <run_address>0x1ce1</run_address>
         <size>0x8a</size>
         <input_file_ref idref="fl-4c"/>
      </object_component>
      <object_component id="oc-31d">
         <name>.debug_line</name>
         <load_address>0x1d6b</load_address>
         <run_address>0x1d6b</run_address>
         <size>0x2e</size>
         <input_file_ref idref="fl-4c"/>
      </object_component>
      <object_component id="oc-324">
         <name>.debug_line</name>
         <load_address>0x1d99</load_address>
         <run_address>0x1d99</run_address>
         <size>0x20</size>
         <input_file_ref idref="fl-4d"/>
      </object_component>
      <object_component id="oc-30f">
         <name>.debug_line</name>
         <load_address>0x1db9</load_address>
         <run_address>0x1db9</run_address>
         <size>0x48</size>
         <input_file_ref idref="fl-4d"/>
      </object_component>
      <object_component id="oc-322">
         <name>.debug_line</name>
         <load_address>0x1e01</load_address>
         <run_address>0x1e01</run_address>
         <size>0x20</size>
         <input_file_ref idref="fl-4e"/>
      </object_component>
      <object_component id="oc-301">
         <name>.debug_line</name>
         <load_address>0x1e21</load_address>
         <run_address>0x1e21</run_address>
         <size>0xa6</size>
         <input_file_ref idref="fl-4e"/>
      </object_component>
      <object_component id="oc-316">
         <name>.debug_line</name>
         <load_address>0x1ec7</load_address>
         <run_address>0x1ec7</run_address>
         <size>0x20</size>
         <input_file_ref idref="fl-4f"/>
      </object_component>
      <object_component id="oc-2d6">
         <name>.debug_line</name>
         <load_address>0x1ee7</load_address>
         <run_address>0x1ee7</run_address>
         <size>0xa4</size>
         <input_file_ref idref="fl-4f"/>
      </object_component>
      <object_component id="oc-220">
         <name>.debug_frame</name>
         <load_address>0x0</load_address>
         <run_address>0x0</run_address>
         <size>0x3c</size>
         <input_file_ref idref="fl-2"/>
      </object_component>
      <object_component id="oc-199">
         <name>.debug_frame</name>
         <load_address>0x3c</load_address>
         <run_address>0x3c</run_address>
         <size>0x3c</size>
         <input_file_ref idref="fl-2"/>
      </object_component>
      <object_component id="oc-192">
         <name>.debug_frame</name>
         <load_address>0x78</load_address>
         <run_address>0x78</run_address>
         <size>0x50</size>
         <input_file_ref idref="fl-2"/>
      </object_component>
      <object_component id="oc-19e">
         <name>.debug_frame</name>
         <load_address>0xc8</load_address>
         <run_address>0xc8</run_address>
         <size>0x3c</size>
         <input_file_ref idref="fl-3"/>
      </object_component>
      <object_component id="oc-163">
         <name>.debug_frame</name>
         <load_address>0x104</load_address>
         <run_address>0x104</run_address>
         <size>0x40</size>
         <input_file_ref idref="fl-3"/>
      </object_component>
      <object_component id="oc-e1">
         <name>.debug_frame</name>
         <load_address>0x144</load_address>
         <run_address>0x144</run_address>
         <size>0x44</size>
         <input_file_ref idref="fl-3"/>
      </object_component>
      <object_component id="oc-e6">
         <name>.debug_frame</name>
         <load_address>0x188</load_address>
         <run_address>0x188</run_address>
         <size>0x3c</size>
         <input_file_ref idref="fl-3"/>
      </object_component>
      <object_component id="oc-ed">
         <name>.debug_frame</name>
         <load_address>0x1c4</load_address>
         <run_address>0x1c4</run_address>
         <size>0x3c</size>
         <input_file_ref idref="fl-3"/>
      </object_component>
      <object_component id="oc-1f1">
         <name>.debug_frame</name>
         <load_address>0x200</load_address>
         <run_address>0x200</run_address>
         <size>0x44</size>
         <input_file_ref idref="fl-35"/>
      </object_component>
      <object_component id="oc-1eb">
         <name>.debug_frame</name>
         <load_address>0x244</load_address>
         <run_address>0x244</run_address>
         <size>0x68</size>
         <input_file_ref idref="fl-36"/>
      </object_component>
      <object_component id="oc-1e5">
         <name>.debug_frame</name>
         <load_address>0x2ac</load_address>
         <run_address>0x2ac</run_address>
         <size>0x44</size>
         <input_file_ref idref="fl-37"/>
      </object_component>
      <object_component id="oc-264">
         <name>.debug_frame</name>
         <load_address>0x2f0</load_address>
         <run_address>0x2f0</run_address>
         <size>0x78</size>
         <input_file_ref idref="fl-38"/>
      </object_component>
      <object_component id="oc-101">
         <name>.debug_frame</name>
         <load_address>0x368</load_address>
         <run_address>0x368</run_address>
         <size>0x34</size>
         <input_file_ref idref="fl-39"/>
      </object_component>
      <object_component id="oc-1b2">
         <name>.debug_frame</name>
         <load_address>0x39c</load_address>
         <run_address>0x39c</run_address>
         <size>0x44</size>
         <input_file_ref idref="fl-3a"/>
      </object_component>
      <object_component id="oc-ef">
         <name>.debug_frame</name>
         <load_address>0x3e0</load_address>
         <run_address>0x3e0</run_address>
         <size>0x3c</size>
         <input_file_ref idref="fl-3b"/>
      </object_component>
      <object_component id="oc-15d">
         <name>.debug_frame</name>
         <load_address>0x41c</load_address>
         <run_address>0x41c</run_address>
         <size>0x3c</size>
         <input_file_ref idref="fl-3f"/>
      </object_component>
      <object_component id="oc-23b">
         <name>.debug_frame</name>
         <load_address>0x458</load_address>
         <run_address>0x458</run_address>
         <size>0x3c</size>
         <input_file_ref idref="fl-40"/>
      </object_component>
      <object_component id="oc-37">
         <name>.debug_frame</name>
         <load_address>0x494</load_address>
         <run_address>0x494</run_address>
         <size>0x3c</size>
         <input_file_ref idref="fl-41"/>
      </object_component>
      <object_component id="oc-32">
         <name>.debug_frame</name>
         <load_address>0x4d0</load_address>
         <run_address>0x4d0</run_address>
         <size>0x48</size>
         <input_file_ref idref="fl-42"/>
      </object_component>
      <object_component id="oc-1a5">
         <name>.debug_frame</name>
         <load_address>0x518</load_address>
         <run_address>0x518</run_address>
         <size>0x3c</size>
         <input_file_ref idref="fl-43"/>
      </object_component>
      <object_component id="oc-cb">
         <name>.debug_frame</name>
         <load_address>0x554</load_address>
         <run_address>0x554</run_address>
         <size>0x3c</size>
         <input_file_ref idref="fl-46"/>
      </object_component>
      <object_component id="oc-21a">
         <name>.debug_frame</name>
         <load_address>0x590</load_address>
         <run_address>0x590</run_address>
         <size>0x40</size>
         <input_file_ref idref="fl-47"/>
      </object_component>
      <object_component id="oc-283">
         <name>.debug_frame</name>
         <load_address>0x5d0</load_address>
         <run_address>0x5d0</run_address>
         <size>0x44</size>
         <input_file_ref idref="fl-47"/>
      </object_component>
      <object_component id="oc-285">
         <name>.debug_frame</name>
         <load_address>0x614</load_address>
         <run_address>0x614</run_address>
         <size>0x3c</size>
         <input_file_ref idref="fl-47"/>
      </object_component>
      <object_component id="oc-30b">
         <name>.debug_frame</name>
         <load_address>0x650</load_address>
         <run_address>0x650</run_address>
         <size>0x4c</size>
         <input_file_ref idref="fl-4c"/>
      </object_component>
      <object_component id="oc-2dd">
         <name>.debug_frame</name>
         <load_address>0x69c</load_address>
         <run_address>0x69c</run_address>
         <size>0x5c</size>
         <input_file_ref idref="fl-4c"/>
      </object_component>
      <object_component id="oc-28f">
         <name>.debug_frame</name>
         <load_address>0x6f8</load_address>
         <run_address>0x6f8</run_address>
         <size>0x64</size>
         <input_file_ref idref="fl-4c"/>
      </object_component>
      <object_component id="oc-30d">
         <name>.debug_frame</name>
         <load_address>0x75c</load_address>
         <run_address>0x75c</run_address>
         <size>0x3c</size>
         <input_file_ref idref="fl-4d"/>
      </object_component>
      <object_component id="oc-304">
         <name>.debug_frame</name>
         <load_address>0x798</load_address>
         <run_address>0x798</run_address>
         <size>0x3c</size>
         <input_file_ref idref="fl-4e"/>
      </object_component>
      <object_component id="oc-2d7">
         <name>.debug_frame</name>
         <load_address>0x7d4</load_address>
         <run_address>0x7d4</run_address>
         <size>0x3c</size>
         <input_file_ref idref="fl-4f"/>
      </object_component>
      <object_component id="oc-183">
         <name>.debug_abbrev</name>
         <load_address>0x0</load_address>
         <run_address>0x0</run_address>
         <size>0xc1</size>
         <input_file_ref idref="fl-2"/>
      </object_component>
      <object_component id="oc-17f">
         <name>.debug_abbrev</name>
         <load_address>0xc1</load_address>
         <run_address>0xc1</run_address>
         <size>0x29</size>
         <input_file_ref idref="fl-2"/>
      </object_component>
      <object_component id="oc-292">
         <name>.debug_abbrev</name>
         <load_address>0xea</load_address>
         <run_address>0xea</run_address>
         <size>0x6e</size>
         <input_file_ref idref="fl-2"/>
      </object_component>
      <object_component id="oc-222">
         <name>.debug_abbrev</name>
         <load_address>0x158</load_address>
         <run_address>0x158</run_address>
         <size>0x81</size>
         <input_file_ref idref="fl-2"/>
      </object_component>
      <object_component id="oc-215">
         <name>.debug_abbrev</name>
         <load_address>0x1d9</load_address>
         <run_address>0x1d9</run_address>
         <size>0x7a</size>
         <input_file_ref idref="fl-2"/>
      </object_component>
      <object_component id="oc-c7">
         <name>.debug_abbrev</name>
         <load_address>0x253</load_address>
         <run_address>0x253</run_address>
         <size>0x1f</size>
         <input_file_ref idref="fl-2"/>
      </object_component>
      <object_component id="oc-187">
         <name>.debug_abbrev</name>
         <load_address>0x272</load_address>
         <run_address>0x272</run_address>
         <size>0x24</size>
         <input_file_ref idref="fl-2"/>
      </object_component>
      <object_component id="oc-181">
         <name>.debug_abbrev</name>
         <load_address>0x296</load_address>
         <run_address>0x296</run_address>
         <size>0x29</size>
         <input_file_ref idref="fl-3"/>
      </object_component>
      <object_component id="oc-223">
         <name>.debug_abbrev</name>
         <load_address>0x2bf</load_address>
         <run_address>0x2bf</run_address>
         <size>0x52</size>
         <input_file_ref idref="fl-3"/>
      </object_component>
      <object_component id="oc-1a0">
         <name>.debug_abbrev</name>
         <load_address>0x311</load_address>
[...]
      <symbol id="sm-162">
         <name>__mspabi_func_epilog_2</name>
         <value>0xd468</value>
         <object_component_ref idref="oc-ba"/>
      </symbol>
      <symbol id="sm-163">
         <name>__mspabi_func_epilog_3</name>
         <value>0xd466</value>
         <object_component_ref idref="oc-ba"/>
      </symbol>
      <symbol id="sm-164">
         <name>__mspabi_func_epilog_1</name>
         <value>0xd46a</value>
         <object_component_ref idref="oc-ba"/>
      </symbol>
      <symbol id="sm-165">
         <name>__mspabi_func_epilog_6</name>
         <value>0xd460</value>
         <object_component_ref idref="oc-ba"/>
      </symbol>
      <symbol id="sm-166">
         <name>__mspabi_func_epilog_7</name>
         <value>0xd45e</value>
         <object_component_ref idref="oc-ba"/>
      </symbol>
      <symbol id="sm-167">
         <name>__mspabi_func_epilog_4</name>
         <value>0xd464</value>
         <object_component_ref idref="oc-ba"/>
      </symbol>
      <symbol id="sm-168">
         <name>__mspabi_func_epilog_5</name>
         <value>0xd462</value>
         <object_component_ref idref="oc-ba"/>
      </symbol>
      <symbol id="sm-183">
         <name>__mspabi_subf</name>
         <value>0xc6b0</value>
         <object_component_ref idref="oc-206"/>
      </symbol>
      <symbol id="sm-184">
         <name>__mspabi_addf</name>
         <value>0xc6b6</value>
         <object_component_ref idref="oc-206"/>
      </symbol>
      <symbol id="sm-194">
         <name>__mspabi_cmpf</name>
         <value>0xd0f2</value>
         <object_component_ref idref="oc-1f2"/>
      </symbol>
      <symbol id="sm-1a1">
         <name>__mspabi_fltif</name>
         <value>0xd1fa</value>
         <object_component_ref idref="oc-201"/>
      </symbol>
      <symbol id="sm-1b8">
         <name>__mspabi_mpyf</name>
         <value>0xccc0</value>
         <object_component_ref idref="oc-1f7"/>
      </symbol>
      <symbol id="sm-1ca">
         <name>__mspabi_fixfi</name>
         <value>0xcf92</value>
         <object_component_ref idref="oc-1fc"/>
      </symbol>
      <symbol id="sm-1cd">
         <name>__TI_int02</name>
         <value>0xffe4</value>
         <object_component_ref idref="oc-3c"/>
      </symbol>
      <symbol id="sm-1d0">
         <name>__TI_int03</name>
         <value>0xffe6</value>
         <object_component_ref idref="oc-3d"/>
      </symbol>
      <symbol id="sm-1d3">
         <name>__TI_int05</name>
         <value>0xffea</value>
         <object_component_ref idref="oc-3e"/>
      </symbol>
      <symbol id="sm-1d6">
         <name>__TI_int08</name>
         <value>0xfff0</value>
         <object_component_ref idref="oc-41"/>
      </symbol>
      <symbol id="sm-1d9">
         <name>__TI_int10</name>
         <value>0xfff4</value>
         <object_component_ref idref="oc-43"/>
      </symbol>
      <symbol id="sm-1dc">
         <name>__TI_int11</name>
         <value>0xfff6</value>
         <object_component_ref idref="oc-44"/>
      </symbol>
      <symbol id="sm-1df">
         <name>__TI_int12</name>
         <value>0xfff8</value>
         <object_component_ref idref="oc-45"/>
      </symbol>
      <symbol id="sm-1e2">
         <name>__TI_int13</name>
         <value>0xfffa</value>
         <object_component_ref idref="oc-46"/>
      </symbol>
      <symbol id="sm-1e5">
         <name>__TI_int14</name>
         <value>0xfffc</value>
         <object_component_ref idref="oc-47"/>
      </symbol>
      <symbol id="sm-1ed">
         <name>__TI_ISR_TRAP</name>
         <value>0xd47c</value>
         <object_component_ref idref="oc-d7"/>
      </symbol>
      <symbol id="sm-1f5">
         <name>__mspabi_slli</name>
         <value>0xd2ea</value>
         <object_component_ref idref="oc-b0"/>
      </symbol>
      <symbol id="sm-1f6">
         <name>__mspabi_slli_9</name>
         <value>0xd302</value>
         <object_component_ref idref="oc-b0"/>
      </symbol>
      <symbol id="sm-1f7">
         <name>__mspabi_slli_8</name>
         <value>0xd304</value>
         <object_component_ref idref="oc-b0"/>
      </symbol>
      <symbol id="sm-1f8">
         <name>__mspabi_slli_7</name>
         <value>0xd306</value>
         <object_component_ref idref="oc-b0"/>
      </symbol>
      <symbol id="sm-1f9">
         <name>__mspabi_slli_6</name>
         <value>0xd308</value>
         <object_component_ref idref="oc-b0"/>
      </symbol>
      <symbol id="sm-1fa">
         <name>__mspabi_slli_5</name>
         <value>0xd30a</value>
         <object_component_ref idref="oc-b0"/>
      </symbol>
      <symbol id="sm-1fb">
         <name>__mspabi_slli_4</name>
         <value>0xd30c</value>
         <object_component_ref idref="oc-b0"/>
      </symbol>
      <symbol id="sm-1fc">
         <name>__mspabi_slli_3</name>
         <value>0xd30e</value>
         <object_component_ref idref="oc-b0"/>
      </symbol>
      <symbol id="sm-1fd">
         <name>__mspabi_slli_2</name>
         <value>0xd310</value>
         <object_component_ref idref="oc-b0"/>
      </symbol>
      <symbol id="sm-1fe">
         <name>__mspabi_slli_1</name>
         <value>0xd312</value>
         <object_component_ref idref="oc-b0"/>
      </symbol>
      <symbol id="sm-1ff">
         <name>__mspabi_slli_15</name>
         <value>0xd2f6</value>
         <object_component_ref idref="oc-b0"/>
      </symbol>
      <symbol id="sm-200">
         <name>__mspabi_slli_14</name>
         <value>0xd2f8</value>
         <object_component_ref idref="oc-b0"/>
      </symbol>
      <symbol id="sm-201">
         <name>__mspabi_slli_13</name>
         <value>0xd2fa</value>
         <object_component_ref idref="oc-b0"/>
      </symbol>
      <symbol id="sm-202">
         <name>__mspabi_slli_12</name>
         <value>0xd2fc</value>
         <object_component_ref idref="oc-b0"/>
      </symbol>
      <symbol id="sm-203">
         <name>__mspabi_slli_11</name>
         <value>0xd2fe</value>
         <object_component_ref idref="oc-b0"/>
      </symbol>
      <symbol id="sm-204">
         <name>__mspabi_slli_10</name>
         <value>0xd300</value>
         <object_component_ref idref="oc-b0"/>
      </symbol>
      <symbol id="sm-20c">
         <name>__mspabi_slll_9</name>
         <value>0xd1d4</value>
         <object_component_ref idref="oc-257"/>
      </symbol>
      <symbol id="sm-20d">
         <name>__mspabi_slll_8</name>
         <value>0xd1d8</value>
         <object_component_ref idref="oc-257"/>
      </symbol>
      <symbol id="sm-20e">
         <name>__mspabi_slll_7</name>
         <value>0xd1dc</value>
         <object_component_ref idref="oc-257"/>
      </symbol>
      <symbol id="sm-20f">
         <name>__mspabi_slll_6</name>
         <value>0xd1e0</value>
         <object_component_ref idref="oc-257"/>
      </symbol>
      <symbol id="sm-210">
         <name>__mspabi_slll_5</name>
         <value>0xd1e4</value>
         <object_component_ref idref="oc-257"/>
      </symbol>
      <symbol id="sm-211">
         <name>__mspabi_slll_4</name>
         <value>0xd1e8</value>
         <object_component_ref idref="oc-257"/>
      </symbol>
      <symbol id="sm-212">
         <name>__mspabi_slll_3</name>
         <value>0xd1ec</value>
         <object_component_ref idref="oc-257"/>
      </symbol>
      <symbol id="sm-213">
         <name>__mspabi_slll_2</name>
         <value>0xd1f0</value>
         <object_component_ref idref="oc-257"/>
      </symbol>
      <symbol id="sm-214">
         <name>__mspabi_slll_1</name>
         <value>0xd1f4</value>
         <object_component_ref idref="oc-257"/>
      </symbol>
      <symbol id="sm-215">
         <name>__mspabi_slll_15</name>
         <value>0xd1bc</value>
         <object_component_ref idref="oc-257"/>
      </symbol>
      <symbol id="sm-216">
         <name>__mspabi_slll_14</name>
         <value>0xd1c0</value>
         <object_component_ref idref="oc-257"/>
      </symbol>
      <symbol id="sm-217">
         <name>__mspabi_slll_13</name>
         <value>0xd1c4</value>
         <object_component_ref idref="oc-257"/>
      </symbol>
      <symbol id="sm-218">
         <name>__mspabi_slll_12</name>
         <value>0xd1c8</value>
         <object_component_ref idref="oc-257"/>
      </symbol>
      <symbol id="sm-219">
         <name>__mspabi_slll_11</name>
         <value>0xd1cc</value>
         <object_component_ref idref="oc-257"/>
      </symbol>
      <symbol id="sm-21a">
         <name>__mspabi_slll_10</name>
         <value>0xd1d0</value>
         <object_component_ref idref="oc-257"/>
      </symbol>
      <symbol id="sm-222">
         <name>__mspabi_srli_8</name>
         <value>0xd0d0</value>
         <object_component_ref idref="oc-b5"/>
      </symbol>
      <symbol id="sm-223">
         <name>__mspabi_srli_9</name>
         <value>0xd0cc</value>
         <object_component_ref idref="oc-b5"/>
      </symbol>
      <symbol id="sm-224">
         <name>__mspabi_srli_6</name>
         <value>0xd0d8</value>
         <object_component_ref idref="oc-b5"/>
      </symbol>
      <symbol id="sm-225">
         <name>__mspabi_srli_7</name>
         <value>0xd0d4</value>
         <object_component_ref idref="oc-b5"/>
      </symbol>
      <symbol id="sm-226">
         <name>__mspabi_srli_4</name>
         <value>0xd0e0</value>
         <object_component_ref idref="oc-b5"/>
      </symbol>
      <symbol id="sm-227">
         <name>__mspabi_srli_5</name>
         <value>0xd0dc</value>
         <object_component_ref idref="oc-b5"/>
      </symbol>
      <symbol id="sm-228">
         <name>__mspabi_srli_2</name>
         <value>0xd0e8</value>
         <object_component_ref idref="oc-b5"/>
      </symbol>
      <symbol id="sm-229">
         <name>__mspabi_srli_3</name>
         <value>0xd0e4</value>
         <object_component_ref idref="oc-b5"/>
      </symbol>
      <symbol id="sm-22a">
         <name>__mspabi_srli_1</name>
         <value>0xd0ec</value>
         <object_component_ref idref="oc-b5"/>
      </symbol>
      <symbol id="sm-22b">
         <name>__mspabi_srli</name>
         <value>0xd0a6</value>
         <object_component_ref idref="oc-b5"/>
      </symbol>
      <symbol id="sm-22c">
         <name>__mspabi_srli_15</name>
         <value>0xd0b4</value>
         <object_component_ref idref="oc-b5"/>
      </symbol>
      <symbol id="sm-22d">
         <name>__mspabi_srli_14</name>
         <value>0xd0b8</value>
         <object_component_ref idref="oc-b5"/>
      </symbol>
      <symbol id="sm-22e">
         <name>__mspabi_srli_13</name>
         <value>0xd0bc</value>
         <object_component_ref idref="oc-b5"/>
      </symbol>
      <symbol id="sm-22f">
         <name>__mspabi_srli_12</name>
         <value>0xd0c0</value>
         <object_component_ref idref="oc-b5"/>
      </symbol>
      <symbol id="sm-230">
         <name>__mspabi_srli_11</name>
         <value>0xd0c4</value>
         <object_component_ref idref="oc-b5"/>
      </symbol>
      <symbol id="sm-231">
         <name>__mspabi_srli_10</name>
         <value>0xd0c8</value>
         <object_component_ref idref="oc-b5"/>
      </symbol>
      <symbol id="sm-239">
         <name>__mspabi_srll_8</name>
         <value>0xd024</value>
         <object_component_ref idref="oc-25c"/>
      </symbol>
      <symbol id="sm-23a">
         <name>__mspabi_srll_9</name>
         <value>0xd01e</value>
         <object_component_ref idref="oc-25c"/>
      </symbol>
      <symbol id="sm-23b">
         <name>__mspabi_srll_6</name>
         <value>0xd030</value>
         <object_component_ref idref="oc-25c"/>
      </symbol>
      <symbol id="sm-23c">
         <name>__mspabi_srll_7</name>
         <value>0xd02a</value>
         <object_component_ref idref="oc-25c"/>
      </symbol>
      <symbol id="sm-23d">
         <name>__mspabi_srll_4</name>
         <value>0xd03c</value>
         <object_component_ref idref="oc-25c"/>
      </symbol>
      <symbol id="sm-23e">
         <name>__mspabi_srll_5</name>
         <value>0xd036</value>
         <object_component_ref idref="oc-25c"/>
      </symbol>
      <symbol id="sm-23f">
         <name>__mspabi_srll_2</name>
         <value>0xd048</value>
         <object_component_ref idref="oc-25c"/>
      </symbol>
      <symbol id="sm-240">
         <name>__mspabi_srll_3</name>
         <value>0xd042</value>
         <object_component_ref idref="oc-25c"/>
      </symbol>
      <symbol id="sm-241">
         <name>__mspabi_srll_1</name>
         <value>0xd04e</value>
         <object_component_ref idref="oc-25c"/>
      </symbol>
      <symbol id="sm-242">
         <name>__mspabi_srll_15</name>
         <value>0xcffa</value>
         <object_component_ref idref="oc-25c"/>
      </symbol>
      <symbol id="sm-243">
         <name>__mspabi_srll_14</name>
         <value>0xd000</value>
         <object_component_ref idref="oc-25c"/>
      </symbol>
      <symbol id="sm-244">
         <name>__mspabi_srll_13</name>
         <value>0xd006</value>
         <object_component_ref idref="oc-25c"/>
      </symbol>
      <symbol id="sm-245">
         <name>__mspabi_srll_12</name>
         <value>0xd00c</value>
         <object_component_ref idref="oc-25c"/>
      </symbol>
      <symbol id="sm-246">
         <name>__mspabi_srll_11</name>
         <value>0xd012</value>
         <object_component_ref idref="oc-25c"/>
      </symbol>
      <symbol id="sm-247">
         <name>__mspabi_srll_10</name>
         <value>0xd018</value>
         <object_component_ref idref="oc-25c"/>
      </symbol>
      <symbol id="sm-25a">
         <name>__mspabi_cvtdf</name>
         <value>0xcd84</value>
         <object_component_ref idref="oc-1ec"/>
      </symbol>
      <symbol id="sm-280">
         <name>__mspabi_divd</name>
         <value>0xc478</value>
         <object_component_ref idref="oc-1e6"/>
      </symbol>
      <symbol id="sm-295">
         <name>__mspabi_fltuld</name>
         <value>0xce10</value>
         <object_component_ref idref="oc-1e0"/>
      </symbol>
      <symbol id="sm-2b0">
         <name>__TI_frcdivd</name>
         <value>0xc000</value>
         <object_component_ref idref="oc-263"/>
      </symbol>
      <symbol id="sm-2c0">
         <name>_stack</name>
         <value>0x3b0</value>
         <object_component_ref idref="oc-ac"/>
      </symbol>
      <symbol id="sm-2c1">
         <name>_c_int00_noargs</name>
         <value>0xd33c</value>
         <object_component_ref idref="oc-100"/>
      </symbol>
      <symbol id="sm-2c2">
         <name>_reset_vector</name>
         <value>0xfffe</value>
         <object_component_ref idref="oc-af"/>
      </symbol>
      <symbol id="sm-2df">
         <name>__TI_auto_init_nobinit_nopinit</name>
         <value>0xd13c</value>
         <object_component_ref idref="oc-1ad"/>
      </symbol>
      <symbol id="sm-2f7">
         <name>__TI_zero_init_nomemset</name>
         <value>0xd3ec</value>
         <object_component_ref idref="oc-ee"/>
      </symbol>
      <symbol id="sm-303">
         <name>_system_pre_init</name>
         <value>0xd48a</value>
         <object_component_ref idref="oc-159"/>
      </symbol>
      <symbol id="sm-30c">
         <name>_system_post_cinit</name>
         <value>0xd48e</value>
         <object_component_ref idref="oc-236"/>
      </symbol>
      <symbol id="sm-322">
         <name>__TI_decompress_none</name>
         <value>0xd43a</value>
         <object_component_ref idref="oc-36"/>
      </symbol>
      <symbol id="sm-340">
         <name>__TI_decompress_lzss</name>
         <value>0xcf16</value>
         <object_component_ref idref="oc-30"/>
      </symbol>
      <symbol id="sm-34a">
         <name>C$$EXIT</name>
         <value>0xd484</value>
         <object_component_ref idref="oc-1a1"/>
      </symbol>
      <symbol id="sm-34b">
         <name>abort</name>
         <value>0xd484</value>
         <object_component_ref idref="oc-1a1"/>
      </symbol>
      <symbol id="sm-35b">
         <name>memcpy</name>
         <value>0xd44c</value>
         <object_component_ref idref="oc-ca"/>
      </symbol>
      <symbol id="sm-37c">
         <name>vsprintf</name>
         <value>0xd230</value>
         <object_component_ref idref="oc-216"/>
      </symbol>
      <symbol id="sm-384">
         <name>__mspabi_sral_15</name>
         <value>0xd17e</value>
         <object_component_ref idref="oc-2c4"/>
      </symbol>
      <symbol id="sm-385">
         <name>__mspabi_sral_14</name>
         <value>0xd182</value>
         <object_component_ref idref="oc-2c4"/>
      </symbol>
      <symbol id="sm-386">
         <name>__mspabi_sral_13</name>
         <value>0xd186</value>
         <object_component_ref idref="oc-2c4"/>
      </symbol>
      <symbol id="sm-387">
         <name>__mspabi_sral_12</name>
         <value>0xd18a</value>
         <object_component_ref idref="oc-2c4"/>
      </symbol>
      <symbol id="sm-388">
         <name>__mspabi_sral_11</name>
         <value>0xd18e</value>
         <object_component_ref idref="oc-2c4"/>
      </symbol>
      <symbol id="sm-389">
         <name>__mspabi_sral_10</name>
         <value>0xd192</value>
         <object_component_ref idref="oc-2c4"/>
      </symbol>
      <symbol id="sm-38a">
         <name>__mspabi_sral_8</name>
         <value>0xd19a</value>
         <object_component_ref idref="oc-2c4"/>
      </symbol>
      <symbol id="sm-38b">
         <name>__mspabi_sral_9</name>
         <value>0xd196</value>
         <object_component_ref idref="oc-2c4"/>
      </symbol>
      <symbol id="sm-38c">
         <name>__mspabi_sral_6</name>
         <value>0xd1a2</value>
         <object_component_ref idref="oc-2c4"/>
      </symbol>
      <symbol id="sm-38d">
         <name>__mspabi_sral_7</name>
         <value>0xd19e</value>
         <object_component_ref idref="oc-2c4"/>
      </symbol>
      <symbol id="sm-38e">
         <name>__mspabi_sral_4</name>
         <value>0xd1aa</value>
         <object_component_ref idref="oc-2c4"/>
      </symbol>
      <symbol id="sm-38f">
         <name>__mspabi_sral_5</name>
         <value>0xd1a6</value>
         <object_component_ref idref="oc-2c4"/>
      </symbol>
      <symbol id="sm-390">
         <name>__mspabi_sral_2</name>
         <value>0xd1b2</value>
         <object_component_ref idref="oc-2c4"/>
      </symbol>
      <symbol id="sm-391">
         <name>__mspabi_sral_3</name>
         <value>0xd1ae</value>
         <object_component_ref idref="oc-2c4"/>
      </symbol>
      <symbol id="sm-392">
         <name>__mspabi_sral_1</name>
         <value>0xd1b6</value>
         <object_component_ref idref="oc-2c4"/>
      </symbol>
      <symbol id="sm-39c">
         <name>__mspabi_mpyi_sw</name>
         <value>0xd414</value>
         <object_component_ref idref="oc-2b4"/>
      </symbol>
      <symbol id="sm-39d">
         <name>__mspabi_mpyi</name>
         <value>0xd414</value>
         <object_component_ref idref="oc-2b4"/>
      </symbol>
      <symbol id="sm-3a7">
         <name>__mspabi_mpyl_sw</name>
         <value>0xd316</value>
         <object_component_ref idref="oc-2bf"/>
      </symbol>
      <symbol id="sm-3a8">
         <name>__mspabi_mpyl</name>
         <value>0xd316</value>
         <object_component_ref idref="oc-2bf"/>
      </symbol>
      <symbol id="sm-3f0">
         <name>__TI_printfi_minimal</name>
         <value>0xcb14</value>
         <object_component_ref idref="oc-28a"/>
      </symbol>
      <symbol id="sm-3ff">
         <name>memccpy</name>
         <value>0xd3a6</value>
         <object_component_ref idref="oc-30c"/>
      </symbol>
      <symbol id="sm-40d">
         <name>memset</name>
         <value>0xd400</value>
         <object_component_ref idref="oc-2ff"/>
      </symbol>
      <symbol id="sm-41a">
         <name>strlen</name>
         <value>0xd46e</value>
         <object_component_ref idref="oc-2d2"/>
      </symbol>
   </symbol_table>
   <title>Link successful</title>
</link_info>
