<?xml version="1.0"?>
<link_info>
   <banner>MSP430 Linker PC v17.9.0.STS</banner>
   <copyright>Copyright (c) 2003-2017 Texas Instruments Incorporated</copyright>
   <link_time>0x5a8510a3</link_time>
   <link_errors>0x0</link_errors>
   <output_file>HW2.out</output_file>
   <entry_point>
      <name>_c_int00_noargs</name>
      <address>0xd154</address>
   </entry_point>
   <input_file_list>
      <input_file id="fl-2">
         <path>.\</path>
         <kind>object</kind>
         <file>UARTfuncs.obj</file>
         <name>UARTfuncs.obj</name>
      </input_file>
      <input_file id="fl-3">
         <path>.\</path>
         <kind>object</kind>
         <file>user_HW2.obj</file>
         <name>user_HW2.obj</name>
      </input_file>
      <input_file id="fl-8">
         <kind>object</kind>
         <file>&lt;internal&gt;</file>
         <name>&lt;internal&gt;</name>
      </input_file>
      <input_file id="fl-1e">
         <path>E:\ti\i-cgt-msp430_17.9.0.STS\lib\</path>
         <kind>archive</kind>
         <file>rts430_eabi.lib</file>
         <name>asr16.obj</name>
      </input_file>
      <input_file id="fl-1f">
         <path>E:\ti\i-cgt-msp430_17.9.0.STS\lib\</path>
         <kind>archive</kind>
         <file>rts430_eabi.lib</file>
         <name>div16s.obj</name>
      </input_file>
      <input_file id="fl-20">
         <path>E:\ti\i-cgt-msp430_17.9.0.STS\lib\</path>
         <kind>archive</kind>
         <file>rts430_eabi.lib</file>
         <name>div16u.obj</name>
      </input_file>
      <input_file id="fl-21">
         <path>E:\ti\i-cgt-msp430_17.9.0.STS\lib\</path>
         <kind>archive</kind>
         <file>rts430_eabi.lib</file>
         <name>div32s.obj</name>
      </input_file>
      <input_file id="fl-22">
         <path>E:\ti\i-cgt-msp430_17.9.0.STS\lib\</path>
         <kind>archive</kind>
         <file>rts430_eabi.lib</file>
         <name>div32u.obj</name>
      </input_file>
      <input_file id="fl-23">
         <path>E:\ti\i-cgt-msp430_17.9.0.STS\lib\</path>
         <kind>archive</kind>
         <file>rts430_eabi.lib</file>
         <name>epilog.obj</name>
      </input_file>
      <input_file id="fl-24">
         <path>E:\ti\i-cgt-msp430_17.9.0.STS\lib\</path>
         <kind>archive</kind>
         <file>rts430_eabi.lib</file>
         <name>fs_add.obj</name>
      </input_file>
      <input_file id="fl-25">
         <path>E:\ti\i-cgt-msp430_17.9.0.STS\lib\</path>
         <kind>archive</kind>
         <file>rts430_eabi.lib</file>
         <name>fs_cmp.obj</name>
      </input_file>
      <input_file id="fl-26">
         <path>E:\ti\i-cgt-msp430_17.9.0.STS\lib\</path>
         <kind>archive</kind>
         <file>rts430_eabi.lib</file>
         <name>fs_itof.obj</name>
      </input_file>
      <input_file id="fl-27">
         <path>E:\ti\i-cgt-msp430_17.9.0.STS\lib\</path>
         <kind>archive</kind>
         <file>rts430_eabi.lib</file>
         <name>fs_mpy.obj</name>
      </input_file>
      <input_file id="fl-28">
         <path>E:\ti\i-cgt-msp430_17.9.0.STS\lib\</path>
         <kind>archive</kind>
         <file>rts430_eabi.lib</file>
         <name>fs_toi.obj</name>
      </input_file>
      <input_file id="fl-29">
         <path>E:\ti\i-cgt-msp430_17.9.0.STS\lib\</path>
         <kind>archive</kind>
         <file>rts430_eabi.lib</file>
         <name>int02.obj</name>
      </input_file>
      <input_file id="fl-2a">
         <path>E:\ti\i-cgt-msp430_17.9.0.STS\lib\</path>
         <kind>archive</kind>
         <file>rts430_eabi.lib</file>
         <name>int03.obj</name>
      </input_file>
      <input_file id="fl-2b">
         <path>E:\ti\i-cgt-msp430_17.9.0.STS\lib\</path>
         <kind>archive</kind>
         <file>rts430_eabi.lib</file>
         <name>int08.obj</name>
      </input_file>
      <input_file id="fl-2c">
         <path>E:\ti\i-cgt-msp430_17.9.0.STS\lib\</path>
         <kind>archive</kind>
         <file>rts430_eabi.lib</file>
         <name>int10.obj</name>
      </input_file>
      <input_file id="fl-2d">
         <path>E:\ti\i-cgt-msp430_17.9.0.STS\lib\</path>
         <kind>archive</kind>
         <file>rts430_eabi.lib</file>
         <name>int11.obj</name>
      </input_file>
      <input_file id="fl-2e">
         <path>E:\ti\i-cgt-msp430_17.9.0.STS\lib\</path>
         <kind>archive</kind>
         <file>rts430_eabi.lib</file>
         <name>int12.obj</name>
      </input_file>
      <input_file id="fl-2f">
         <path>E:\ti\i-cgt-msp430_17.9.0.STS\lib\</path>
         <kind>archive</kind>
         <file>rts430_eabi.lib</file>
         <name>int13.obj</name>
      </input_file>
      <input_file id="fl-30">
         <path>E:\ti\i-cgt-msp430_17.9.0.STS\lib\</path>
         <kind>archive</kind>
         <file>rts430_eabi.lib</file>
         <name>int14.obj</name>
      </input_file>
      <input_file id="fl-31">
         <path>E:\ti\i-cgt-msp430_17.9.0.STS\lib\</path>
         <kind>archive</kind>
         <file>rts430_eabi.lib</file>
         <name>isr_trap.obj</name>
      </input_file>
      <input_file id="fl-32">
         <path>E:\ti\i-cgt-msp430_17.9.0.STS\lib\</path>
         <kind>archive</kind>
         <file>rts430_eabi.lib</file>
         <name>lsl16.obj</name>
      </input_file>
      <input_file id="fl-33">
         <path>E:\ti\i-cgt-msp430_17.9.0.STS\lib\</path>
         <kind>archive</kind>
         <file>rts430_eabi.lib</file>
         <name>lsl32.obj</name>
      </input_file>
      <input_file id="fl-34">
         <path>E:\ti\i-cgt-msp430_17.9.0.STS\lib\</path>
         <kind>archive</kind>
         <file>rts430_eabi.lib</file>
         <name>lsr16.obj</name>
      </input_file>
      <input_file id="fl-35">
         <path>E:\ti\i-cgt-msp430_17.9.0.STS\lib\</path>
         <kind>archive</kind>
         <file>rts430_eabi.lib</file>
         <name>lsr32.obj</name>
      </input_file>
      <input_file id="fl-36">
         <path>E:\ti\i-cgt-msp430_17.9.0.STS\lib\</path>
         <kind>archive</kind>
         <file>rts430_eabi.lib</file>
         <name>mult32.obj</name>
      </input_file>
      <input_file id="fl-37">
         <path>E:\ti\i-cgt-msp430_17.9.0.STS\lib\</path>
         <kind>archive</kind>
         <file>rts430_eabi.lib</file>
         <name>cvtdf.obj</name>
      </input_file>
      <input_file id="fl-38">
         <path>E:\ti\i-cgt-msp430_17.9.0.STS\lib\</path>
         <kind>archive</kind>
         <file>rts430_eabi.lib</file>
         <name>divd.obj</name>
      </input_file>
      <input_file id="fl-39">
         <path>E:\ti\i-cgt-msp430_17.9.0.STS\lib\</path>
         <kind>archive</kind>
         <file>rts430_eabi.lib</file>
         <name>fltuld.obj</name>
      </input_file>
      <input_file id="fl-3a">
         <path>E:\ti\i-cgt-msp430_17.9.0.STS\lib\</path>
         <kind>archive</kind>
         <file>rts430_eabi.lib</file>
         <name>frcdivd.obj</name>
      </input_file>
      <input_file id="fl-3b">
         <path>E:\ti\i-cgt-msp430_17.9.0.STS\lib\</path>
         <kind>archive</kind>
         <file>rts430_eabi.lib</file>
         <name>boot.obj</name>
      </input_file>
      <input_file id="fl-3c">
         <path>E:\ti\i-cgt-msp430_17.9.0.STS\lib\</path>
         <kind>archive</kind>
         <file>rts430_eabi.lib</file>
         <name>autoinit.obj</name>
      </input_file>
      <input_file id="fl-3d">
         <path>E:\ti\i-cgt-msp430_17.9.0.STS\lib\</path>
         <kind>archive</kind>
         <file>rts430_eabi.lib</file>
         <name>copy_zero_init.obj</name>
      </input_file>
      <input_file id="fl-3e">
         <path>E:\ti\i-cgt-msp430_17.9.0.STS\lib\</path>
         <kind>archive</kind>
         <file>rts430_eabi.lib</file>
         <name>cpy_tbl.obj</name>
      </input_file>
      <input_file id="fl-3f">
         <path>E:\ti\i-cgt-msp430_17.9.0.STS\lib\</path>
         <kind>archive</kind>
         <file>rts430_eabi.lib</file>
         <name>mpu_init.obj</name>
      </input_file>
      <input_file id="fl-40">
         <path>E:\ti\i-cgt-msp430_17.9.0.STS\lib\</path>
         <kind>archive</kind>
         <file>rts430_eabi.lib</file>
         <name>lsr64.obj</name>
      </input_file>
      <input_file id="fl-41">
         <path>E:\ti\i-cgt-msp430_17.9.0.STS\lib\</path>
         <kind>archive</kind>
         <file>rts430_eabi.lib</file>
         <name>pre_init.obj</name>
      </input_file>
      <input_file id="fl-42">
         <path>E:\ti\i-cgt-msp430_17.9.0.STS\lib\</path>
         <kind>archive</kind>
         <file>rts430_eabi.lib</file>
         <name>startup.obj</name>
      </input_file>
      <input_file id="fl-43">
         <path>E:\ti\i-cgt-msp430_17.9.0.STS\lib\</path>
         <kind>archive</kind>
         <file>rts430_eabi.lib</file>
         <name>copy_decompress_none.obj</name>
      </input_file>
      <input_file id="fl-44">
         <path>E:\ti\i-cgt-msp430_17.9.0.STS\lib\</path>
         <kind>archive</kind>
         <file>rts430_eabi.lib</file>
         <name>copy_decompress_lzss.obj</name>
      </input_file>
      <input_file id="fl-45">
         <path>E:\ti\i-cgt-msp430_17.9.0.STS\lib\</path>
         <kind>archive</kind>
         <file>rts430_eabi.lib</file>
         <name>exit.obj</name>
      </input_file>
      <input_file id="fl-46">
         <path>E:\ti\i-cgt-msp430_17.9.0.STS\lib\</path>
         <kind>archive</kind>
         <file>rts430_eabi.lib</file>
         <name>_lock.obj</name>
      </input_file>
      <input_file id="fl-47">
         <path>E:\ti\i-cgt-msp430_17.9.0.STS\lib\</path>
         <kind>archive</kind>
         <file>rts430_eabi.lib</file>
         <name>args_main.obj</name>
      </input_file>
      <input_file id="fl-48">
         <path>E:\ti\i-cgt-msp430_17.9.0.STS\lib\</path>
         <kind>archive</kind>
         <file>rts430_eabi.lib</file>
         <name>memcpy.obj</name>
      </input_file>
      <input_file id="fl-49">
         <path>E:\ti\i-cgt-msp430_17.9.0.STS\lib\</path>
         <kind>archive</kind>
         <file>rts430_eabi.lib</file>
         <name>vsprintf.obj</name>
      </input_file>
      <input_file id="fl-4a">
         <path>E:\ti\i-cgt-msp430_17.9.0.STS\lib\</path>
         <kind>archive</kind>
         <file>rts430_eabi.lib</file>
         <name>asr32.obj</name>
      </input_file>
      <input_file id="fl-4b">
         <path>E:\ti\i-cgt-msp430_17.9.0.STS\lib\</path>
         <kind>archive</kind>
         <file>rts430_eabi.lib</file>
         <name>mult16.obj</name>
      </input_file>
      <input_file id="fl-4c">
         <path>E:\ti\i-cgt-msp430_17.9.0.STS\lib\</path>
         <kind>archive</kind>
         <file>rts430_eabi.lib</file>
         <name>exit_gvars.obj</name>
      </input_file>
      <input_file id="fl-4d">
         <path>E:\ti\i-cgt-msp430_17.9.0.STS\lib\</path>
         <kind>archive</kind>
         <file>rts430_eabi.lib</file>
         <name>_printfi_min.obj</name>
      </input_file>
      <input_file id="fl-4e">
         <path>E:\ti\i-cgt-msp430_17.9.0.STS\lib\</path>
         <kind>archive</kind>
         <file>rts430_eabi.lib</file>
         <name>memccpy.obj</name>
      </input_file>
      <input_file id="fl-4f">
         <path>E:\ti\i-cgt-msp430_17.9.0.STS\lib\</path>
         <kind>archive</kind>
         <file>rts430_eabi.lib</file>
         <name>memset.obj</name>
      </input_file>
      <input_file id="fl-50">
         <path>E:\ti\i-cgt-msp430_17.9.0.STS\lib\</path>
         <kind>archive</kind>
         <file>rts430_eabi.lib</file>
         <name>strlen.obj</name>
      </input_file>
   </input_file_list>
   <object_component_list>
      <object_component id="oc-15b">
         <name>.common:txbuff</name>
         <uninitialized>true</uninitialized>
         <run_address>0x200</run_address>
         <size>0x34</size>
      </object_component>
      <object_component id="oc-15e">
         <name>.common:printbuff</name>
         <uninitialized>true</uninitialized>
         <run_address>0x234</run_address>
         <size>0x28</size>
      </object_component>
      <object_component id="oc-158">
         <name>.data</name>
         <load_address>0x26e</load_address>
         <run_address>0x26e</run_address>
         <size>0x6</size>
         <input_file_ref idref="fl-2"/>
      </object_component>
      <object_component id="oc-14a">
         <name>.data</name>
         <load_address>0x25c</load_address>
         <run_address>0x25c</run_address>
         <size>0x12</size>
         <input_file_ref idref="fl-3"/>
      </object_component>
      <object_component id="oc-ac">
         <name>.stack</name>
         <uninitialized>true</uninitialized>
         <run_address>0x3b0</run_address>
         <size>0x2</size>
         <input_file_ref idref="fl-3b"/>
      </object_component>
      <object_component id="oc-30a">
         <name>.stack</name>
         <uninitialized>true</uninitialized>
         <run_address>0x3b0</run_address>
         <size>0x0</size>
      </object_component>
      <object_component id="oc-268">
         <name>.text:__TI_frcdivd</name>
         <load_address>0xc000</load_address>
         <run_address>0xc000</run_address>
         <size>0x478</size>
         <input_file_ref idref="fl-3a"/>
      </object_component>
      <object_component id="oc-1f9">
         <name>.text:__mspabi_divd</name>
         <load_address>0xc478</load_address>
         <run_address>0xc478</run_address>
         <size>0x238</size>
         <input_file_ref idref="fl-38"/>
      </object_component>
      <object_component id="oc-219">
         <name>.text</name>
         <load_address>0xc6b0</load_address>
         <run_address>0xc6b0</run_address>
         <size>0x132</size>
         <input_file_ref idref="fl-24"/>
      </object_component>
      <object_component id="oc-1ac">
         <name>.text:Init_UART</name>
         <load_address>0xc7e2</load_address>
         <run_address>0xc7e2</run_address>
         <size>0x126</size>
         <input_file_ref idref="fl-2"/>
      </object_component>
      <object_component id="oc-20a">
         <name>.text</name>
         <load_address>0xc908</load_address>
         <run_address>0xc908</run_address>
         <size>0xc4</size>
         <input_file_ref idref="fl-27"/>
      </object_component>
      <object_component id="oc-176">
         <name>.text:main</name>
         <load_address>0xc9cc</load_address>
         <run_address>0xc9cc</run_address>
         <size>0xa6</size>
         <input_file_ref idref="fl-3"/>
      </object_component>
      <object_component id="oc-e8">
         <name>.text:USCI0RX_ISR</name>
         <load_address>0xca72</load_address>
         <run_address>0xca72</run_address>
         <size>0xa0</size>
         <input_file_ref idref="fl-3"/>
      </object_component>
      <object_component id="oc-1ff">
         <name>.text:__mspabi_cvtdf</name>
         <load_address>0xcb12</load_address>
         <run_address>0xcb12</run_address>
         <size>0x8c</size>
         <input_file_ref idref="fl-37"/>
      </object_component>
      <object_component id="oc-1f3">
         <name>.text:__mspabi_fltuld</name>
         <load_address>0xcb9e</load_address>
         <run_address>0xcb9e</run_address>
         <size>0x8a</size>
         <input_file_ref idref="fl-39"/>
      </object_component>
      <object_component id="oc-dc">
         <name>.text:ADC10_ISR</name>
         <load_address>0xcc28</load_address>
         <run_address>0xcc28</run_address>
         <size>0x88</size>
         <input_file_ref idref="fl-3"/>
      </object_component>
      <object_component id="oc-e2">
         <name>.text:USCI0TX_ISR</name>
         <load_address>0xccb0</load_address>
         <run_address>0xccb0</run_address>
         <size>0x7c</size>
         <input_file_ref idref="fl-3"/>
      </object_component>
      <object_component id="oc-30">
         <name>.text:decompress:lzss:__TI_decompress_lzss</name>
         <load_address>0xcd2c</load_address>
         <run_address>0xcd2c</run_address>
         <size>0x7c</size>
         <input_file_ref idref="fl-44"/>
      </object_component>
      <object_component id="oc-20f">
         <name>.text</name>
         <load_address>0xcda8</load_address>
         <run_address>0xcda8</run_address>
         <size>0x68</size>
         <input_file_ref idref="fl-28"/>
      </object_component>
      <object_component id="oc-261">
         <name>.text:l_lsr_const</name>
         <load_address>0xce10</load_address>
         <run_address>0xce10</run_address>
         <size>0x5c</size>
         <input_file_ref idref="fl-35"/>
      </object_component>
      <object_component id="oc-199">
         <name>.text</name>
         <load_address>0xce6c</load_address>
         <run_address>0xce6c</run_address>
         <size>0x58</size>
         <input_file_ref idref="fl-22"/>
      </object_component>
      <object_component id="oc-b5">
         <name>.text</name>
         <load_address>0xcec4</load_address>
         <run_address>0xcec4</run_address>
         <size>0x4c</size>
         <input_file_ref idref="fl-34"/>
      </object_component>
      <object_component id="oc-205">
         <name>.text</name>
         <load_address>0xcf10</load_address>
         <run_address>0xcf10</run_address>
         <size>0x4a</size>
         <input_file_ref idref="fl-25"/>
      </object_component>
      <object_component id="oc-1bf">
         <name>.text:__TI_auto_init_nobinit_nopinit:__TI_auto_init_nobinit_nopinit</name>
         <load_address>0xcf5a</load_address>
         <run_address>0xcf5a</run_address>
         <size>0x42</size>
         <input_file_ref idref="fl-3c"/>
      </object_component>
      <object_component id="oc-152">
         <name>.text</name>
         <load_address>0xcf9c</load_address>
         <run_address>0xcf9c</run_address>
         <size>0x40</size>
         <input_file_ref idref="fl-21"/>
      </object_component>
      <object_component id="oc-2af">
         <name>.text:l_asr_const</name>
         <load_address>0xcfdc</load_address>
         <run_address>0xcfdc</run_address>
         <size>0x3e</size>
         <input_file_ref idref="fl-4a"/>
      </object_component>
      <object_component id="oc-25c">
         <name>.text:l_lsl_const</name>
         <load_address>0xd01a</load_address>
         <run_address>0xd01a</run_address>
         <size>0x3e</size>
         <input_file_ref idref="fl-33"/>
      </object_component>
      <object_component id="oc-214">
         <name>.text</name>
         <load_address>0xd058</load_address>
         <run_address>0xd058</run_address>
         <size>0x36</size>
         <input_file_ref idref="fl-26"/>
      </object_component>
      <object_component id="oc-21e">
         <name>.text</name>
         <load_address>0xd08e</load_address>
         <run_address>0xd08e</run_address>
         <size>0x2c</size>
         <input_file_ref idref="fl-1e"/>
      </object_component>
      <object_component id="oc-223">
         <name>.text</name>
         <load_address>0xd0ba</load_address>
         <run_address>0xd0ba</run_address>
         <size>0x2c</size>
         <input_file_ref idref="fl-1f"/>
      </object_component>
      <object_component id="oc-b0">
         <name>.text</name>
         <load_address>0xd0e6</load_address>
         <run_address>0xd0e6</run_address>
         <size>0x2c</size>
         <input_file_ref idref="fl-32"/>
      </object_component>
      <object_component id="oc-14d">
         <name>.text</name>
         <load_address>0xd112</load_address>
         <run_address>0xd112</run_address>
         <size>0x26</size>
         <input_file_ref idref="fl-36"/>
      </object_component>
      <object_component id="oc-ee">
         <name>.text:Timer_A</name>
         <load_address>0xd138</load_address>
         <run_address>0xd138</run_address>
         <size>0x1c</size>
         <input_file_ref idref="fl-3"/>
      </object_component>
      <object_component id="oc-106">
         <name>.text:_c_int00_noargs</name>
         <load_address>0xd154</load_address>
         <run_address>0xd154</run_address>
         <size>0x1c</size>
         <input_file_ref idref="fl-3b"/>
      </object_component>
      <object_component id="oc-27d">
         <name>.text</name>
         <load_address>0xd170</load_address>
         <run_address>0xd170</run_address>
         <size>0x16</size>
         <input_file_ref idref="fl-20"/>
      </object_component>
      <object_component id="oc-160">
         <name>.text:sendchar</name>
         <load_address>0xd186</load_address>
         <run_address>0xd186</run_address>
         <size>0x16</size>
         <input_file_ref idref="fl-2"/>
      </object_component>
      <object_component id="oc-f4">
         <name>.text:decompress:ZI:__TI_zero_init_nomemset:__TI_zero_init_nomemset</name>
         <load_address>0xd19c</load_address>
         <run_address>0xd19c</run_address>
         <size>0x14</size>
         <input_file_ref idref="fl-3d"/>
      </object_component>
      <object_component id="oc-2a4">
         <name>.text</name>
         <load_address>0xd1b0</load_address>
         <run_address>0xd1b0</run_address>
         <size>0x14</size>
         <input_file_ref idref="fl-4b"/>
      </object_component>
      <object_component id="oc-36">
         <name>.text:decompress:none:__TI_decompress_none</name>
         <load_address>0xd1c4</load_address>
         <run_address>0xd1c4</run_address>
         <size>0x12</size>
         <input_file_ref idref="fl-43"/>
      </object_component>
      <object_component id="oc-ca">
         <name>.text:memcpy</name>
         <load_address>0xd1d6</load_address>
         <run_address>0xd1d6</run_address>
         <size>0x12</size>
         <input_file_ref idref="fl-48"/>
      </object_component>
      <object_component id="oc-ba">
         <name>.text</name>
         <load_address>0xd1e8</load_address>
         <run_address>0xd1e8</run_address>
         <size>0x10</size>
         <input_file_ref idref="fl-23"/>
      </object_component>
      <object_component id="oc-d7">
         <name>.text:_isr:__TI_ISR_TRAP</name>
         <load_address>0xd1f8</load_address>
         <run_address>0xd1f8</run_address>
         <size>0x8</size>
         <input_file_ref idref="fl-31"/>
      </object_component>
      <object_component id="oc-1b3">
         <name>.text:abort</name>
         <load_address>0xd200</load_address>
         <run_address>0xd200</run_address>
         <size>0x6</size>
         <input_file_ref idref="fl-45"/>
      </object_component>
      <object_component id="oc-170">
         <name>.text:_system_pre_init</name>
         <load_address>0xd206</load_address>
         <run_address>0xd206</run_address>
         <size>0x4</size>
         <input_file_ref idref="fl-41"/>
      </object_component>
      <object_component id="oc-23b">
         <name>.text:_system_post_cinit</name>
         <load_address>0xd20a</load_address>
         <run_address>0xd20a</run_address>
         <size>0x2</size>
         <input_file_ref idref="fl-42"/>
      </object_component>
      <object_component id="oc-309">
         <name>.cinit..data.load</name>
         <load_address>0xd20c</load_address>
         <run_address>0xd20c</run_address>
         <size>0xa</size>
      </object_component>
      <object_component id="oc-306">
         <name>__TI_handler_table</name>
         <load_address>0xd216</load_address>
         <run_address>0xd216</run_address>
         <size>0x6</size>
      </object_component>
      <object_component id="oc-308">
         <name>.cinit..bss.load</name>
         <load_address>0xd21c</load_address>
         <run_address>0xd21c</run_address>
         <size>0x4</size>
      </object_component>
      <object_component id="oc-307">
         <name>__TI_cinit_table</name>
         <load_address>0xd220</load_address>
         <run_address>0xd220</run_address>
         <size>0x8</size>
      </object_component>
      <object_component id="oc-3c">
         <name>.int02</name>
         <load_address>0xffe4</load_address>
         <run_address>0xffe4</run_address>
         <size>0x2</size>
         <input_file_ref idref="fl-29"/>
      </object_component>
      <object_component id="oc-3d">
         <name>.int03</name>
         <load_address>0xffe6</load_address>
         <run_address>0xffe6</run_address>
         <size>0x2</size>
         <input_file_ref idref="fl-2a"/>
      </object_component>
      <object_component id="oc-3e">
         <name>.int05</name>
         <load_address>0xffea</load_address>
         <run_address>0xffea</run_address>
         <size>0x2</size>
         <input_file_ref idref="fl-3"/>
      </object_component>
      <object_component id="oc-3f">
         <name>.int06</name>
         <load_address>0xffec</load_address>
         <run_address>0xffec</run_address>
         <size>0x2</size>
         <input_file_ref idref="fl-3"/>
      </object_component>
      <object_component id="oc-40">
         <name>.int07</name>
         <load_address>0xffee</load_address>
         <run_address>0xffee</run_address>
         <size>0x2</size>
         <input_file_ref idref="fl-3"/>
      </object_component>
      <object_component id="oc-41">
         <name>.int08</name>
         <load_address>0xfff0</load_address>
         <run_address>0xfff0</run_address>
         <size>0x2</size>
         <input_file_ref idref="fl-2b"/>
      </object_component>
      <object_component id="oc-42">
         <name>.int09</name>
         <load_address>0xfff2</load_address>
         <run_address>0xfff2</run_address>
         <size>0x2</size>
         <input_file_ref idref="fl-3"/>
      </object_component>
      <object_component id="oc-43">
         <name>.int10</name>
         <load_address>0xfff4</load_address>
         <run_address>0xfff4</run_address>
         <size>0x2</size>
         <input_file_ref idref="fl-2c"/>
      </object_component>
      <object_component id="oc-44">
         <name>.int11</name>
         <load_address>0xfff6</load_address>
         <run_address>0xfff6</run_address>
         <size>0x2</size>
         <input_file_ref idref="fl-2d"/>
      </object_component>
      <object_component id="oc-45">
         <name>.int12</name>
         <load_address>0xfff8</load_address>
         <run_address>0xfff8</run_address>
         <size>0x2</size>
         <input_file_ref idref="fl-2e"/>
      </object_component>
      <object_component id="oc-46">
         <name>.int13</name>
         <load_address>0xfffa</load_address>
         <run_address>0xfffa</run_address>
         <size>0x2</size>
         <input_file_ref idref="fl-2f"/>
      </object_component>
      <object_component id="oc-47">
         <name>.int14</name>
         <load_address>0xfffc</load_address>
         <run_address>0xfffc</run_address>
         <size>0x2</size>
         <input_file_ref idref="fl-30"/>
      </object_component>
      <object_component id="oc-af">
         <name>.reset</name>
         <load_address>0xfffe</load_address>
         <run_address>0xfffe</run_address>
         <size>0x2</size>
         <input_file_ref idref="fl-3b"/>
      </object_component>
      <object_component id="oc-15c">
         <name>.debug_info</name>
         <load_address>0x0</load_address>
         <run_address>0x0</run_address>
         <size>0x30c</size>
         <input_file_ref idref="fl-2"/>
      </object_component>
      <object_component id="oc-159">
         <name>.debug_info</name>
         <load_address>0x30c</load_address>
         <run_address>0x30c</run_address>
         <size>0x1c0</size>
         <input_file_ref idref="fl-2"/>
      </object_component>
      <object_component id="oc-161">
         <name>.debug_info</name>
         <load_address>0x4cc</load_address>
         <run_address>0x4cc</run_address>
         <size>0x1a7</size>
         <input_file_ref idref="fl-2"/>
      </object_component>
      <object_component id="oc-1ad">
         <name>.debug_info</name>
         <load_address>0x673</load_address>
         <run_address>0x673</run_address>
         <size>0x3af</size>
         <input_file_ref idref="fl-2"/>
      </object_component>
      <object_component id="oc-c5">
         <name>.debug_info</name>
         <load_address>0xa22</load_address>
         <run_address>0xa22</run_address>
         <size>0x84</size>
         <input_file_ref idref="fl-2"/>
      </object_component>
      <object_component id="oc-1a3">
         <name>.debug_info</name>
         <load_address>0xaa6</load_address>
         <run_address>0xaa6</run_address>
         <size>0x2c</size>
         <input_file_ref idref="fl-2"/>
      </object_component>
      <object_component id="oc-14b">
         <name>.debug_info</name>
         <load_address>0xad2</load_address>
         <run_address>0xad2</run_address>
         <size>0x25f</size>
         <input_file_ref idref="fl-3"/>
      </object_component>
      <object_component id="oc-177">
         <name>.debug_info</name>
         <load_address>0xd31</load_address>
         <run_address>0xd31</run_address>
         <size>0x18c</size>
         <input_file_ref idref="fl-3"/>
      </object_component>
      <object_component id="oc-e3">
         <name>.debug_info</name>
         <load_address>0xebd</load_address>
         <run_address>0xebd</run_address>
         <size>0x191</size>
         <input_file_ref idref="fl-3"/>
      </object_component>
      <object_component id="oc-e9">
         <name>.debug_info</name>
         <load_address>0x104e</load_address>
         <run_address>0x104e</run_address>
         <size>0x1a0</size>
         <input_file_ref idref="fl-3"/>
      </object_component>
      <object_component id="oc-ef">
         <name>.debug_info</name>
         <load_address>0x11ee</load_address>
         <run_address>0x11ee</run_address>
         <size>0x189</size>
         <input_file_ref idref="fl-3"/>
      </object_component>
      <object_component id="oc-dd">
         <name>.debug_info</name>
         <load_address>0x1377</load_address>
         <run_address>0x1377</run_address>
         <size>0x1e5</size>
         <input_file_ref idref="fl-3"/>
      </object_component>
      <object_component id="oc-220">
         <name>.debug_info</name>
         <load_address>0x155c</load_address>
         <run_address>0x155c</run_address>
         <size>0x118</size>
         <input_file_ref idref="fl-1e"/>
      </object_component>
      <object_component id="oc-226">
         <name>.debug_info</name>
         <load_address>0x1674</load_address>
         <run_address>0x1674</run_address>
         <size>0x12d</size>
         <input_file_ref idref="fl-1f"/>
      </object_component>
      <object_component id="oc-27e">
         <name>.debug_info</name>
         <load_address>0x17a1</load_address>
         <run_address>0x17a1</run_address>
         <size>0x119</size>
         <input_file_ref idref="fl-20"/>
      </object_component>
      <object_component id="oc-153">
         <name>.debug_info</name>
         <load_address>0x18ba</load_address>
         <run_address>0x18ba</run_address>
         <size>0x130</size>
         <input_file_ref idref="fl-21"/>
      </object_component>
      <object_component id="oc-19b">
         <name>.debug_info</name>
         <load_address>0x19ea</load_address>
         <run_address>0x19ea</run_address>
         <size>0x11b</size>
         <input_file_ref idref="fl-22"/>
      </object_component>
      <object_component id="oc-bb">
         <name>.debug_info</name>
         <load_address>0x1b05</load_address>
         <run_address>0x1b05</run_address>
         <size>0x126</size>
         <input_file_ref idref="fl-23"/>
      </object_component>
      <object_component id="oc-21a">
         <name>.debug_info</name>
         <load_address>0x1c2b</load_address>
         <run_address>0x1c2b</run_address>
         <size>0x119</size>
         <input_file_ref idref="fl-24"/>
      </object_component>
      <object_component id="oc-208">
         <name>.debug_info</name>
         <load_address>0x1d44</load_address>
         <run_address>0x1d44</run_address>
         <size>0x125</size>
         <input_file_ref idref="fl-25"/>
      </object_component>
      <object_component id="oc-215">
         <name>.debug_info</name>
         <load_address>0x1e69</load_address>
         <run_address>0x1e69</run_address>
         <size>0x122</size>
         <input_file_ref idref="fl-26"/>
      </object_component>
      <object_component id="oc-20b">
         <name>.debug_info</name>
         <load_address>0x1f8b</load_address>
         <run_address>0x1f8b</run_address>
         <size>0x119</size>
         <input_file_ref idref="fl-27"/>
      </object_component>
      <object_component id="oc-211">
         <name>.debug_info</name>
         <load_address>0x20a4</load_address>
         <run_address>0x20a4</run_address>
         <size>0x12d</size>
         <input_file_ref idref="fl-28"/>
      </object_component>
      <object_component id="oc-da">
         <name>.debug_info</name>
         <load_address>0x21d1</load_address>
         <run_address>0x21d1</run_address>
         <size>0x107</size>
         <input_file_ref idref="fl-31"/>
      </object_component>
      <object_component id="oc-b1">
         <name>.debug_info</name>
         <load_address>0x22d8</load_address>
         <run_address>0x22d8</run_address>
         <size>0x118</size>
         <input_file_ref idref="fl-32"/>
      </object_component>
      <object_component id="oc-25e">
         <name>.debug_info</name>
         <load_address>0x23f0</load_address>
         <run_address>0x23f0</run_address>
         <size>0x11e</size>
         <input_file_ref idref="fl-33"/>
      </object_component>
      <object_component id="oc-b8">
         <name>.debug_info</name>
         <load_address>0x250e</load_address>
         <run_address>0x250e</run_address>
         <size>0x118</size>
         <input_file_ref idref="fl-34"/>
      </object_component>
      <object_component id="oc-262">
         <name>.debug_info</name>
         <load_address>0x2626</load_address>
         <run_address>0x2626</run_address>
         <size>0x11e</size>
         <input_file_ref idref="fl-35"/>
      </object_component>
      <object_component id="oc-14f">
         <name>.debug_info</name>
         <load_address>0x2744</load_address>
         <run_address>0x2744</run_address>
         <size>0x119</size>
         <input_file_ref idref="fl-36"/>
      </object_component>
      <object_component id="oc-276">
         <name>.debug_info</name>
         <load_address>0x285d</load_address>
         <run_address>0x285d</run_address>
         <size>0x1c4</size>
         <input_file_ref idref="fl-37"/>
      </object_component>
      <object_component id="oc-202">
         <name>.debug_info</name>
         <load_address>0x2a21</load_address>
         <run_address>0x2a21</run_address>
         <size>0x1cd</size>
         <input_file_ref idref="fl-37"/>
      </object_component>
      <object_component id="oc-274">
         <name>.debug_info</name>
         <load_address>0x2bee</load_address>
         <run_address>0x2bee</run_address>
         <size>0x201</size>
         <input_file_ref idref="fl-38"/>
      </object_component>
      <object_component id="oc-1fa">
         <name>.debug_info</name>
         <load_address>0x2def</load_address>
         <run_address>0x2def</run_address>
         <size>0x27f</size>
         <input_file_ref idref="fl-38"/>
      </object_component>
      <object_component id="oc-26f">
         <name>.debug_info</name>
         <load_address>0x306e</load_address>
         <run_address>0x306e</run_address>
         <size>0x94</size>
         <input_file_ref idref="fl-38"/>
      </object_component>
      <object_component id="oc-267">
         <name>.debug_info</name>
         <load_address>0x3102</load_address>
         <run_address>0x3102</run_address>
         <size>0x1ca</size>
         <input_file_ref idref="fl-39"/>
      </object_component>
      <object_component id="oc-1f4">
         <name>.debug_info</name>
         <load_address>0x32cc</load_address>
         <run_address>0x32cc</run_address>
         <size>0x1d8</size>
         <input_file_ref idref="fl-39"/>
      </object_component>
      <object_component id="oc-2b5">
         <name>.debug_info</name>
         <load_address>0x34a4</load_address>
         <run_address>0x34a4</run_address>
         <size>0x1d1</size>
         <input_file_ref idref="fl-3a"/>
      </object_component>
      <object_component id="oc-26a">
         <name>.debug_info</name>
         <load_address>0x3675</load_address>
         <run_address>0x3675</run_address>
         <size>0x5c4</size>
         <input_file_ref idref="fl-3a"/>
      </object_component>
      <object_component id="oc-ad">
         <name>.debug_info</name>
         <load_address>0x3c39</load_address>
         <run_address>0x3c39</run_address>
         <size>0xf5</size>
         <input_file_ref idref="fl-3b"/>
      </object_component>
      <object_component id="oc-107">
         <name>.debug_info</name>
         <load_address>0x3d2e</load_address>
         <run_address>0x3d2e</run_address>
         <size>0x16f</size>
         <input_file_ref idref="fl-3b"/>
      </object_component>
      <object_component id="oc-242">
         <name>.debug_info</name>
         <load_address>0x3e9d</load_address>
         <run_address>0x3e9d</run_address>
         <size>0x3d3</size>
         <input_file_ref idref="fl-3c"/>
      </object_component>
      <object_component id="oc-1c3">
         <name>.debug_info</name>
         <load_address>0x4270</load_address>
         <run_address>0x4270</run_address>
         <size>0x1d5</size>
         <input_file_ref idref="fl-3c"/>
      </object_component>
      <object_component id="oc-29a">
         <name>.debug_info</name>
         <load_address>0x4445</load_address>
         <run_address>0x4445</run_address>
         <size>0x39</size>
         <input_file_ref idref="fl-3c"/>
      </object_component>
      <object_component id="oc-24d">
         <name>.debug_info</name>
         <load_address>0x447e</load_address>
         <run_address>0x447e</run_address>
         <size>0x2c</size>
         <input_file_ref idref="fl-3c"/>
      </object_component>
      <object_component id="oc-29f">
         <name>.debug_info</name>
         <load_address>0x44aa</load_address>
         <run_address>0x44aa</run_address>
         <size>0xcd</size>
         <input_file_ref idref="fl-3c"/>
      </object_component>
      <object_component id="oc-16e">
         <name>.debug_info</name>
         <load_address>0x4577</load_address>
         <run_address>0x4577</run_address>
         <size>0x16a</size>
         <input_file_ref idref="fl-3d"/>
      </object_component>
      <object_component id="oc-f7">
         <name>.debug_info</name>
         <load_address>0x46e1</load_address>
         <run_address>0x46e1</run_address>
         <size>0x1c7</size>
         <input_file_ref idref="fl-3d"/>
      </object_component>
      <object_component id="oc-169">
         <name>.debug_info</name>
         <load_address>0x48a8</load_address>
         <run_address>0x48a8</run_address>
         <size>0x46</size>
         <input_file_ref idref="fl-3d"/>
      </object_component>
      <object_component id="oc-13d">
         <name>.debug_info</name>
         <load_address>0x48ee</load_address>
         <run_address>0x48ee</run_address>
         <size>0x2c</size>
         <input_file_ref idref="fl-3d"/>
      </object_component>
      <object_component id="oc-171">
         <name>.debug_info</name>
         <load_address>0x491a</load_address>
         <run_address>0x491a</run_address>
         <size>0x148</size>
         <input_file_ref idref="fl-41"/>
      </object_component>
      <object_component id="oc-23c">
         <name>.debug_info</name>
         <load_address>0x4a62</load_address>
         <run_address>0x4a62</run_address>
         <size>0x145</size>
         <input_file_ref idref="fl-42"/>
      </object_component>
      <object_component id="oc-d6">
         <name>.debug_info</name>
         <load_address>0x4ba7</load_address>
         <run_address>0x4ba7</run_address>
         <size>0x1bc</size>
         <input_file_ref idref="fl-43"/>
      </object_component>
      <object_component id="oc-38">
         <name>.debug_info</name>
         <load_address>0x4d63</load_address>
         <run_address>0x4d63</run_address>
         <size>0x1df</size>
         <input_file_ref idref="fl-43"/>
      </object_component>
      <object_component id="oc-d1">
         <name>.debug_info</name>
         <load_address>0x4f42</load_address>
         <run_address>0x4f42</run_address>
         <size>0x46</size>
         <input_file_ref idref="fl-43"/>
      </object_component>
      <object_component id="oc-142">
         <name>.debug_info</name>
         <load_address>0x4f88</load_address>
         <run_address>0x4f88</run_address>
         <size>0x2c</size>
         <input_file_ref idref="fl-43"/>
      </object_component>
      <object_component id="oc-13a">
         <name>.debug_info</name>
         <load_address>0x4fb4</load_address>
         <run_address>0x4fb4</run_address>
         <size>0x16b</size>
         <input_file_ref idref="fl-44"/>
      </object_component>
      <object_component id="oc-31">
         <name>.debug_info</name>
         <load_address>0x511f</load_address>
         <run_address>0x511f</run_address>
         <size>0x287</size>
         <input_file_ref idref="fl-44"/>
      </object_component>
      <object_component id="oc-c0">
         <name>.debug_info</name>
         <load_address>0x53a6</load_address>
         <run_address>0x53a6</run_address>
         <size>0x60</size>
         <input_file_ref idref="fl-44"/>
      </object_component>
      <object_component id="oc-135">
         <name>.debug_info</name>
         <load_address>0x5406</load_address>
         <run_address>0x5406</run_address>
         <size>0x46</size>
         <input_file_ref idref="fl-44"/>
      </object_component>
      <object_component id="oc-1b4">
         <name>.debug_info</name>
         <load_address>0x544c</load_address>
         <run_address>0x544c</run_address>
         <size>0x117</size>
         <input_file_ref idref="fl-45"/>
      </object_component>
      <object_component id="oc-13c">
         <name>.debug_info</name>
         <load_address>0x5563</load_address>
         <run_address>0x5563</run_address>
         <size>0x176</size>
         <input_file_ref idref="fl-48"/>
      </object_component>
      <object_component id="oc-cd">
         <name>.debug_info</name>
         <load_address>0x56d9</load_address>
         <run_address>0x56d9</run_address>
         <size>0x16f</size>
         <input_file_ref idref="fl-48"/>
      </object_component>
      <object_component id="oc-2b1">
         <name>.debug_info</name>
         <load_address>0x5848</load_address>
         <run_address>0x5848</run_address>
         <size>0x11e</size>
         <input_file_ref idref="fl-4a"/>
      </object_component>
      <object_component id="oc-2a7">
         <name>.debug_info</name>
         <load_address>0x5966</load_address>
         <run_address>0x5966</run_address>
         <size>0x119</size>
         <input_file_ref idref="fl-4b"/>
      </object_component>
      <object_component id="oc-30b">
         <name>.debug_info</name>
         <load_address>0x5a7f</load_address>
         <run_address>0x5a7f</run_address>
         <size>0xab</size>
      </object_component>
      <object_component id="oc-1a2">
         <name>.debug_line</name>
         <load_address>0x0</load_address>
         <run_address>0x0</run_address>
         <size>0xc1</size>
         <input_file_ref idref="fl-2"/>
      </object_component>
      <object_component id="oc-1a0">
         <name>.debug_line</name>
         <load_address>0xc1</load_address>
         <run_address>0xc1</run_address>
         <size>0x5b</size>
         <input_file_ref idref="fl-2"/>
      </object_component>
      <object_component id="oc-165">
         <name>.debug_line</name>
         <load_address>0x11c</load_address>
         <run_address>0x11c</run_address>
         <size>0x74</size>
         <input_file_ref idref="fl-2"/>
      </object_component>
      <object_component id="oc-1b1">
         <name>.debug_line</name>
         <load_address>0x190</load_address>
         <run_address>0x190</run_address>
         <size>0x92</size>
         <input_file_ref idref="fl-2"/>
      </object_component>
      <object_component id="oc-c8">
         <name>.debug_line</name>
         <load_address>0x222</load_address>
         <run_address>0x222</run_address>
         <size>0x20</size>
         <input_file_ref idref="fl-2"/>
      </object_component>
      <object_component id="oc-1a6">
         <name>.debug_line</name>
         <load_address>0x242</load_address>
         <run_address>0x242</run_address>
         <size>0x52</size>
         <input_file_ref idref="fl-2"/>
      </object_component>
      <object_component id="oc-197">
         <name>.debug_line</name>
         <load_address>0x294</load_address>
         <run_address>0x294</run_address>
         <size>0x90</size>
         <input_file_ref idref="fl-3"/>
      </object_component>
      <object_component id="oc-17b">
         <name>.debug_line</name>
         <load_address>0x324</load_address>
         <run_address>0x324</run_address>
         <size>0x96</size>
         <input_file_ref idref="fl-3"/>
      </object_component>
      <object_component id="oc-e7">
         <name>.debug_line</name>
         <load_address>0x3ba</load_address>
         <run_address>0x3ba</run_address>
         <size>0xa1</size>
         <input_file_ref idref="fl-3"/>
      </object_component>
      <object_component id="oc-ed">
         <name>.debug_line</name>
         <load_address>0x45b</load_address>
         <run_address>0x45b</run_address>
         <size>0xad</size>
         <input_file_ref idref="fl-3"/>
      </object_component>
      <object_component id="oc-f2">
         <name>.debug_line</name>
         <load_address>0x508</load_address>
         <run_address>0x508</run_address>
         <size>0x75</size>
         <input_file_ref idref="fl-3"/>
      </object_component>
      <object_component id="oc-e0">
         <name>.debug_line</name>
         <load_address>0x57d</load_address>
         <run_address>0x57d</run_address>
         <size>0x84</size>
         <input_file_ref idref="fl-3"/>
      </object_component>
      <object_component id="oc-222">
         <name>.debug_line</name>
         <load_address>0x601</load_address>
         <run_address>0x601</run_address>
         <size>0x4e</size>
         <input_file_ref idref="fl-1e"/>
      </object_component>
      <object_component id="oc-224">
         <name>.debug_line</name>
         <load_address>0x64f</load_address>
         <run_address>0x64f</run_address>
         <size>0x4d</size>
         <input_file_ref idref="fl-1f"/>
      </object_component>
      <object_component id="oc-281">
         <name>.debug_line</name>
         <load_address>0x69c</load_address>
         <run_address>0x69c</run_address>
         <size>0x43</size>
         <input_file_ref idref="fl-20"/>
      </object_component>
      <object_component id="oc-156">
         <name>.debug_line</name>
         <load_address>0x6df</load_address>
         <run_address>0x6df</run_address>
         <size>0x5a</size>
         <input_file_ref idref="fl-21"/>
      </object_component>
      <object_component id="oc-19d">
         <name>.debug_line</name>
         <load_address>0x739</load_address>
         <run_address>0x739</run_address>
         <size>0x64</size>
         <input_file_ref idref="fl-22"/>
      </object_component>
      <object_component id="oc-be">
         <name>.debug_line</name>
         <load_address>0x79d</load_address>
         <run_address>0x79d</run_address>
         <size>0x40</size>
         <input_file_ref idref="fl-23"/>
      </object_component>
      <object_component id="oc-21d">
         <name>.debug_line</name>
         <load_address>0x7dd</load_address>
         <run_address>0x7dd</run_address>
         <size>0xbb</size>
         <input_file_ref idref="fl-24"/>
      </object_component>
      <object_component id="oc-207">
         <name>.debug_line</name>
         <load_address>0x898</load_address>
         <run_address>0x898</run_address>
         <size>0x5e</size>
         <input_file_ref idref="fl-25"/>
      </object_component>
      <object_component id="oc-218">
         <name>.debug_line</name>
         <load_address>0x8f6</load_address>
         <run_address>0x8f6</run_address>
         <size>0x55</size>
         <input_file_ref idref="fl-26"/>
      </object_component>
      <object_component id="oc-20e">
         <name>.debug_line</name>
         <load_address>0x94b</load_address>
         <run_address>0x94b</run_address>
         <size>0x94</size>
         <input_file_ref idref="fl-27"/>
      </object_component>
      <object_component id="oc-210">
         <name>.debug_line</name>
         <load_address>0x9df</load_address>
         <run_address>0x9df</run_address>
         <size>0x68</size>
         <input_file_ref idref="fl-28"/>
      </object_component>
      <object_component id="oc-d9">
         <name>.debug_line</name>
         <load_address>0xa47</load_address>
         <run_address>0xa47</run_address>
         <size>0x3d</size>
         <input_file_ref idref="fl-31"/>
      </object_component>
      <object_component id="oc-b4">
         <name>.debug_line</name>
         <load_address>0xa84</load_address>
         <run_address>0xa84</run_address>
         <size>0x4e</size>
         <input_file_ref idref="fl-32"/>
      </object_component>
      <object_component id="oc-260">
         <name>.debug_line</name>
         <load_address>0xad2</load_address>
         <run_address>0xad2</run_address>
         <size>0x56</size>
         <input_file_ref idref="fl-33"/>
      </object_component>
      <object_component id="oc-b7">
         <name>.debug_line</name>
         <load_address>0xb28</load_address>
         <run_address>0xb28</run_address>
         <size>0x5e</size>
         <input_file_ref idref="fl-34"/>
      </object_component>
      <object_component id="oc-265">
         <name>.debug_line</name>
         <load_address>0xb86</load_address>
         <run_address>0xb86</run_address>
         <size>0x65</size>
         <input_file_ref idref="fl-35"/>
      </object_component>
      <object_component id="oc-151">
         <name>.debug_line</name>
         <load_address>0xbeb</load_address>
         <run_address>0xbeb</run_address>
         <size>0x4b</size>
         <input_file_ref idref="fl-36"/>
      </object_component>
      <object_component id="oc-2b9">
         <name>.debug_line</name>
         <load_address>0xc36</load_address>
         <run_address>0xc36</run_address>
         <size>0x20</size>
         <input_file_ref idref="fl-37"/>
      </object_component>
      <object_component id="oc-200">
         <name>.debug_line</name>
         <load_address>0xc56</load_address>
         <run_address>0xc56</run_address>
         <size>0x6c</size>
         <input_file_ref idref="fl-37"/>
      </object_component>
      <object_component id="oc-2b7">
         <name>.debug_line</name>
         <load_address>0xcc2</load_address>
         <run_address>0xcc2</run_address>
         <size>0x2d</size>
         <input_file_ref idref="fl-38"/>
      </object_component>
      <object_component id="oc-1fd">
         <name>.debug_line</name>
         <load_address>0xcef</load_address>
         <run_address>0xcef</run_address>
         <size>0xe9</size>
         <input_file_ref idref="fl-38"/>
      </object_component>
      <object_component id="oc-272">
         <name>.debug_line</name>
         <load_address>0xdd8</load_address>
         <run_address>0xdd8</run_address>
         <size>0x2e</size>
         <input_file_ref idref="fl-38"/>
      </object_component>
      <object_component id="oc-2ae">
         <name>.debug_line</name>
         <load_address>0xe06</load_address>
         <run_address>0xe06</run_address>
         <size>0x20</size>
         <input_file_ref idref="fl-39"/>
      </object_component>
      <object_component id="oc-1f7">
         <name>.debug_line</name>
         <load_address>0xe26</load_address>
         <run_address>0xe26</run_address>
         <size>0x71</size>
         <input_file_ref idref="fl-39"/>
      </object_component>
      <object_component id="oc-2ca">
         <name>.debug_line</name>
         <load_address>0xe97</load_address>
         <run_address>0xe97</run_address>
         <size>0x20</size>
         <input_file_ref idref="fl-3a"/>
      </object_component>
      <object_component id="oc-26c">
         <name>.debug_line</name>
         <load_address>0xeb7</load_address>
         <run_address>0xeb7</run_address>
         <size>0xdc</size>
         <input_file_ref idref="fl-3a"/>
      </object_component>
      <object_component id="oc-131">
         <name>.debug_line</name>
         <load_address>0xf93</load_address>
         <run_address>0xf93</run_address>
         <size>0x2a</size>
         <input_file_ref idref="fl-3b"/>
      </object_component>
      <object_component id="oc-10b">
         <name>.debug_line</name>
         <load_address>0xfbd</load_address>
         <run_address>0xfbd</run_address>
         <size>0x46</size>
         <input_file_ref idref="fl-3b"/>
      </object_component>
      <object_component id="oc-299">
         <name>.debug_line</name>
         <load_address>0x1003</load_address>
         <run_address>0x1003</run_address>
         <size>0xb7</size>
         <input_file_ref idref="fl-3c"/>
      </object_component>
      <object_component id="oc-1c2">
         <name>.debug_line</name>
         <load_address>0x10ba</load_address>
         <run_address>0x10ba</run_address>
         <size>0x73</size>
         <input_file_ref idref="fl-3c"/>
      </object_component>
      <object_component id="oc-29d">
         <name>.debug_line</name>
         <load_address>0x112d</load_address>
         <run_address>0x112d</run_address>
         <size>0x2e</size>
         <input_file_ref idref="fl-3c"/>
      </object_component>
      <object_component id="oc-250">
         <name>.debug_line</name>
         <load_address>0x115b</load_address>
         <run_address>0x115b</run_address>
         <size>0x8a</size>
         <input_file_ref idref="fl-3c"/>
      </object_component>
      <object_component id="oc-2a2">
         <name>.debug_line</name>
         <load_address>0x11e5</load_address>
         <run_address>0x11e5</run_address>
         <size>0x8b</size>
         <input_file_ref idref="fl-3c"/>
      </object_component>
      <object_component id="oc-1aa">
         <name>.debug_line</name>
         <load_address>0x1270</load_address>
         <run_address>0x1270</run_address>
         <size>0x20</size>
         <input_file_ref idref="fl-3d"/>
      </object_component>
      <object_component id="oc-f6">
         <name>.debug_line</name>
         <load_address>0x1290</load_address>
         <run_address>0x1290</run_address>
         <size>0x4d</size>
         <input_file_ref idref="fl-3d"/>
      </object_component>
      <object_component id="oc-16c">
         <name>.debug_line</name>
         <load_address>0x12dd</load_address>
         <run_address>0x12dd</run_address>
         <size>0x34</size>
         <input_file_ref idref="fl-3d"/>
      </object_component>
      <object_component id="oc-140">
         <name>.debug_line</name>
         <load_address>0x1311</load_address>
         <run_address>0x1311</run_address>
         <size>0x8a</size>
         <input_file_ref idref="fl-3d"/>
      </object_component>
      <object_component id="oc-174">
         <name>.debug_line</name>
         <load_address>0x139b</load_address>
         <run_address>0x139b</run_address>
         <size>0x3e</size>
         <input_file_ref idref="fl-41"/>
      </object_component>
      <object_component id="oc-23f">
         <name>.debug_line</name>
         <load_address>0x13d9</load_address>
         <run_address>0x13d9</run_address>
         <size>0x3a</size>
         <input_file_ref idref="fl-42"/>
      </object_component>
      <object_component id="oc-148">
         <name>.debug_line</name>
         <load_address>0x1413</load_address>
         <run_address>0x1413</run_address>
         <size>0x8a</size>
         <input_file_ref idref="fl-43"/>
      </object_component>
      <object_component id="oc-37">
         <name>.debug_line</name>
         <load_address>0x149d</load_address>
         <run_address>0x149d</run_address>
         <size>0x50</size>
         <input_file_ref idref="fl-43"/>
      </object_component>
      <object_component id="oc-d4">
         <name>.debug_line</name>
         <load_address>0x14ed</load_address>
         <run_address>0x14ed</run_address>
         <size>0x3a</size>
         <input_file_ref idref="fl-43"/>
      </object_component>
      <object_component id="oc-145">
         <name>.debug_line</name>
         <load_address>0x1527</load_address>
         <run_address>0x1527</run_address>
         <size>0x8a</size>
         <input_file_ref idref="fl-43"/>
      </object_component>
      <object_component id="oc-193">
         <name>.debug_line</name>
         <load_address>0x15b1</load_address>
         <run_address>0x15b1</run_address>
         <size>0x20</size>
         <input_file_ref idref="fl-44"/>
      </object_component>
      <object_component id="oc-34">
         <name>.debug_line</name>
         <load_address>0x15d1</load_address>
         <run_address>0x15d1</run_address>
         <size>0x92</size>
         <input_file_ref idref="fl-44"/>
      </object_component>
      <object_component id="oc-c3">
         <name>.debug_line</name>
         <load_address>0x1663</load_address>
         <run_address>0x1663</run_address>
         <size>0x3a</size>
         <input_file_ref idref="fl-44"/>
      </object_component>
      <object_component id="oc-138">
         <name>.debug_line</name>
         <load_address>0x169d</load_address>
         <run_address>0x169d</run_address>
         <size>0x8a</size>
         <input_file_ref idref="fl-44"/>
      </object_component>
      <object_component id="oc-1b7">
         <name>.debug_line</name>
         <load_address>0x1727</load_address>
         <run_address>0x1727</run_address>
         <size>0x3d</size>
         <input_file_ref idref="fl-45"/>
      </object_component>
      <object_component id="oc-195">
         <name>.debug_line</name>
         <load_address>0x1764</load_address>
         <run_address>0x1764</run_address>
         <size>0x20</size>
         <input_file_ref idref="fl-48"/>
      </object_component>
      <object_component id="oc-cb">
         <name>.debug_line</name>
         <load_address>0x1784</load_address>
         <run_address>0x1784</run_address>
         <size>0x42</size>
         <input_file_ref idref="fl-48"/>
      </object_component>
      <object_component id="oc-2b0">
         <name>.debug_line</name>
         <load_address>0x17c6</load_address>
         <run_address>0x17c6</run_address>
         <size>0x56</size>
         <input_file_ref idref="fl-4a"/>
      </object_component>
      <object_component id="oc-2a5">
         <name>.debug_line</name>
         <load_address>0x181c</load_address>
         <run_address>0x181c</run_address>
         <size>0x42</size>
         <input_file_ref idref="fl-4b"/>
      </object_component>
      <object_component id="oc-164">
         <name>.debug_frame</name>
         <load_address>0x0</load_address>
         <run_address>0x0</run_address>
         <size>0x3c</size>
         <input_file_ref idref="fl-2"/>
      </object_component>
      <object_component id="oc-1b0">
         <name>.debug_frame</name>
         <load_address>0x3c</load_address>
         <run_address>0x3c</run_address>
         <size>0x50</size>
         <input_file_ref idref="fl-2"/>
      </object_component>
      <object_component id="oc-17a">
         <name>.debug_frame</name>
         <load_address>0x8c</load_address>
         <run_address>0x8c</run_address>
         <size>0x40</size>
         <input_file_ref idref="fl-3"/>
      </object_component>
      <object_component id="oc-e6">
         <name>.debug_frame</name>
         <load_address>0xcc</load_address>
         <run_address>0xcc</run_address>
         <size>0x44</size>
         <input_file_ref idref="fl-3"/>
      </object_component>
      <object_component id="oc-ec">
         <name>.debug_frame</name>
         <load_address>0x110</load_address>
         <run_address>0x110</run_address>
         <size>0x64</size>
         <input_file_ref idref="fl-3"/>
      </object_component>
      <object_component id="oc-f3">
         <name>.debug_frame</name>
         <load_address>0x174</load_address>
         <run_address>0x174</run_address>
         <size>0x3c</size>
         <input_file_ref idref="fl-3"/>
      </object_component>
      <object_component id="oc-e1">
         <name>.debug_frame</name>
         <load_address>0x1b0</load_address>
         <run_address>0x1b0</run_address>
         <size>0x64</size>
         <input_file_ref idref="fl-3"/>
      </object_component>
      <object_component id="oc-201">
         <name>.debug_frame</name>
         <load_address>0x214</load_address>
         <run_address>0x214</run_address>
         <size>0x44</size>
         <input_file_ref idref="fl-37"/>
      </object_component>
      <object_component id="oc-1fe">
         <name>.debug_frame</name>
         <load_address>0x258</load_address>
         <run_address>0x258</run_address>
         <size>0x68</size>
         <input_file_ref idref="fl-38"/>
      </object_component>
      <object_component id="oc-1f8">
         <name>.debug_frame</name>
         <load_address>0x2c0</load_address>
         <run_address>0x2c0</run_address>
         <size>0x44</size>
         <input_file_ref idref="fl-39"/>
      </object_component>
      <object_component id="oc-26d">
         <name>.debug_frame</name>
         <load_address>0x304</load_address>
         <run_address>0x304</run_address>
         <size>0x78</size>
         <input_file_ref idref="fl-3a"/>
      </object_component>
      <object_component id="oc-10a">
         <name>.debug_frame</name>
         <load_address>0x37c</load_address>
         <run_address>0x37c</run_address>
         <size>0x34</size>
         <input_file_ref idref="fl-3b"/>
      </object_component>
      <object_component id="oc-1c0">
         <name>.debug_frame</name>
         <load_address>0x3b0</load_address>
         <run_address>0x3b0</run_address>
         <size>0x44</size>
         <input_file_ref idref="fl-3c"/>
      </object_component>
      <object_component id="oc-f5">
         <name>.debug_frame</name>
         <load_address>0x3f4</load_address>
         <run_address>0x3f4</run_address>
         <size>0x3c</size>
         <input_file_ref idref="fl-3d"/>
      </object_component>
      <object_component id="oc-175">
         <name>.debug_frame</name>
         <load_address>0x430</load_address>
         <run_address>0x430</run_address>
         <size>0x3c</size>
         <input_file_ref idref="fl-41"/>
      </object_component>
      <object_component id="oc-240">
         <name>.debug_frame</name>
         <load_address>0x46c</load_address>
         <run_address>0x46c</run_address>
         <size>0x3c</size>
         <input_file_ref idref="fl-42"/>
      </object_component>
      <object_component id="oc-3b">
         <name>.debug_frame</name>
         <load_address>0x4a8</load_address>
         <run_address>0x4a8</run_address>
         <size>0x3c</size>
         <input_file_ref idref="fl-43"/>
      </object_component>
      <object_component id="oc-35">
         <name>.debug_frame</name>
         <load_address>0x4e4</load_address>
         <run_address>0x4e4</run_address>
         <size>0x48</size>
         <input_file_ref idref="fl-44"/>
      </object_component>
      <object_component id="oc-1b8">
         <name>.debug_frame</name>
         <load_address>0x52c</load_address>
         <run_address>0x52c</run_address>
         <size>0x3c</size>
         <input_file_ref idref="fl-45"/>
      </object_component>
      <object_component id="oc-cf">
         <name>.debug_frame</name>
         <load_address>0x568</load_address>
         <run_address>0x568</run_address>
         <size>0x3c</size>
         <input_file_ref idref="fl-48"/>
      </object_component>
      <object_component id="oc-1a1">
         <name>.debug_abbrev</name>
         <load_address>0x0</load_address>
         <run_address>0x0</run_address>
         <size>0xc1</size>
         <input_file_ref idref="fl-2"/>
      </object_component>
      <object_component id="oc-19f">
         <name>.debug_abbrev</name>
         <load_address>0xc1</load_address>
         <run_address>0xc1</run_address>
         <size>0x29</size>
         <input_file_ref idref="fl-2"/>
      </object_component>
      <object_component id="oc-1a8">
         <name>.debug_abbrev</name>
         <load_address>0xea</load_address>
         <run_address>0xea</run_address>
         <size>0x6e</size>
         <input_file_ref idref="fl-2"/>
      </object_component>
      <object_component id="oc-228">
         <name>.debug_abbrev</name>
         <load_address>0x158</load_address>
         <run_address>0x158</run_address>
         <size>0x7a</size>
         <input_file_ref idref="fl-2"/>
      </object_component>
      <object_component id="oc-c7">
         <name>.debug_abbrev</name>
         <load_address>0x1d2</load_address>
         <run_address>0x1d2</run_address>
         <size>0x1f</size>
         <input_file_ref idref="fl-2"/>
      </object_component>
      <object_component id="oc-1a5">
         <name>.debug_abbrev</name>
         <load_address>0x1f1</load_address>
         <run_address>0x1f1</run_address>
         <size>0x24</size>
         <input_file_ref idref="fl-2"/>
      </object_component>
      <object_component id="oc-196">
         <name>.debug_abbrev</name>
         <load_address>0x215</load_address>
         <run_address>0x215</run_address>
         <size>0x29</size>
         <input_file_ref idref="fl-3"/>
      </object_component>
      <object_component id="oc-1b2">
         <name>.debug_abbrev</name>
         <load_address>0x23e</load_address>
         <run_address>0x23e</run_address>
         <size>0x52</size>
         <input_file_ref idref="fl-3"/>
      </object_component>
      <object_component id="oc-15f">
         <name>.debug_abbrev</name>
         <load_address>0x290</load_address>
         <run_address>0x290</run_address>
         <size>0x53</size>
         <input_file_ref idref="fl-3"/>
      </object_component>
      <object_component id="oc-166">
         <name>.debug_abbrev</name>
         <load_address>0x2e3</load_address>
         <run_address>0x2e3</run_address>
         <size>0x61</size>
         <input_file_ref idref="fl-3"/>
      </object_component>
      <object_component id="oc-167">
         <name>.debug_abbrev</name>
         <load_address>0x344</load_address>
         <run_address>0x344</run_address>
         <size>0x53</size>
         <input_file_ref idref="fl-3"/>
      </object_component>
      <object_component id="oc-157">
         <name>.debug_abbrev</name>
         <load_address>0x397</load_address>
         <run_address>0x397</run_address>
         <size>0x61</size>
         <input_file_ref idref="fl-3"/>
      </object_component>
      <object_component id="oc-27c">
         <name>.debug_abbrev</name>
         <load_address>0x3f8</load_address>
         <run_address>0x3f8</run_address>
         <size>0x3c</size>
         <input_file_ref idref="fl-1e"/>
      </object_component>
      <object_component id="oc-282">
         <name>.debug_abbrev</name>
         <load_address>0x434</load_address>
         <run_address>0x434</run_address>
         <size>0x4a</size>
         <input_file_ref idref="fl-1f"/>
      </object_component>
      <object_component id="oc-2ba">
         <name>.debug_abbrev</name>
         <load_address>0x47e</load_address>
         <run_address>0x47e</run_address>
         <size>0x3c</size>
         <input_file_ref idref="fl-20"/>
      </object_component>
      <object_component id="oc-19e">
         <name>.debug_abbrev</name>
         <load_address>0x4ba</load_address>
         <run_address>0x4ba</run_address>
         <size>0x4a</size>
         <input_file_ref idref="fl-21"/>
      </object_component>
      <object_component id="oc-1f2">
         <name>.debug_abbrev</name>
         <load_address>0x504</load_address>
         <run_address>0x504</run_address>
         <size>0x3c</size>
         <input_file_ref idref="fl-22"/>
      </object_component>
      <object_component id="oc-134">
         <name>.debug_abbrev</name>
         <load_address>0x540</load_address>
         <run_address>0x540</run_address>
         <size>0x3a</size>
         <input_file_ref idref="fl-23"/>
      </object_component>
      <object_component id="oc-27b">
         <name>.debug_abbrev</name>
         <load_address>0x57a</load_address>
         <run_address>0x57a</run_address>
         <size>0x3c</size>
         <input_file_ref idref="fl-24"/>
      </object_component>
      <object_component id="oc-277">
         <name>.debug_abbrev</name>
         <load_address>0x5b6</load_address>
         <run_address>0x5b6</run_address>
         <size>0x3c</size>
         <input_file_ref idref="fl-25"/>
      </object_component>
      <object_component id="oc-27a">
         <name>.debug_abbrev</name>
         <load_address>0x5f2</load_address>
         <run_address>0x5f2</run_address>
         <size>0x3c</size>
         <input_file_ref idref="fl-26"/>
      </object_component>
      <object_component id="oc-278">
         <name>.debug_abbrev</name>
         <load_address>0x62e</load_address>
         <run_address>0x62e</run_address>
         <size>0x3c</size>
         <input_file_ref idref="fl-27"/>
      </object_component>
      <object_component id="oc-279">
         <name>.debug_abbrev</name>
         <load_address>0x66a</load_address>
         <run_address>0x66a</run_address>
         <size>0x3c</size>
         <input_file_ref idref="fl-28"/>
      </object_component>
      <object_component id="oc-149">
         <name>.debug_abbrev</name>
         <load_address>0x6a6</load_address>
         <run_address>0x6a6</run_address>
         <size>0x28</size>
         <input_file_ref idref="fl-31"/>
      </object_component>
      <object_component id="oc-132">
         <name>.debug_abbrev</name>
         <load_address>0x6ce</load_address>
         <run_address>0x6ce</run_address>
         <size>0x3c</size>
         <input_file_ref idref="fl-32"/>
      </object_component>
      <object_component id="oc-2ab">
         <name>.debug_abbrev</name>
         <load_address>0x70a</load_address>
         <run_address>0x70a</run_address>
         <size>0x3c</size>
         <input_file_ref idref="fl-33"/>
      </object_component>
      <object_component id="oc-133">
         <name>.debug_abbrev</name>
         <load_address>0x746</load_address>
         <run_address>0x746</run_address>
         <size>0x3c</size>
         <input_file_ref idref="fl-34"/>
      </object_component>
      <object_component id="oc-2ac">
         <name>.debug_abbrev</name>
         <load_address>0x782</load_address>
         <run_address>0x782</run_address>
         <size>0x3c</size>
         <input_file_ref idref="fl-35"/>
      </object_component>
      <object_component id="oc-198">
         <name>.debug_abbrev</name>
         <load_address>0x7be</load_address>
         <run_address>0x7be</run_address>
         <size>0x3c</size>
         <input_file_ref idref="fl-36"/>
      </object_component>
      <object_component id="oc-2b8">
         <name>.debug_abbrev</name>
         <load_address>0x7fa</load_address>
         <run_address>0x7fa</run_address>
         <size>0x3e</size>
         <input_file_ref idref="fl-37"/>
      </object_component>
      <object_component id="oc-275">
         <name>.debug_abbrev</name>
         <load_address>0x838</load_address>
         <run_address>0x838</run_address>
         <size>0x7f</size>
         <input_file_ref idref="fl-37"/>
      </object_component>
      <object_component id="oc-2b6">
         <name>.debug_abbrev</name>
         <load_address>0x8b7</load_address>
         <run_address>0x8b7</run_address>
         <size>0x66</size>
         <input_file_ref idref="fl-38"/>
      </object_component>
      <object_component id="oc-26e">
         <name>.debug_abbrev</name>
         <load_address>0x91d</load_address>
         <run_address>0x91d</run_address>
         <size>0x7f</size>
         <input_file_ref idref="fl-38"/>
      </object_component>
      <object_component id="oc-271">
         <name>.debug_abbrev</name>
         <load_address>0x99c</load_address>
         <run_address>0x99c</run_address>
         <size>0x70</size>
         <input_file_ref idref="fl-38"/>
      </object_component>
      <object_component id="oc-2ad">
         <name>.debug_abbrev</name>
         <load_address>0xa0c</load_address>
         <run_address>0xa0c</run_address>
         <size>0x3e</size>
         <input_file_ref idref="fl-39"/>
      </object_component>
      <object_component id="oc-266">
         <name>.debug_abbrev</name>
         <load_address>0xa4a</load_address>
         <run_address>0xa4a</run_address>
         <size>0x7f</size>
         <input_file_ref idref="fl-39"/>
      </object_component>
      <object_component id="oc-2c9">
         <name>.debug_abbrev</name>
         <load_address>0xac9</load_address>
         <run_address>0xac9</run_address>
         <size>0x4e</size>
         <input_file_ref idref="fl-3a"/>
      </object_component>
      <object_component id="oc-2b4">
         <name>.debug_abbrev</name>
         <load_address>0xb17</load_address>
         <run_address>0xb17</run_address>
         <size>0x8d</size>
         <input_file_ref idref="fl-3a"/>
      </object_component>
      <object_component id="oc-130">
         <name>.debug_abbrev</name>
         <load_address>0xba4</load_address>
         <run_address>0xba4</run_address>
         <size>0x29</size>
         <input_file_ref idref="fl-3b"/>
      </object_component>
      <object_component id="oc-17f">
         <name>.debug_abbrev</name>
         <load_address>0xbcd</load_address>
         <run_address>0xbcd</run_address>
         <size>0x58</size>
         <input_file_ref idref="fl-3b"/>
      </object_component>
      <object_component id="oc-298">
         <name>.debug_abbrev</name>
         <load_address>0xc25</load_address>
         <run_address>0xc25</run_address>
         <size>0xc0</size>
         <input_file_ref idref="fl-3c"/>
      </object_component>
      <object_component id="oc-241">
         <name>.debug_abbrev</name>
         <load_address>0xce5</load_address>
         <run_address>0xce5</run_address>
         <size>0x7e</size>
         <input_file_ref idref="fl-3c"/>
      </object_component>
      <object_component id="oc-29c">
         <name>.debug_abbrev</name>
         <load_address>0xd63</load_address>
         <run_address>0xd63</run_address>
         <size>0x24</size>
         <input_file_ref idref="fl-3c"/>
      </object_component>
      <object_component id="oc-24f">
         <name>.debug_abbrev</name>
         <load_address>0xd87</load_address>
         <run_address>0xd87</run_address>
         <size>0x24</size>
         <input_file_ref idref="fl-3c"/>
      </object_component>
      <object_component id="oc-2a1">
         <name>.debug_abbrev</name>
         <load_address>0xdab</load_address>
         <run_address>0xdab</run_address>
         <size>0x4b</size>
         <input_file_ref idref="fl-3c"/>
      </object_component>
      <object_component id="oc-1a9">
         <name>.debug_abbrev</name>
         <load_address>0xdf6</load_address>
         <run_address>0xdf6</run_address>
         <size>0x37</size>
         <input_file_ref idref="fl-3d"/>
      </object_component>
      <object_component id="oc-168">
         <name>.debug_abbrev</name>
         <load_address>0xe2d</load_address>
         <run_address>0xe2d</run_address>
         <size>0x6f</size>
         <input_file_ref idref="fl-3d"/>
      </object_component>
      <object_component id="oc-16b">
         <name>.debug_abbrev</name>
         <load_address>0xe9c</load_address>
         <run_address>0xe9c</run_address>
         <size>0x24</size>
         <input_file_ref idref="fl-3d"/>
      </object_component>
      <object_component id="oc-13f">
         <name>.debug_abbrev</name>
         <load_address>0xec0</load_address>
         <run_address>0xec0</run_address>
         <size>0x24</size>
         <input_file_ref idref="fl-3d"/>
      </object_component>
      <object_component id="oc-1ab">
         <name>.debug_abbrev</name>
         <load_address>0xee4</load_address>
         <run_address>0xee4</run_address>
         <size>0x55</size>
         <input_file_ref idref="fl-41"/>
      </object_component>
      <object_component id="oc-297">
         <name>.debug_abbrev</name>
         <load_address>0xf39</load_address>
         <run_address>0xf39</run_address>
         <size>0x53</size>
         <input_file_ref idref="fl-42"/>
      </object_component>
      <object_component id="oc-147">
         <name>.debug_abbrev</name>
         <load_address>0xf8c</load_address>
         <run_address>0xf8c</run_address>
         <size>0x64</size>
         <input_file_ref idref="fl-43"/>
      </object_component>
      <object_component id="oc-d0">
         <name>.debug_abbrev</name>
         <load_address>0xff0</load_address>
         <run_address>0xff0</run_address>
         <size>0x74</size>
         <input_file_ref idref="fl-43"/>
      </object_component>
      <object_component id="oc-d3">
         <name>.debug_abbrev</name>
         <load_address>0x1064</load_address>
         <run_address>0x1064</run_address>
         <size>0x24</size>
         <input_file_ref idref="fl-43"/>
      </object_component>
      <object_component id="oc-144">
         <name>.debug_abbrev</name>
         <load_address>0x1088</load_address>
         <run_address>0x1088</run_address>
         <size>0x24</size>
         <input_file_ref idref="fl-43"/>
      </object_component>
      <object_component id="oc-192">
         <name>.debug_abbrev</name>
         <load_address>0x10ac</load_address>
         <run_address>0x10ac</run_address>
         <size>0x37</size>
         <input_file_ref idref="fl-44"/>
      </object_component>
      <object_component id="oc-bf">
         <name>.debug_abbrev</name>
         <load_address>0x10e3</load_address>
         <run_address>0x10e3</run_address>
         <size>0x7d</size>
         <input_file_ref idref="fl-44"/>
      </object_component>
      <object_component id="oc-c2">
         <name>.debug_abbrev</name>
         <load_address>0x1160</load_address>
         <run_address>0x1160</run_address>
         <size>0x24</size>
         <input_file_ref idref="fl-44"/>
      </object_component>
      <object_component id="oc-137">
         <name>.debug_abbrev</name>
         <load_address>0x1184</load_address>
         <run_address>0x1184</run_address>
         <size>0x35</size>
         <input_file_ref idref="fl-44"/>
      </object_component>
      <object_component id="oc-229">
         <name>.debug_abbrev</name>
         <load_address>0x11b9</load_address>
         <run_address>0x11b9</run_address>
         <size>0x45</size>
         <input_file_ref idref="fl-45"/>
      </object_component>
      <object_component id="oc-194">
         <name>.debug_abbrev</name>
         <load_address>0x11fe</load_address>
         <run_address>0x11fe</run_address>
         <size>0x45</size>
         <input_file_ref idref="fl-48"/>
[...]
         <name>__mspabi_remu</name>
         <value>0xd170</value>
         <object_component_ref idref="oc-27d"/>
      </symbol>
      <symbol id="sm-153">
         <name>__mspabi_divu</name>
         <value>0xd170</value>
         <object_component_ref idref="oc-27d"/>
      </symbol>
      <symbol id="sm-15f">
         <name>__mspabi_remli</name>
         <value>0xcf9c</value>
         <object_component_ref idref="oc-152"/>
      </symbol>
      <symbol id="sm-160">
         <name>__mspabi_divli</name>
         <value>0xcf9c</value>
         <object_component_ref idref="oc-152"/>
      </symbol>
      <symbol id="sm-16e">
         <name>__mspabi_remul</name>
         <value>0xce6c</value>
         <object_component_ref idref="oc-199"/>
      </symbol>
      <symbol id="sm-16f">
         <name>__mspabi_divul</name>
         <value>0xce6c</value>
         <object_component_ref idref="oc-199"/>
      </symbol>
      <symbol id="sm-178">
         <name>__mspabi_func_epilog_2</name>
         <value>0xd1f2</value>
         <object_component_ref idref="oc-ba"/>
      </symbol>
      <symbol id="sm-179">
         <name>__mspabi_func_epilog_3</name>
         <value>0xd1f0</value>
         <object_component_ref idref="oc-ba"/>
      </symbol>
      <symbol id="sm-17a">
         <name>__mspabi_func_epilog_1</name>
         <value>0xd1f4</value>
         <object_component_ref idref="oc-ba"/>
      </symbol>
      <symbol id="sm-17b">
         <name>__mspabi_func_epilog_6</name>
         <value>0xd1ea</value>
         <object_component_ref idref="oc-ba"/>
      </symbol>
      <symbol id="sm-17c">
         <name>__mspabi_func_epilog_7</name>
         <value>0xd1e8</value>
         <object_component_ref idref="oc-ba"/>
      </symbol>
      <symbol id="sm-17d">
         <name>__mspabi_func_epilog_4</name>
         <value>0xd1ee</value>
         <object_component_ref idref="oc-ba"/>
      </symbol>
      <symbol id="sm-17e">
         <name>__mspabi_func_epilog_5</name>
         <value>0xd1ec</value>
         <object_component_ref idref="oc-ba"/>
      </symbol>
      <symbol id="sm-199">
         <name>__mspabi_subf</name>
         <value>0xc6b0</value>
         <object_component_ref idref="oc-219"/>
      </symbol>
      <symbol id="sm-19a">
         <name>__mspabi_addf</name>
         <value>0xc6b6</value>
         <object_component_ref idref="oc-219"/>
      </symbol>
      <symbol id="sm-1aa">
         <name>__mspabi_cmpf</name>
         <value>0xcf10</value>
         <object_component_ref idref="oc-205"/>
      </symbol>
      <symbol id="sm-1b7">
         <name>__mspabi_fltif</name>
         <value>0xd058</value>
         <object_component_ref idref="oc-214"/>
      </symbol>
      <symbol id="sm-1ce">
         <name>__mspabi_mpyf</name>
         <value>0xc908</value>
         <object_component_ref idref="oc-20a"/>
      </symbol>
      <symbol id="sm-1e0">
         <name>__mspabi_fixfi</name>
         <value>0xcda8</value>
         <object_component_ref idref="oc-20f"/>
      </symbol>
      <symbol id="sm-1e3">
         <name>__TI_int02</name>
         <value>0xffe4</value>
         <object_component_ref idref="oc-3c"/>
      </symbol>
      <symbol id="sm-1e6">
         <name>__TI_int03</name>
         <value>0xffe6</value>
         <object_component_ref idref="oc-3d"/>
      </symbol>
      <symbol id="sm-1e9">
         <name>__TI_int08</name>
         <value>0xfff0</value>
         <object_component_ref idref="oc-41"/>
      </symbol>
      <symbol id="sm-1ec">
         <name>__TI_int10</name>
         <value>0xfff4</value>
         <object_component_ref idref="oc-43"/>
      </symbol>
      <symbol id="sm-1ef">
         <name>__TI_int11</name>
         <value>0xfff6</value>
         <object_component_ref idref="oc-44"/>
      </symbol>
      <symbol id="sm-1f2">
         <name>__TI_int12</name>
         <value>0xfff8</value>
         <object_component_ref idref="oc-45"/>
      </symbol>
      <symbol id="sm-1f5">
         <name>__TI_int13</name>
         <value>0xfffa</value>
         <object_component_ref idref="oc-46"/>
      </symbol>
      <symbol id="sm-1f8">
         <name>__TI_int14</name>
         <value>0xfffc</value>
         <object_component_ref idref="oc-47"/>
      </symbol>
      <symbol id="sm-200">
         <name>__TI_ISR_TRAP</name>
         <value>0xd1f8</value>
         <object_component_ref idref="oc-d7"/>
      </symbol>
      <symbol id="sm-208">
         <name>__mspabi_slli</name>
         <value>0xd0e6</value>
         <object_component_ref idref="oc-b0"/>
      </symbol>
      <symbol id="sm-209">
         <name>__mspabi_slli_9</name>
         <value>0xd0fe</value>
         <object_component_ref idref="oc-b0"/>
      </symbol>
      <symbol id="sm-20a">
         <name>__mspabi_slli_8</name>
         <value>0xd100</value>
         <object_component_ref idref="oc-b0"/>
      </symbol>
      <symbol id="sm-20b">
         <name>__mspabi_slli_7</name>
         <value>0xd102</value>
         <object_component_ref idref="oc-b0"/>
      </symbol>
      <symbol id="sm-20c">
         <name>__mspabi_slli_6</name>
         <value>0xd104</value>
         <object_component_ref idref="oc-b0"/>
      </symbol>
      <symbol id="sm-20d">
         <name>__mspabi_slli_5</name>
         <value>0xd106</value>
         <object_component_ref idref="oc-b0"/>
      </symbol>
      <symbol id="sm-20e">
         <name>__mspabi_slli_4</name>
         <value>0xd108</value>
         <object_component_ref idref="oc-b0"/>
      </symbol>
      <symbol id="sm-20f">
         <name>__mspabi_slli_3</name>
         <value>0xd10a</value>
         <object_component_ref idref="oc-b0"/>
      </symbol>
      <symbol id="sm-210">
         <name>__mspabi_slli_2</name>
         <value>0xd10c</value>
         <object_component_ref idref="oc-b0"/>
      </symbol>
      <symbol id="sm-211">
         <name>__mspabi_slli_1</name>
         <value>0xd10e</value>
         <object_component_ref idref="oc-b0"/>
      </symbol>
      <symbol id="sm-212">
         <name>__mspabi_slli_15</name>
         <value>0xd0f2</value>
         <object_component_ref idref="oc-b0"/>
      </symbol>
      <symbol id="sm-213">
         <name>__mspabi_slli_14</name>
         <value>0xd0f4</value>
         <object_component_ref idref="oc-b0"/>
      </symbol>
      <symbol id="sm-214">
         <name>__mspabi_slli_13</name>
         <value>0xd0f6</value>
         <object_component_ref idref="oc-b0"/>
      </symbol>
      <symbol id="sm-215">
         <name>__mspabi_slli_12</name>
         <value>0xd0f8</value>
         <object_component_ref idref="oc-b0"/>
      </symbol>
      <symbol id="sm-216">
         <name>__mspabi_slli_11</name>
         <value>0xd0fa</value>
         <object_component_ref idref="oc-b0"/>
      </symbol>
      <symbol id="sm-217">
         <name>__mspabi_slli_10</name>
         <value>0xd0fc</value>
         <object_component_ref idref="oc-b0"/>
      </symbol>
      <symbol id="sm-21f">
         <name>__mspabi_slll_9</name>
         <value>0xd032</value>
         <object_component_ref idref="oc-25c"/>
      </symbol>
      <symbol id="sm-220">
         <name>__mspabi_slll_8</name>
         <value>0xd036</value>
         <object_component_ref idref="oc-25c"/>
      </symbol>
      <symbol id="sm-221">
         <name>__mspabi_slll_7</name>
         <value>0xd03a</value>
         <object_component_ref idref="oc-25c"/>
      </symbol>
      <symbol id="sm-222">
         <name>__mspabi_slll_6</name>
         <value>0xd03e</value>
         <object_component_ref idref="oc-25c"/>
      </symbol>
      <symbol id="sm-223">
         <name>__mspabi_slll_5</name>
         <value>0xd042</value>
         <object_component_ref idref="oc-25c"/>
      </symbol>
      <symbol id="sm-224">
         <name>__mspabi_slll_4</name>
         <value>0xd046</value>
         <object_component_ref idref="oc-25c"/>
      </symbol>
      <symbol id="sm-225">
         <name>__mspabi_slll_3</name>
         <value>0xd04a</value>
         <object_component_ref idref="oc-25c"/>
      </symbol>
      <symbol id="sm-226">
         <name>__mspabi_slll_2</name>
         <value>0xd04e</value>
         <object_component_ref idref="oc-25c"/>
      </symbol>
      <symbol id="sm-227">
         <name>__mspabi_slll_1</name>
         <value>0xd052</value>
         <object_component_ref idref="oc-25c"/>
      </symbol>
      <symbol id="sm-228">
         <name>__mspabi_slll_15</name>
         <value>0xd01a</value>
         <object_component_ref idref="oc-25c"/>
      </symbol>
      <symbol id="sm-229">
         <name>__mspabi_slll_14</name>
         <value>0xd01e</value>
         <object_component_ref idref="oc-25c"/>
      </symbol>
      <symbol id="sm-22a">
         <name>__mspabi_slll_13</name>
         <value>0xd022</value>
         <object_component_ref idref="oc-25c"/>
      </symbol>
      <symbol id="sm-22b">
         <name>__mspabi_slll_12</name>
         <value>0xd026</value>
         <object_component_ref idref="oc-25c"/>
      </symbol>
      <symbol id="sm-22c">
         <name>__mspabi_slll_11</name>
         <value>0xd02a</value>
         <object_component_ref idref="oc-25c"/>
      </symbol>
      <symbol id="sm-22d">
         <name>__mspabi_slll_10</name>
         <value>0xd02e</value>
         <object_component_ref idref="oc-25c"/>
      </symbol>
      <symbol id="sm-235">
         <name>__mspabi_srli_8</name>
         <value>0xceee</value>
         <object_component_ref idref="oc-b5"/>
      </symbol>
      <symbol id="sm-236">
         <name>__mspabi_srli_9</name>
         <value>0xceea</value>
         <object_component_ref idref="oc-b5"/>
      </symbol>
      <symbol id="sm-237">
         <name>__mspabi_srli_6</name>
         <value>0xcef6</value>
         <object_component_ref idref="oc-b5"/>
      </symbol>
      <symbol id="sm-238">
         <name>__mspabi_srli_7</name>
         <value>0xcef2</value>
         <object_component_ref idref="oc-b5"/>
      </symbol>
      <symbol id="sm-239">
         <name>__mspabi_srli_4</name>
         <value>0xcefe</value>
         <object_component_ref idref="oc-b5"/>
      </symbol>
      <symbol id="sm-23a">
         <name>__mspabi_srli_5</name>
         <value>0xcefa</value>
         <object_component_ref idref="oc-b5"/>
      </symbol>
      <symbol id="sm-23b">
         <name>__mspabi_srli_2</name>
         <value>0xcf06</value>
         <object_component_ref idref="oc-b5"/>
      </symbol>
      <symbol id="sm-23c">
         <name>__mspabi_srli_3</name>
         <value>0xcf02</value>
         <object_component_ref idref="oc-b5"/>
      </symbol>
      <symbol id="sm-23d">
         <name>__mspabi_srli_1</name>
         <value>0xcf0a</value>
         <object_component_ref idref="oc-b5"/>
      </symbol>
      <symbol id="sm-23e">
         <name>__mspabi_srli</name>
         <value>0xcec4</value>
         <object_component_ref idref="oc-b5"/>
      </symbol>
      <symbol id="sm-23f">
         <name>__mspabi_srli_15</name>
         <value>0xced2</value>
         <object_component_ref idref="oc-b5"/>
      </symbol>
      <symbol id="sm-240">
         <name>__mspabi_srli_14</name>
         <value>0xced6</value>
         <object_component_ref idref="oc-b5"/>
      </symbol>
      <symbol id="sm-241">
         <name>__mspabi_srli_13</name>
         <value>0xceda</value>
         <object_component_ref idref="oc-b5"/>
      </symbol>
      <symbol id="sm-242">
         <name>__mspabi_srli_12</name>
         <value>0xcede</value>
         <object_component_ref idref="oc-b5"/>
      </symbol>
      <symbol id="sm-243">
         <name>__mspabi_srli_11</name>
         <value>0xcee2</value>
         <object_component_ref idref="oc-b5"/>
      </symbol>
      <symbol id="sm-244">
         <name>__mspabi_srli_10</name>
         <value>0xcee6</value>
         <object_component_ref idref="oc-b5"/>
      </symbol>
      <symbol id="sm-24c">
         <name>__mspabi_srll_8</name>
         <value>0xce3a</value>
         <object_component_ref idref="oc-261"/>
      </symbol>
      <symbol id="sm-24d">
         <name>__mspabi_srll_9</name>
         <value>0xce34</value>
         <object_component_ref idref="oc-261"/>
      </symbol>
      <symbol id="sm-24e">
         <name>__mspabi_srll_6</name>
         <value>0xce46</value>
         <object_component_ref idref="oc-261"/>
      </symbol>
      <symbol id="sm-24f">
         <name>__mspabi_srll_7</name>
         <value>0xce40</value>
         <object_component_ref idref="oc-261"/>
      </symbol>
      <symbol id="sm-250">
         <name>__mspabi_srll_4</name>
         <value>0xce52</value>
         <object_component_ref idref="oc-261"/>
      </symbol>
      <symbol id="sm-251">
         <name>__mspabi_srll_5</name>
         <value>0xce4c</value>
         <object_component_ref idref="oc-261"/>
      </symbol>
      <symbol id="sm-252">
         <name>__mspabi_srll_2</name>
         <value>0xce5e</value>
         <object_component_ref idref="oc-261"/>
      </symbol>
      <symbol id="sm-253">
         <name>__mspabi_srll_3</name>
         <value>0xce58</value>
         <object_component_ref idref="oc-261"/>
      </symbol>
      <symbol id="sm-254">
         <name>__mspabi_srll_1</name>
         <value>0xce64</value>
         <object_component_ref idref="oc-261"/>
      </symbol>
      <symbol id="sm-255">
         <name>__mspabi_srll_15</name>
         <value>0xce10</value>
         <object_component_ref idref="oc-261"/>
      </symbol>
      <symbol id="sm-256">
         <name>__mspabi_srll_14</name>
         <value>0xce16</value>
         <object_component_ref idref="oc-261"/>
      </symbol>
      <symbol id="sm-257">
         <name>__mspabi_srll_13</name>
         <value>0xce1c</value>
         <object_component_ref idref="oc-261"/>
      </symbol>
      <symbol id="sm-258">
         <name>__mspabi_srll_12</name>
         <value>0xce22</value>
         <object_component_ref idref="oc-261"/>
      </symbol>
      <symbol id="sm-259">
         <name>__mspabi_srll_11</name>
         <value>0xce28</value>
         <object_component_ref idref="oc-261"/>
      </symbol>
      <symbol id="sm-25a">
         <name>__mspabi_srll_10</name>
         <value>0xce2e</value>
         <object_component_ref idref="oc-261"/>
      </symbol>
      <symbol id="sm-264">
         <name>__mspabi_mpyl_sw</name>
         <value>0xd112</value>
         <object_component_ref idref="oc-14d"/>
      </symbol>
      <symbol id="sm-265">
         <name>__mspabi_mpyl</name>
         <value>0xd112</value>
         <object_component_ref idref="oc-14d"/>
      </symbol>
      <symbol id="sm-278">
         <name>__mspabi_cvtdf</name>
         <value>0xcb12</value>
         <object_component_ref idref="oc-1ff"/>
      </symbol>
      <symbol id="sm-29e">
         <name>__mspabi_divd</name>
         <value>0xc478</value>
         <object_component_ref idref="oc-1f9"/>
      </symbol>
      <symbol id="sm-2b3">
         <name>__mspabi_fltuld</name>
         <value>0xcb9e</value>
         <object_component_ref idref="oc-1f3"/>
      </symbol>
      <symbol id="sm-2ce">
         <name>__TI_frcdivd</name>
         <value>0xc000</value>
         <object_component_ref idref="oc-268"/>
      </symbol>
      <symbol id="sm-2de">
         <name>_stack</name>
         <value>0x3b0</value>
         <object_component_ref idref="oc-ac"/>
      </symbol>
      <symbol id="sm-2df">
         <name>_c_int00_noargs</name>
         <value>0xd154</value>
         <object_component_ref idref="oc-106"/>
      </symbol>
      <symbol id="sm-2e0">
         <name>_reset_vector</name>
         <value>0xfffe</value>
         <object_component_ref idref="oc-af"/>
      </symbol>
      <symbol id="sm-2fd">
         <name>__TI_auto_init_nobinit_nopinit</name>
         <value>0xcf5a</value>
         <object_component_ref idref="oc-1bf"/>
      </symbol>
      <symbol id="sm-315">
         <name>__TI_zero_init_nomemset</name>
         <value>0xd19c</value>
         <object_component_ref idref="oc-f4"/>
      </symbol>
      <symbol id="sm-321">
         <name>_system_pre_init</name>
         <value>0xd206</value>
         <object_component_ref idref="oc-170"/>
      </symbol>
      <symbol id="sm-32a">
         <name>_system_post_cinit</name>
         <value>0xd20a</value>
         <object_component_ref idref="oc-23b"/>
      </symbol>
      <symbol id="sm-340">
         <name>__TI_decompress_none</name>
         <value>0xd1c4</value>
         <object_component_ref idref="oc-36"/>
      </symbol>
      <symbol id="sm-35e">
         <name>__TI_decompress_lzss</name>
         <value>0xcd2c</value>
         <object_component_ref idref="oc-30"/>
      </symbol>
      <symbol id="sm-368">
         <name>C$$EXIT</name>
         <value>0xd200</value>
         <object_component_ref idref="oc-1b3"/>
      </symbol>
      <symbol id="sm-369">
         <name>abort</name>
         <value>0xd200</value>
         <object_component_ref idref="oc-1b3"/>
      </symbol>
      <symbol id="sm-379">
         <name>memcpy</name>
         <value>0xd1d6</value>
         <object_component_ref idref="oc-ca"/>
      </symbol>
      <symbol id="sm-382">
         <name>__mspabi_sral_15</name>
         <value>0xcfdc</value>
         <object_component_ref idref="oc-2af"/>
      </symbol>
      <symbol id="sm-383">
         <name>__mspabi_sral_14</name>
         <value>0xcfe0</value>
         <object_component_ref idref="oc-2af"/>
      </symbol>
      <symbol id="sm-384">
         <name>__mspabi_sral_13</name>
         <value>0xcfe4</value>
         <object_component_ref idref="oc-2af"/>
      </symbol>
      <symbol id="sm-385">
         <name>__mspabi_sral_12</name>
         <value>0xcfe8</value>
         <object_component_ref idref="oc-2af"/>
      </symbol>
      <symbol id="sm-386">
         <name>__mspabi_sral_11</name>
         <value>0xcfec</value>
         <object_component_ref idref="oc-2af"/>
      </symbol>
      <symbol id="sm-387">
         <name>__mspabi_sral_10</name>
         <value>0xcff0</value>
         <object_component_ref idref="oc-2af"/>
      </symbol>
      <symbol id="sm-388">
         <name>__mspabi_sral_8</name>
         <value>0xcff8</value>
         <object_component_ref idref="oc-2af"/>
      </symbol>
      <symbol id="sm-389">
         <name>__mspabi_sral_9</name>
         <value>0xcff4</value>
         <object_component_ref idref="oc-2af"/>
      </symbol>
      <symbol id="sm-38a">
         <name>__mspabi_sral_6</name>
         <value>0xd000</value>
         <object_component_ref idref="oc-2af"/>
      </symbol>
      <symbol id="sm-38b">
         <name>__mspabi_sral_7</name>
         <value>0xcffc</value>
         <object_component_ref idref="oc-2af"/>
      </symbol>
      <symbol id="sm-38c">
         <name>__mspabi_sral_4</name>
         <value>0xd008</value>
         <object_component_ref idref="oc-2af"/>
      </symbol>
      <symbol id="sm-38d">
         <name>__mspabi_sral_5</name>
         <value>0xd004</value>
         <object_component_ref idref="oc-2af"/>
      </symbol>
      <symbol id="sm-38e">
         <name>__mspabi_sral_2</name>
         <value>0xd010</value>
         <object_component_ref idref="oc-2af"/>
      </symbol>
      <symbol id="sm-38f">
         <name>__mspabi_sral_3</name>
         <value>0xd00c</value>
         <object_component_ref idref="oc-2af"/>
      </symbol>
      <symbol id="sm-390">
         <name>__mspabi_sral_1</name>
         <value>0xd014</value>
         <object_component_ref idref="oc-2af"/>
      </symbol>
      <symbol id="sm-39a">
         <name>__mspabi_mpyi_sw</name>
         <value>0xd1b0</value>
         <object_component_ref idref="oc-2a4"/>
      </symbol>
      <symbol id="sm-39b">
         <name>__mspabi_mpyi</name>
         <value>0xd1b0</value>
         <object_component_ref idref="oc-2a4"/>
      </symbol>
   </symbol_table>
   <title>Link successful</title>
</link_info>
