******************************************************************************
                  MSP430 Linker PC v17.9.0                     
******************************************************************************
>> Linked Sun Apr 15 18:21:10 2018

OUTPUT FILE NAME:   <proj_ver1.out>
ENTRY POINT SYMBOL: "_c_int00_noargs"  address: 0000eec8


MEMORY CONFIGURATION

         name            origin    length      used     unused   attr    fill
----------------------  --------  ---------  --------  --------  ----  --------
  SFR                   00000000   00000010  00000000  00000010  RWIX
  PERIPHERALS_8BIT      00000010   000000f0  00000000  000000f0  RWIX
  PERIPHERALS_16BIT     00000100   00000100  00000000  00000100  RWIX
  RAM                   00000200   00000200  000001be  00000042  RWIX
  INFOD                 00001000   00000040  00000000  00000040  RWIX
  INFOC                 00001040   00000040  00000000  00000040  RWIX
  INFOB                 00001080   00000040  00000000  00000040  RWIX
  INFOA                 000010c0   00000040  00000000  00000040  RWIX
  FLASH                 0000c000   00003fe0  00003098  00000f48  RWIX
  INT00                 0000ffe0   00000002  00000000  00000002  RWIX
  INT01                 0000ffe2   00000002  00000000  00000002  RWIX
  INT02                 0000ffe4   00000002  00000002  00000000  RWIX
  INT03                 0000ffe6   00000002  00000002  00000000  RWIX
  INT04                 0000ffe8   00000002  00000000  00000002  RWIX
  INT05                 0000ffea   00000002  00000002  00000000  RWIX
  INT06                 0000ffec   00000002  00000002  00000000  RWIX
  INT07                 0000ffee   00000002  00000002  00000000  RWIX
  INT08                 0000fff0   00000002  00000002  00000000  RWIX
  INT09                 0000fff2   00000002  00000002  00000000  RWIX
  INT10                 0000fff4   00000002  00000002  00000000  RWIX
  INT11                 0000fff6   00000002  00000002  00000000  RWIX
  INT12                 0000fff8   00000002  00000002  00000000  RWIX
  INT13                 0000fffa   00000002  00000002  00000000  RWIX
  INT14                 0000fffc   00000002  00000002  00000000  RWIX
  RESET                 0000fffe   00000002  00000002  00000000  RWIX


SECTION ALLOCATION MAP

 output                                  attributes/
section   page    origin      length       input sections
--------  ----  ----------  ----------   ----------------
.data      0    00000200    00000102     UNINITIALIZED
                  00000200    0000005a     user_proj_ver1.obj (.data)
                  0000025a    0000002a     explore_traj.obj (.data:explore_traj)
                  00000284    00000028     user_proj_ver1.obj (.data:front_IR)
                  000002ac    00000028     user_proj_ver1.obj (.data:photoR)
                  000002d4    00000028     user_proj_ver1.obj (.data:right_IR)
                  000002fc    00000006     UARTfuncs.obj (.data)

.bss       0    00000302    0000006c     UNINITIALIZED
                  00000302    00000034     (.common:txbuff)
                  00000336    00000028     (.common:printbuff)
                  0000035e    00000010     (.common:sensors)

.stack     0    000003b0    00000050     UNINITIALIZED
                  000003b0    00000002     rts430_eabi.lib : boot.obj (.stack)
                  000003b2    0000004e     --HOLE--

.text      0    0000c000    00003034     
                  0000c000    000004ba     user_proj_ver1.obj (.text:ADC10_ISR)
                  0000c4ba    0000049a     user_proj_ver1.obj (.text:observed_loc)
                  0000c954    00000478     rts430_eabi.lib : frcdivd.obj (.text:__TI_frcdivd)
                  0000cdcc    00000432     user_proj_ver1.obj (.text:kalman_filter)
                  0000d1fe    000002fa     rts430_eabi.lib : addd.obj (.text:__mspabi_addd)
                  0000d4f8    00000286                     : frcmpyd.obj (.text:__TI_frcmpyd)
                  0000d77e    0000026e                     : mpyd.obj (.text:__mspabi_mpyd)
                  0000d9ec    00000260                     : frcaddd.obj (.text:__TI_frcaddd)
                  0000dc4c    00000238                     : divd.obj (.text:__mspabi_divd)
                  0000de84    00000132                     : fs_add.obj (.text)
                  0000dfb6    00000126     UARTfuncs.obj (.text:Init_UART)
                  0000e0dc    00000116     rts430_eabi.lib : _printfi_min.obj (.text:_setfield)
                  0000e1f2    000000e2                     : _printfi_min.obj (.text:__TI_printfi_minimal)
                  0000e2d4    000000dc                     : cmpd.obj (.text:__mspabi_cmpd)
                  0000e3b0    000000d8     user_proj_ver1.obj (.text:main)
                  0000e488    000000ca     rts430_eabi.lib : _printfi_min.obj (.text:_pproc_diouxp)
                  0000e552    000000c4                     : fs_mpy.obj (.text)
                  0000e616    000000be                     : renormd.obj (.text:__TI_renormd)
                  0000e6d4    000000a0     user_proj_ver1.obj (.text:drive_car)
                  0000e774    0000009c     rts430_eabi.lib : fs_div.obj (.text)
                  0000e810    0000008c                     : cvtdf.obj (.text:__mspabi_cvtdf)
                  0000e89c    0000008a                     : fltuld.obj (.text:__mspabi_fltuld)
                  0000e926    0000007c     user_proj_ver1.obj (.text:USCI0TX_ISR)
                  0000e9a2    0000007c     rts430_eabi.lib : copy_decompress_lzss.obj (.text:decompress:lzss:__TI_decompress_lzss)
                  0000ea1e    00000072                     : cvtfd.obj (.text:__mspabi_cvtfd)
                  0000ea90    00000068                     : fs_toi.obj (.text)
                  0000eaf8    00000066     explore_traj.obj (.text:exploration)
                  0000eb5e    0000005c     rts430_eabi.lib : lsr32.obj (.text:l_lsr_const)
                  0000ebba    0000004c                     : lsr16.obj (.text)
                  0000ec06    0000004a     user_proj_ver1.obj (.text:Timer_A)
                  0000ec50    0000004a     rts430_eabi.lib : fs_cmp.obj (.text)
                  0000ec9a    00000042                     : autoinit.obj (.text:__TI_auto_init_nobinit_nopinit:__TI_auto_init_nobinit_nopinit)
                  0000ecdc    0000003e                     : asr32.obj (.text:l_asr_const)
                  0000ed1a    0000003e                     : lsl32.obj (.text:l_lsl_const)
                  0000ed58    00000036                     : fs_itof.obj (.text)
                  0000ed8e    00000034                     : vsprintf.obj (.text:vsprintf)
                  0000edc2    0000002e                     : subd.obj (.text:__mspabi_subd)
                  0000edf0    0000002e     UARTfuncs.obj (.text:sendchars)
                  0000ee1e    0000002c     rts430_eabi.lib : asr16.obj (.text)
                  0000ee4a    0000002c                     : div16s.obj (.text)
                  0000ee76    0000002c                     : lsl16.obj (.text)
                  0000eea2    00000026                     : mult32.obj (.text)
                  0000eec8    0000001c                     : boot.obj (.text:_c_int00_noargs)
                  0000eee4    0000001a     UARTfuncs.obj (.text:UART_printf)
                  0000eefe    0000001a     rts430_eabi.lib : vsprintf.obj (.text:_outs)
                  0000ef18    0000001a                     : memccpy.obj (.text:memccpy)
                  0000ef32    00000016     user_proj_ver1.obj (.text:USCI0RX_ISR)
                  0000ef48    00000016     rts430_eabi.lib : div16u.obj (.text)
                  0000ef5e    00000014                     : copy_zero_init.obj (.text:decompress:ZI:__TI_zero_init_nomemset:__TI_zero_init_nomemset)
                  0000ef72    00000014                     : memset.obj (.text:memset)
                  0000ef86    00000014                     : mult16.obj (.text)
                  0000ef9a    00000012                     : vsprintf.obj (.text:_outc)
                  0000efac    00000012                     : copy_decompress_none.obj (.text:decompress:none:__TI_decompress_none)
                  0000efbe    00000012                     : lsr32.obj (.text:l_lsr)
                  0000efd0    00000012                     : memcpy.obj (.text:memcpy)
                  0000efe2    00000010                     : asr32.obj (.text:l_asr)
                  0000eff2    00000010                     : lsl32.obj (.text:l_lsl)
                  0000f002    00000010                     : epilog.obj (.text)
                  0000f012    0000000e                     : strlen.obj (.text:strlen)
                  0000f020    00000008                     : isr_trap.obj (.text:_isr:__TI_ISR_TRAP)
                  0000f028    00000006                     : exit.obj (.text:abort)
                  0000f02e    00000004                     : pre_init.obj (.text:_system_pre_init)
                  0000f032    00000002                     : startup.obj (.text:_system_post_cinit)

.const     0    0000f034    00000022     
                  0000f034    00000014     rts430_eabi.lib : _printfi_min.obj (.const:.string)
                  0000f048    0000000e     user_proj_ver1.obj (.const:.string)

.cinit     0    0000f056    00000042     
                  0000f056    00000030     (.cinit..data.load) [load image, compression = lzss]
                  0000f086    00000006     (__TI_handler_table)
                  0000f08c    00000004     (.cinit..bss.load) [load image, compression = zero_init]
                  0000f090    00000008     (__TI_cinit_table)

.init_array 
*          0    0000c000    00000000     UNINITIALIZED

PORT1      0    0000ffe4    00000002     
                  0000ffe4    00000002     rts430_eabi.lib : int02.obj (.int02)

PORT2      0    0000ffe6    00000002     
                  0000ffe6    00000002     rts430_eabi.lib : int03.obj (.int03)

ADC10      0    0000ffea    00000002     
                  0000ffea    00000002     user_proj_ver1.obj (.int05)

USCIAB0TX 
*          0    0000ffec    00000002     
                  0000ffec    00000002     user_proj_ver1.obj (.int06)

USCIAB0RX 
*          0    0000ffee    00000002     
                  0000ffee    00000002     user_proj_ver1.obj (.int07)

TIMER0_A1 
*          0    0000fff0    00000002     
                  0000fff0    00000002     rts430_eabi.lib : int08.obj (.int08)

TIMER0_A0 
*          0    0000fff2    00000002     
                  0000fff2    00000002     user_proj_ver1.obj (.int09)

WDT        0    0000fff4    00000002     
                  0000fff4    00000002     rts430_eabi.lib : int10.obj (.int10)

COMPARATORA 
*          0    0000fff6    00000002     
                  0000fff6    00000002     rts430_eabi.lib : int11.obj (.int11)

TIMER1_A1 
*          0    0000fff8    00000002     
                  0000fff8    00000002     rts430_eabi.lib : int12.obj (.int12)

TIMER1_A0 
*          0    0000fffa    00000002     
                  0000fffa    00000002     rts430_eabi.lib : int13.obj (.int13)

NMI        0    0000fffc    00000002     
                  0000fffc    00000002     rts430_eabi.lib : int14.obj (.int14)

.reset     0    0000fffe    00000002     
                  0000fffe    00000002     rts430_eabi.lib : boot.obj (.reset)

MODULE SUMMARY

       Module                     code    ro data   rw data
       ------                     ----    -------   -------
    .\
       user_proj_ver1.obj         4058    22        226    
       UARTfuncs.obj              366     0         98     
       explore_traj.obj           102     0         42     
    +--+--------------------------+-------+---------+---------+
       Total:                     4526    22        366    
                                                           
    E:\ti\i-cgt-msp430_17.9.0.STS\lib\rts430_eabi.lib
       frcdivd.obj                1144    0         0      
       addd.obj                   762     0         0      
       _printfi_min.obj           706     20        0      
       frcmpyd.obj                646     0         0      
       mpyd.obj                   622     0         0      
       frcaddd.obj                608     0         0      
       divd.obj                   568     0         0      
       fs_add.obj                 306     0         0      
       cmpd.obj                   220     0         0      
       fs_mpy.obj                 196     0         0      
       renormd.obj                190     0         0      
       fs_div.obj                 156     0         0      
       cvtdf.obj                  140     0         0      
       fltuld.obj                 138     0         0      
       copy_decompress_lzss.obj   124     0         0      
       cvtfd.obj                  114     0         0      
       lsr32.obj                  110     0         0      
       fs_toi.obj                 104     0         0      
       vsprintf.obj               96      0         0      
       asr32.obj                  78      0         0      
       lsl32.obj                  78      0         0      
       lsr16.obj                  76      0         0      
       fs_cmp.obj                 74      0         0      
       autoinit.obj               66      0         0      
       fs_itof.obj                54      0         0      
       subd.obj                   46      0         0      
       asr16.obj                  44      0         0      
       div16s.obj                 44      0         0      
       lsl16.obj                  44      0         0      
       mult32.obj                 38      0         0      
       boot.obj                   28      2         0      
       memccpy.obj                26      0         0      
       div16u.obj                 22      0         0      
       copy_zero_init.obj         20      0         0      
       memset.obj                 20      0         0      
       mult16.obj                 20      0         0      
       copy_decompress_none.obj   18      0         0      
       memcpy.obj                 18      0         0      
       epilog.obj                 16      0         0      
       strlen.obj                 14      0         0      
       isr_trap.obj               8       0         0      
       exit.obj                   6       0         0      
       pre_init.obj               4       0         0      
       int02.obj                  0       2         0      
       int03.obj                  0       2         0      
       int08.obj                  0       2         0      
       int10.obj                  0       2         0      
       int11.obj                  0       2         0      
       int12.obj                  0       2         0      
       int13.obj                  0       2         0      
       int14.obj                  0       2         0      
       startup.obj                2       0         0      
    +--+--------------------------+-------+---------+---------+
       Total:                     7814    38        0      
                                                           
       Stack:                     0       0         80     
       Linker Generated:          0       66        0      
    +--+--------------------------+-------+---------+---------+
       Grand Total:               12340   126       446    


LINKER GENERATED COPY TABLES

__TI_cinit_table @ 0000f090 records: 2, size/record: 4, table size: 8
	.data: load addr=0000f056, load size=00000030 bytes, run addr=00000200, run size=00000102 bytes, compression=lzss
	.bss: load addr=0000f08c, load size=00000004 bytes, run addr=00000302, run size=0000006c bytes, compression=zero_init


LINKER GENERATED HANDLER TABLE

__TI_handler_table @ 0000f086 records: 3, size/record: 2, table size: 6
	index: 0, handler: __TI_zero_init
	index: 1, handler: __TI_decompress_lzss
	index: 2, handler: __TI_decompress_none


GLOBAL SYMBOLS: SORTED ALPHABETICALLY BY Name 

address   name                          
-------   ----                          
0000004a  ADC10AE0                      
000001b0  ADC10CTL0                     
000001b2  ADC10CTL1                     
00000048  ADC10DTC0                     
00000049  ADC10DTC1                     
000001b4  ADC10MEM                      
000001bc  ADC10SA                       
0000c000  ADC10_ISR                     
00000057  BCSCTL1                       
00000058  BCSCTL2                       
00000053  BCSCTL3                       
0000f028  C$$EXIT                       
00000059  CACTL1                        
0000005a  CACTL2                        
000010fb  CALBC1_12MHZ                  
000010f9  CALBC1_16MHZ                  
000010ff  CALBC1_1MHZ                   
000010fd  CALBC1_8MHZ                   
000010fa  CALDCO_12MHZ                  
000010f8  CALDCO_16MHZ                  
000010fe  CALDCO_1MHZ                   
000010fc  CALDCO_8MHZ                   
0000005b  CAPD                          
00000056  DCOCTL                        
00000128  FCTL1                         
0000012a  FCTL2                         
0000012c  FCTL3                         
00000000  IE1                           
00000001  IE2                           
00000002  IFG1                          
00000003  IFG2                          
0000dfb6  Init_UART                     
00000252  K_kf                          
00000220  K_turn                        
00000022  P1DIR                         
00000025  P1IE                          
00000024  P1IES                         
00000023  P1IFG                         
00000020  P1IN                          
00000021  P1OUT                         
00000027  P1REN                         
00000026  P1SEL                         
00000041  P1SEL2                        
0000002a  P2DIR                         
0000002d  P2IE                          
0000002c  P2IES                         
0000002b  P2IFG                         
00000028  P2IN                          
00000029  P2OUT                         
0000002f  P2REN                         
0000002e  P2SEL                         
00000042  P2SEL2                        
0000001a  P3DIR                         
00000018  P3IN                          
00000019  P3OUT                         
00000010  P3REN                         
0000001b  P3SEL                         
00000043  P3SEL2                        
00000172  TA0CCR0                       
00000174  TA0CCR1                       
00000176  TA0CCR2                       
00000162  TA0CCTL0                      
00000164  TA0CCTL1                      
00000166  TA0CCTL2                      
00000160  TA0CTL                        
0000012e  TA0IV                         
00000170  TA0R                          
00000192  TA1CCR0                       
00000194  TA1CCR1                       
00000196  TA1CCR2                       
00000182  TA1CCTL0                      
00000184  TA1CCTL1                      
00000186  TA1CCTL2                      
00000180  TA1CTL                        
0000011e  TA1IV                         
00000190  TA1R                          
000010db  TLV_ADC10_1_LEN               
000010da  TLV_ADC10_1_TAG               
000010c0  TLV_CHECKSUM                  
000010f7  TLV_DCO_30_LEN                
000010f6  TLV_DCO_30_TAG                
0000ec06  Timer_A                       
00000301  UART_flag                     
0000eee4  UART_printf                   
0000005d  UCA0ABCTL                     
00000062  UCA0BR0                       
00000063  UCA0BR1                       
00000060  UCA0CTL0                      
00000061  UCA0CTL1                      
0000005f  UCA0IRRCTL                    
0000005e  UCA0IRTCTL                    
00000064  UCA0MCTL                      
00000066  UCA0RXBUF                     
00000065  UCA0STAT                      
00000067  UCA0TXBUF                     
0000006a  UCB0BR0                       
0000006b  UCB0BR1                       
00000068  UCB0CTL0                      
00000069  UCB0CTL1                      
0000006c  UCB0I2CIE                     
00000118  UCB0I2COA                     
0000011a  UCB0I2CSA                     
0000006e  UCB0RXBUF                     
0000006d  UCB0STAT                      
0000006f  UCB0TXBUF                     
0000ef32  USCI0RX_ISR                   
0000e926  USCI0TX_ISR                   
00000120  WDTCTL                        
00000400  __STACK_END                   
00000050  __STACK_SIZE                  
0000f090  __TI_CINIT_Base               
0000f098  __TI_CINIT_Limit              
0000f086  __TI_Handler_Table_Base       
0000f08c  __TI_Handler_Table_Limit      
0000f020  __TI_ISR_TRAP                 
0000ec9a  __TI_auto_init_nobinit_nopinit
0000e9a2  __TI_decompress_lzss          
0000efac  __TI_decompress_none          
0000d9ec  __TI_frcaddd                  
0000c954  __TI_frcdivd                  
0000d4f8  __TI_frcmpyd                  
0000ffe4  __TI_int02                    
0000ffe6  __TI_int03                    
0000ffea  __TI_int05                    
0000ffec  __TI_int06                    
0000ffee  __TI_int07                    
0000fff0  __TI_int08                    
0000fff2  __TI_int09                    
0000fff4  __TI_int10                    
0000fff6  __TI_int11                    
0000fff8  __TI_int12                    
0000fffa  __TI_int13                    
0000fffc  __TI_int14                    
ffffffff  __TI_pprof_out_hndl           
0000e1f2  __TI_printfi_minimal          
ffffffff  __TI_prof_data_size           
ffffffff  __TI_prof_data_start          
0000e616  __TI_renormd                  
0000ef5e  __TI_zero_init_nomemset       
ffffffff  __c_args__                    
0000d1fe  __mspabi_addd                 
0000de8a  __mspabi_addf                 
0000e2d4  __mspabi_cmpd                 
0000ec50  __mspabi_cmpf                 
0000e810  __mspabi_cvtdf                
0000ea1e  __mspabi_cvtfd                
0000dc4c  __mspabi_divd                 
0000e774  __mspabi_divf                 
0000ee4a  __mspabi_divi                 
0000ef48  __mspabi_divu                 
0000ea90  __mspabi_fixfi                
0000ed58  __mspabi_fltif                
0000e89c  __mspabi_fltuld               
0000f00e  __mspabi_func_epilog_1        
0000f00c  __mspabi_func_epilog_2        
0000f00a  __mspabi_func_epilog_3        
0000f008  __mspabi_func_epilog_4        
0000f006  __mspabi_func_epilog_5        
0000f004  __mspabi_func_epilog_6        
0000f002  __mspabi_func_epilog_7        
0000d77e  __mspabi_mpyd                 
0000e552  __mspabi_mpyf                 
0000ef86  __mspabi_mpyi                 
0000ef86  __mspabi_mpyi_sw              
0000eea2  __mspabi_mpyl                 
0000eea2  __mspabi_mpyl_sw              
0000ee4a  __mspabi_remi                 
0000ef48  __mspabi_remu                 
0000ee76  __mspabi_slli                 
0000ee9e  __mspabi_slli_1               
0000ee8c  __mspabi_slli_10              
0000ee8a  __mspabi_slli_11              
0000ee88  __mspabi_slli_12              
0000ee86  __mspabi_slli_13              
0000ee84  __mspabi_slli_14              
0000ee82  __mspabi_slli_15              
0000ee9c  __mspabi_slli_2               
0000ee9a  __mspabi_slli_3               
0000ee98  __mspabi_slli_4               
0000ee96  __mspabi_slli_5               
0000ee94  __mspabi_slli_6               
0000ee92  __mspabi_slli_7               
0000ee90  __mspabi_slli_8               
0000ee8e  __mspabi_slli_9               
0000eff2  __mspabi_slll                 
0000ed52  __mspabi_slll_1               
0000ed2e  __mspabi_slll_10              
0000ed2a  __mspabi_slll_11              
0000ed26  __mspabi_slll_12              
0000ed22  __mspabi_slll_13              
0000ed1e  __mspabi_slll_14              
0000ed1a  __mspabi_slll_15              
0000ed4e  __mspabi_slll_2               
0000ed4a  __mspabi_slll_3               
0000ed46  __mspabi_slll_4               
0000ed42  __mspabi_slll_5               
0000ed3e  __mspabi_slll_6               
0000ed3a  __mspabi_slll_7               
0000ed36  __mspabi_slll_8               
0000ed32  __mspabi_slll_9               
0000ee1e  __mspabi_srai                 
0000ee46  __mspabi_srai_1               
0000ee34  __mspabi_srai_10              
0000ee32  __mspabi_srai_11              
0000ee30  __mspabi_srai_12              
0000ee2e  __mspabi_srai_13              
0000ee2c  __mspabi_srai_14              
0000ee2a  __mspabi_srai_15              
0000ee44  __mspabi_srai_2               
0000ee42  __mspabi_srai_3               
0000ee40  __mspabi_srai_4               
0000ee3e  __mspabi_srai_5               
0000ee3c  __mspabi_srai_6               
0000ee3a  __mspabi_srai_7               
0000ee38  __mspabi_srai_8               
0000ee36  __mspabi_srai_9               
0000efe2  __mspabi_sral                 
0000ed14  __mspabi_sral_1               
0000ecf0  __mspabi_sral_10              
0000ecec  __mspabi_sral_11              
0000ece8  __mspabi_sral_12              
0000ece4  __mspabi_sral_13              
0000ece0  __mspabi_sral_14              
0000ecdc  __mspabi_sral_15              
0000ed10  __mspabi_sral_2               
0000ed0c  __mspabi_sral_3               
0000ed08  __mspabi_sral_4               
0000ed04  __mspabi_sral_5               
0000ed00  __mspabi_sral_6               
0000ecfc  __mspabi_sral_7               
0000ecf8  __mspabi_sral_8               
0000ecf4  __mspabi_sral_9               
0000ebba  __mspabi_srli                 
0000ec00  __mspabi_srli_1               
0000ebdc  __mspabi_srli_10              
0000ebd8  __mspabi_srli_11              
0000ebd4  __mspabi_srli_12              
0000ebd0  __mspabi_srli_13              
0000ebcc  __mspabi_srli_14              
0000ebc8  __mspabi_srli_15              
0000ebfc  __mspabi_srli_2               
0000ebf8  __mspabi_srli_3               
0000ebf4  __mspabi_srli_4               
0000ebf0  __mspabi_srli_5               
0000ebec  __mspabi_srli_6               
0000ebe8  __mspabi_srli_7               
0000ebe4  __mspabi_srli_8               
0000ebe0  __mspabi_srli_9               
0000efbe  __mspabi_srll                 
0000ebb2  __mspabi_srll_1               
0000eb7c  __mspabi_srll_10              
0000eb76  __mspabi_srll_11              
0000eb70  __mspabi_srll_12              
0000eb6a  __mspabi_srll_13              
0000eb64  __mspabi_srll_14              
0000eb5e  __mspabi_srll_15              
0000ebac  __mspabi_srll_2               
0000eba6  __mspabi_srll_3               
0000eba0  __mspabi_srll_4               
0000eb9a  __mspabi_srll_5               
0000eb94  __mspabi_srll_6               
0000eb8e  __mspabi_srll_7               
0000eb88  __mspabi_srll_8               
0000eb82  __mspabi_srll_9               
0000edc2  __mspabi_subd                 
0000de84  __mspabi_subf                 
0000eec8  _c_int00_noargs               
0000fffe  _reset_vector                 
000003b0  _stack                        
0000f032  _system_post_cinit            
0000f02e  _system_pre_init              
0000f028  abort                         
0000021e  car_stop                      
0000020e  cell_cnt                      
00000234  col                           
00000235  col_old                       
000002fe  currentindex                  
0000021c  dir_change                    
000002fc  donesending                   
0000e6d4  drive_car                     
00000224  drive_mode                    
0000eaf8  exploration                   
0000025a  explore_traj                  
0000023e  fIR_old                       
0000024c  filter_loc                    
0000021a  first_cmd                     
0000021b  first_s_cmd                   
00000284  front_IR                      
00000212  front_IR_raw                  
0000022e  heading                       
0000cdcc  kalman_filter                 
00000240  kalman_loc                    
00000244  kalman_loc_old                
00000248  loc_predicted                 
0000e3b0  main                          
0000ef18  memccpy                       
0000efd0  memcpy                        
0000ef72  memset                        
00000230  move_type                     
00000200  msgindex                      
00000203  newmsg                        
00000204  newprint                      
00000258  obs_count                     
00000236  obs_loc                       
00000238  obs_loc_new                   
0000023a  obs_loc_old                   
0000c4ba  observed_loc                  
00000256  obstacle_found                
000002ac  photoR                        
00000336  printbuff                     
00000300  printf_flag                   
0000023c  rIR_old                       
0000022a  ref_loc                       
0000020a  rightIRref_timer              
000002d4  right_IR                      
00000210  right_IR_raw                  
00000214  right_IR_ref                  
00000232  row                           
00000233  row_old                       
0000edf0  sendchars                     
000002ff  senddone                      
0000035e  sensors                       
00000228  start_cell                    
00000231  start_timer                   
00000202  started                       
0000024e  step_size                     
0000f012  strlen                        
0000022c  theta                         
00000208  timecheck                     
00000206  timecnt                       
0000020c  timerV                        
00000226  traj_step_num                 
00000218  turn                          
00000302  txbuff                        
000002fd  txcount                       
00000201  txindex                       
0000ed8e  vsprintf                      
00000225  which_turn                    


GLOBAL SYMBOLS: SORTED BY Symbol Address 

address   name                          
-------   ----                          
00000000  IE1                           
00000001  IE2                           
00000002  IFG1                          
00000003  IFG2                          
00000010  P3REN                         
00000018  P3IN                          
00000019  P3OUT                         
0000001a  P3DIR                         
0000001b  P3SEL                         
00000020  P1IN                          
00000021  P1OUT                         
00000022  P1DIR                         
00000023  P1IFG                         
00000024  P1IES                         
00000025  P1IE                          
00000026  P1SEL                         
00000027  P1REN                         
00000028  P2IN                          
00000029  P2OUT                         
0000002a  P2DIR                         
0000002b  P2IFG                         
0000002c  P2IES                         
0000002d  P2IE                          
0000002e  P2SEL                         
0000002f  P2REN                         
00000041  P1SEL2                        
00000042  P2SEL2                        
00000043  P3SEL2                        
00000048  ADC10DTC0                     
00000049  ADC10DTC1                     
0000004a  ADC10AE0                      
00000050  __STACK_SIZE                  
00000053  BCSCTL3                       
00000056  DCOCTL                        
00000057  BCSCTL1                       
00000058  BCSCTL2                       
00000059  CACTL1                        
0000005a  CACTL2                        
0000005b  CAPD                          
0000005d  UCA0ABCTL                     
0000005e  UCA0IRTCTL                    
0000005f  UCA0IRRCTL                    
00000060  UCA0CTL0                      
00000061  UCA0CTL1                      
00000062  UCA0BR0                       
00000063  UCA0BR1                       
00000064  UCA0MCTL                      
00000065  UCA0STAT                      
00000066  UCA0RXBUF                     
00000067  UCA0TXBUF                     
00000068  UCB0CTL0                      
00000069  UCB0CTL1                      
0000006a  UCB0BR0                       
0000006b  UCB0BR1                       
0000006c  UCB0I2CIE                     
0000006d  UCB0STAT                      
0000006e  UCB0RXBUF                     
0000006f  UCB0TXBUF                     
00000118  UCB0I2COA                     
0000011a  UCB0I2CSA                     
0000011e  TA1IV                         
00000120  WDTCTL                        
00000128  FCTL1                         
0000012a  FCTL2                         
0000012c  FCTL3                         
0000012e  TA0IV                         
00000160  TA0CTL                        
00000162  TA0CCTL0                      
00000164  TA0CCTL1                      
00000166  TA0CCTL2                      
00000170  TA0R                          
00000172  TA0CCR0                       
00000174  TA0CCR1                       
00000176  TA0CCR2                       
00000180  TA1CTL                        
00000182  TA1CCTL0                      
00000184  TA1CCTL1                      
00000186  TA1CCTL2                      
00000190  TA1R                          
00000192  TA1CCR0                       
00000194  TA1CCR1                       
00000196  TA1CCR2                       
000001b0  ADC10CTL0                     
000001b2  ADC10CTL1                     
000001b4  ADC10MEM                      
000001bc  ADC10SA                       
00000200  msgindex                      
00000201  txindex                       
00000202  started                       
00000203  newmsg                        
00000204  newprint                      
00000206  timecnt                       
00000208  timecheck                     
0000020a  rightIRref_timer              
0000020c  timerV                        
0000020e  cell_cnt                      
00000210  right_IR_raw                  
00000212  front_IR_raw                  
00000214  right_IR_ref                  
00000218  turn                          
0000021a  first_cmd                     
0000021b  first_s_cmd                   
0000021c  dir_change                    
0000021e  car_stop                      
00000220  K_turn                        
00000224  drive_mode                    
00000225  which_turn                    
00000226  traj_step_num                 
00000228  start_cell                    
0000022a  ref_loc                       
0000022c  theta                         
0000022e  heading                       
00000230  move_type                     
00000231  start_timer                   
00000232  row                           
00000233  row_old                       
00000234  col                           
00000235  col_old                       
00000236  obs_loc                       
00000238  obs_loc_new                   
0000023a  obs_loc_old                   
0000023c  rIR_old                       
0000023e  fIR_old                       
00000240  kalman_loc                    
00000244  kalman_loc_old                
00000248  loc_predicted                 
0000024c  filter_loc                    
0000024e  step_size                     
00000252  K_kf                          
00000256  obstacle_found                
00000258  obs_count                     
0000025a  explore_traj                  
00000284  front_IR                      
000002ac  photoR                        
000002d4  right_IR                      
000002fc  donesending                   
000002fd  txcount                       
000002fe  currentindex                  
000002ff  senddone                      
00000300  printf_flag                   
00000301  UART_flag                     
00000302  txbuff                        
00000336  printbuff                     
0000035e  sensors                       
000003b0  _stack                        
00000400  __STACK_END                   
000010c0  TLV_CHECKSUM                  
000010da  TLV_ADC10_1_TAG               
000010db  TLV_ADC10_1_LEN               
000010f6  TLV_DCO_30_TAG                
000010f7  TLV_DCO_30_LEN                
000010f8  CALDCO_16MHZ                  
000010f9  CALBC1_16MHZ                  
000010fa  CALDCO_12MHZ                  
000010fb  CALBC1_12MHZ                  
000010fc  CALDCO_8MHZ                   
000010fd  CALBC1_8MHZ                   
000010fe  CALDCO_1MHZ                   
000010ff  CALBC1_1MHZ                   
0000c000  ADC10_ISR                     
0000c4ba  observed_loc                  
0000c954  __TI_frcdivd                  
0000cdcc  kalman_filter                 
0000d1fe  __mspabi_addd                 
0000d4f8  __TI_frcmpyd                  
0000d77e  __mspabi_mpyd                 
0000d9ec  __TI_frcaddd                  
0000dc4c  __mspabi_divd                 
0000de84  __mspabi_subf                 
0000de8a  __mspabi_addf                 
0000dfb6  Init_UART                     
0000e1f2  __TI_printfi_minimal          
0000e2d4  __mspabi_cmpd                 
0000e3b0  main                          
0000e552  __mspabi_mpyf                 
0000e616  __TI_renormd                  
0000e6d4  drive_car                     
0000e774  __mspabi_divf                 
0000e810  __mspabi_cvtdf                
0000e89c  __mspabi_fltuld               
0000e926  USCI0TX_ISR                   
0000e9a2  __TI_decompress_lzss          
0000ea1e  __mspabi_cvtfd                
0000ea90  __mspabi_fixfi                
0000eaf8  exploration                   
0000eb5e  __mspabi_srll_15              
0000eb64  __mspabi_srll_14              
0000eb6a  __mspabi_srll_13              
0000eb70  __mspabi_srll_12              
0000eb76  __mspabi_srll_11              
0000eb7c  __mspabi_srll_10              
0000eb82  __mspabi_srll_9               
0000eb88  __mspabi_srll_8               
0000eb8e  __mspabi_srll_7               
0000eb94  __mspabi_srll_6               
0000eb9a  __mspabi_srll_5               
0000eba0  __mspabi_srll_4               
0000eba6  __mspabi_srll_3               
0000ebac  __mspabi_srll_2               
0000ebb2  __mspabi_srll_1               
0000ebba  __mspabi_srli                 
0000ebc8  __mspabi_srli_15              
0000ebcc  __mspabi_srli_14              
0000ebd0  __mspabi_srli_13              
0000ebd4  __mspabi_srli_12              
0000ebd8  __mspabi_srli_11              
0000ebdc  __mspabi_srli_10              
0000ebe0  __mspabi_srli_9               
0000ebe4  __mspabi_srli_8               
0000ebe8  __mspabi_srli_7               
0000ebec  __mspabi_srli_6               
0000ebf0  __mspabi_srli_5               
0000ebf4  __mspabi_srli_4               
0000ebf8  __mspabi_srli_3               
0000ebfc  __mspabi_srli_2               
0000ec00  __mspabi_srli_1               
0000ec06  Timer_A                       
0000ec50  __mspabi_cmpf                 
0000ec9a  __TI_auto_init_nobinit_nopinit
0000ecdc  __mspabi_sral_15              
0000ece0  __mspabi_sral_14              
0000ece4  __mspabi_sral_13              
0000ece8  __mspabi_sral_12              
0000ecec  __mspabi_sral_11              
0000ecf0  __mspabi_sral_10              
0000ecf4  __mspabi_sral_9               
0000ecf8  __mspabi_sral_8               
0000ecfc  __mspabi_sral_7               
0000ed00  __mspabi_sral_6               
0000ed04  __mspabi_sral_5               
0000ed08  __mspabi_sral_4               
0000ed0c  __mspabi_sral_3               
0000ed10  __mspabi_sral_2               
0000ed14  __mspabi_sral_1               
0000ed1a  __mspabi_slll_15              
0000ed1e  __mspabi_slll_14              
0000ed22  __mspabi_slll_13              
0000ed26  __mspabi_slll_12              
0000ed2a  __mspabi_slll_11              
0000ed2e  __mspabi_slll_10              
0000ed32  __mspabi_slll_9               
0000ed36  __mspabi_slll_8               
0000ed3a  __mspabi_slll_7               
0000ed3e  __mspabi_slll_6               
0000ed42  __mspabi_slll_5               
0000ed46  __mspabi_slll_4               
0000ed4a  __mspabi_slll_3               
0000ed4e  __mspabi_slll_2               
0000ed52  __mspabi_slll_1               
0000ed58  __mspabi_fltif                
0000ed8e  vsprintf                      
0000edc2  __mspabi_subd                 
0000edf0  sendchars                     
0000ee1e  __mspabi_srai                 
0000ee2a  __mspabi_srai_15              
0000ee2c  __mspabi_srai_14              
0000ee2e  __mspabi_srai_13              
0000ee30  __mspabi_srai_12              
0000ee32  __mspabi_srai_11              
0000ee34  __mspabi_srai_10              
0000ee36  __mspabi_srai_9               
0000ee38  __mspabi_srai_8               
0000ee3a  __mspabi_srai_7               
0000ee3c  __mspabi_srai_6               
0000ee3e  __mspabi_srai_5               
0000ee40  __mspabi_srai_4               
0000ee42  __mspabi_srai_3               
0000ee44  __mspabi_srai_2               
0000ee46  __mspabi_srai_1               
0000ee4a  __mspabi_divi                 
0000ee4a  __mspabi_remi                 
0000ee76  __mspabi_slli                 
0000ee82  __mspabi_slli_15              
0000ee84  __mspabi_slli_14              
0000ee86  __mspabi_slli_13              
0000ee88  __mspabi_slli_12              
0000ee8a  __mspabi_slli_11              
0000ee8c  __mspabi_slli_10              
0000ee8e  __mspabi_slli_9               
0000ee90  __mspabi_slli_8               
0000ee92  __mspabi_slli_7               
0000ee94  __mspabi_slli_6               
0000ee96  __mspabi_slli_5               
0000ee98  __mspabi_slli_4               
0000ee9a  __mspabi_slli_3               
0000ee9c  __mspabi_slli_2               
0000ee9e  __mspabi_slli_1               
0000eea2  __mspabi_mpyl                 
0000eea2  __mspabi_mpyl_sw              
0000eec8  _c_int00_noargs               
0000eee4  UART_printf                   
0000ef18  memccpy                       
0000ef32  USCI0RX_ISR                   
0000ef48  __mspabi_divu                 
0000ef48  __mspabi_remu                 
0000ef5e  __TI_zero_init_nomemset       
0000ef72  memset                        
0000ef86  __mspabi_mpyi                 
0000ef86  __mspabi_mpyi_sw              
0000efac  __TI_decompress_none          
0000efbe  __mspabi_srll                 
0000efd0  memcpy                        
0000efe2  __mspabi_sral                 
0000eff2  __mspabi_slll                 
0000f002  __mspabi_func_epilog_7        
0000f004  __mspabi_func_epilog_6        
0000f006  __mspabi_func_epilog_5        
0000f008  __mspabi_func_epilog_4        
0000f00a  __mspabi_func_epilog_3        
0000f00c  __mspabi_func_epilog_2        
0000f00e  __mspabi_func_epilog_1        
0000f012  strlen                        
0000f020  __TI_ISR_TRAP                 
0000f028  C$$EXIT                       
0000f028  abort                         
0000f02e  _system_pre_init              
0000f032  _system_post_cinit            
0000f086  __TI_Handler_Table_Base       
0000f08c  __TI_Handler_Table_Limit      
0000f090  __TI_CINIT_Base               
0000f098  __TI_CINIT_Limit              
0000ffe4  __TI_int02                    
0000ffe6  __TI_int03                    
0000ffea  __TI_int05                    
0000ffec  __TI_int06                    
0000ffee  __TI_int07                    
0000fff0  __TI_int08                    
0000fff2  __TI_int09                    
0000fff4  __TI_int10                    
0000fff6  __TI_int11                    
0000fff8  __TI_int12                    
0000fffa  __TI_int13                    
0000fffc  __TI_int14                    
0000fffe  _reset_vector                 
ffffffff  __TI_pprof_out_hndl           
ffffffff  __TI_prof_data_size           
ffffffff  __TI_prof_data_start          
ffffffff  __c_args__                    

[338 symbols]
