<?xml version="1.0"?>
<link_info>
   <banner>MSP430 Linker PC v17.9.0.STS</banner>
   <copyright>Copyright (c) 2003-2017 Texas Instruments Incorporated</copyright>
   <link_time>0x5ad3de66</link_time>
   <link_errors>0x0</link_errors>
   <output_file>proj_ver1.out</output_file>
   <entry_point>
      <name>_c_int00_noargs</name>
      <address>0xeec8</address>
   </entry_point>
   <input_file_list>
      <input_file id="fl-2">
         <path>.\</path>
         <kind>object</kind>
         <file>UARTfuncs.obj</file>
         <name>UARTfuncs.obj</name>
      </input_file>
      <input_file id="fl-3">
         <path>.\</path>
         <kind>object</kind>
         <file>explore_traj.obj</file>
         <name>explore_traj.obj</name>
      </input_file>
      <input_file id="fl-4">
         <path>.\</path>
         <kind>object</kind>
         <file>user_proj_ver1.obj</file>
         <name>user_proj_ver1.obj</name>
      </input_file>
      <input_file id="fl-9">
         <kind>object</kind>
         <file>&lt;internal&gt;</file>
         <name>&lt;internal&gt;</name>
      </input_file>
      <input_file id="fl-1f">
         <path>E:\ti\i-cgt-msp430_17.9.0.STS\lib\</path>
         <kind>archive</kind>
         <file>rts430_eabi.lib</file>
         <name>asr16.obj</name>
      </input_file>
      <input_file id="fl-20">
         <path>E:\ti\i-cgt-msp430_17.9.0.STS\lib\</path>
         <kind>archive</kind>
         <file>rts430_eabi.lib</file>
         <name>div16s.obj</name>
      </input_file>
      <input_file id="fl-21">
         <path>E:\ti\i-cgt-msp430_17.9.0.STS\lib\</path>
         <kind>archive</kind>
         <file>rts430_eabi.lib</file>
         <name>div16u.obj</name>
      </input_file>
      <input_file id="fl-22">
         <path>E:\ti\i-cgt-msp430_17.9.0.STS\lib\</path>
         <kind>archive</kind>
         <file>rts430_eabi.lib</file>
         <name>epilog.obj</name>
      </input_file>
      <input_file id="fl-23">
         <path>E:\ti\i-cgt-msp430_17.9.0.STS\lib\</path>
         <kind>archive</kind>
         <file>rts430_eabi.lib</file>
         <name>fs_add.obj</name>
      </input_file>
      <input_file id="fl-24">
         <path>E:\ti\i-cgt-msp430_17.9.0.STS\lib\</path>
         <kind>archive</kind>
         <file>rts430_eabi.lib</file>
         <name>fs_cmp.obj</name>
      </input_file>
      <input_file id="fl-25">
         <path>E:\ti\i-cgt-msp430_17.9.0.STS\lib\</path>
         <kind>archive</kind>
         <file>rts430_eabi.lib</file>
         <name>fs_div.obj</name>
      </input_file>
      <input_file id="fl-26">
         <path>E:\ti\i-cgt-msp430_17.9.0.STS\lib\</path>
         <kind>archive</kind>
         <file>rts430_eabi.lib</file>
         <name>fs_itof.obj</name>
      </input_file>
      <input_file id="fl-27">
         <path>E:\ti\i-cgt-msp430_17.9.0.STS\lib\</path>
         <kind>archive</kind>
         <file>rts430_eabi.lib</file>
         <name>fs_mpy.obj</name>
      </input_file>
      <input_file id="fl-28">
         <path>E:\ti\i-cgt-msp430_17.9.0.STS\lib\</path>
         <kind>archive</kind>
         <file>rts430_eabi.lib</file>
         <name>fs_toi.obj</name>
      </input_file>
      <input_file id="fl-29">
         <path>E:\ti\i-cgt-msp430_17.9.0.STS\lib\</path>
         <kind>archive</kind>
         <file>rts430_eabi.lib</file>
         <name>int02.obj</name>
      </input_file>
      <input_file id="fl-2a">
         <path>E:\ti\i-cgt-msp430_17.9.0.STS\lib\</path>
         <kind>archive</kind>
         <file>rts430_eabi.lib</file>
         <name>int03.obj</name>
      </input_file>
      <input_file id="fl-2b">
         <path>E:\ti\i-cgt-msp430_17.9.0.STS\lib\</path>
         <kind>archive</kind>
         <file>rts430_eabi.lib</file>
         <name>int08.obj</name>
      </input_file>
      <input_file id="fl-2c">
         <path>E:\ti\i-cgt-msp430_17.9.0.STS\lib\</path>
         <kind>archive</kind>
         <file>rts430_eabi.lib</file>
         <name>int10.obj</name>
      </input_file>
      <input_file id="fl-2d">
         <path>E:\ti\i-cgt-msp430_17.9.0.STS\lib\</path>
         <kind>archive</kind>
         <file>rts430_eabi.lib</file>
         <name>int11.obj</name>
      </input_file>
      <input_file id="fl-2e">
         <path>E:\ti\i-cgt-msp430_17.9.0.STS\lib\</path>
         <kind>archive</kind>
         <file>rts430_eabi.lib</file>
         <name>int12.obj</name>
      </input_file>
      <input_file id="fl-2f">
         <path>E:\ti\i-cgt-msp430_17.9.0.STS\lib\</path>
         <kind>archive</kind>
         <file>rts430_eabi.lib</file>
         <name>int13.obj</name>
      </input_file>
      <input_file id="fl-30">
         <path>E:\ti\i-cgt-msp430_17.9.0.STS\lib\</path>
         <kind>archive</kind>
         <file>rts430_eabi.lib</file>
         <name>int14.obj</name>
      </input_file>
      <input_file id="fl-31">
         <path>E:\ti\i-cgt-msp430_17.9.0.STS\lib\</path>
         <kind>archive</kind>
         <file>rts430_eabi.lib</file>
         <name>isr_trap.obj</name>
      </input_file>
      <input_file id="fl-32">
         <path>E:\ti\i-cgt-msp430_17.9.0.STS\lib\</path>
         <kind>archive</kind>
         <file>rts430_eabi.lib</file>
         <name>lsl16.obj</name>
      </input_file>
      <input_file id="fl-33">
         <path>E:\ti\i-cgt-msp430_17.9.0.STS\lib\</path>
         <kind>archive</kind>
         <file>rts430_eabi.lib</file>
         <name>lsl32.obj</name>
      </input_file>
      <input_file id="fl-34">
         <path>E:\ti\i-cgt-msp430_17.9.0.STS\lib\</path>
         <kind>archive</kind>
         <file>rts430_eabi.lib</file>
         <name>lsr16.obj</name>
      </input_file>
      <input_file id="fl-35">
         <path>E:\ti\i-cgt-msp430_17.9.0.STS\lib\</path>
         <kind>archive</kind>
         <file>rts430_eabi.lib</file>
         <name>lsr32.obj</name>
      </input_file>
      <input_file id="fl-36">
         <path>E:\ti\i-cgt-msp430_17.9.0.STS\lib\</path>
         <kind>archive</kind>
         <file>rts430_eabi.lib</file>
         <name>mult16.obj</name>
      </input_file>
      <input_file id="fl-37">
         <path>E:\ti\i-cgt-msp430_17.9.0.STS\lib\</path>
         <kind>archive</kind>
         <file>rts430_eabi.lib</file>
         <name>cvtdf.obj</name>
      </input_file>
      <input_file id="fl-38">
         <path>E:\ti\i-cgt-msp430_17.9.0.STS\lib\</path>
         <kind>archive</kind>
         <file>rts430_eabi.lib</file>
         <name>addd.obj</name>
      </input_file>
      <input_file id="fl-39">
         <path>E:\ti\i-cgt-msp430_17.9.0.STS\lib\</path>
         <kind>archive</kind>
         <file>rts430_eabi.lib</file>
         <name>cmpd.obj</name>
      </input_file>
      <input_file id="fl-3a">
         <path>E:\ti\i-cgt-msp430_17.9.0.STS\lib\</path>
         <kind>archive</kind>
         <file>rts430_eabi.lib</file>
         <name>cvtfd.obj</name>
      </input_file>
      <input_file id="fl-3b">
         <path>E:\ti\i-cgt-msp430_17.9.0.STS\lib\</path>
         <kind>archive</kind>
         <file>rts430_eabi.lib</file>
         <name>divd.obj</name>
      </input_file>
      <input_file id="fl-3c">
         <path>E:\ti\i-cgt-msp430_17.9.0.STS\lib\</path>
         <kind>archive</kind>
         <file>rts430_eabi.lib</file>
         <name>fltuld.obj</name>
      </input_file>
      <input_file id="fl-3d">
         <path>E:\ti\i-cgt-msp430_17.9.0.STS\lib\</path>
         <kind>archive</kind>
         <file>rts430_eabi.lib</file>
         <name>frcaddd.obj</name>
      </input_file>
      <input_file id="fl-3e">
         <path>E:\ti\i-cgt-msp430_17.9.0.STS\lib\</path>
         <kind>archive</kind>
         <file>rts430_eabi.lib</file>
         <name>frcdivd.obj</name>
      </input_file>
      <input_file id="fl-3f">
         <path>E:\ti\i-cgt-msp430_17.9.0.STS\lib\</path>
         <kind>archive</kind>
         <file>rts430_eabi.lib</file>
         <name>mpyd.obj</name>
      </input_file>
      <input_file id="fl-40">
         <path>E:\ti\i-cgt-msp430_17.9.0.STS\lib\</path>
         <kind>archive</kind>
         <file>rts430_eabi.lib</file>
         <name>renormd.obj</name>
      </input_file>
      <input_file id="fl-41">
         <path>E:\ti\i-cgt-msp430_17.9.0.STS\lib\</path>
         <kind>archive</kind>
         <file>rts430_eabi.lib</file>
         <name>subd.obj</name>
      </input_file>
      <input_file id="fl-42">
         <path>E:\ti\i-cgt-msp430_17.9.0.STS\lib\</path>
         <kind>archive</kind>
         <file>rts430_eabi.lib</file>
         <name>boot.obj</name>
      </input_file>
      <input_file id="fl-43">
         <path>E:\ti\i-cgt-msp430_17.9.0.STS\lib\</path>
         <kind>archive</kind>
         <file>rts430_eabi.lib</file>
         <name>autoinit.obj</name>
      </input_file>
      <input_file id="fl-44">
         <path>E:\ti\i-cgt-msp430_17.9.0.STS\lib\</path>
         <kind>archive</kind>
         <file>rts430_eabi.lib</file>
         <name>copy_zero_init.obj</name>
      </input_file>
      <input_file id="fl-45">
         <path>E:\ti\i-cgt-msp430_17.9.0.STS\lib\</path>
         <kind>archive</kind>
         <file>rts430_eabi.lib</file>
         <name>cpy_tbl.obj</name>
      </input_file>
      <input_file id="fl-46">
         <path>E:\ti\i-cgt-msp430_17.9.0.STS\lib\</path>
         <kind>archive</kind>
         <file>rts430_eabi.lib</file>
         <name>mpu_init.obj</name>
      </input_file>
      <input_file id="fl-47">
         <path>E:\ti\i-cgt-msp430_17.9.0.STS\lib\</path>
         <kind>archive</kind>
         <file>rts430_eabi.lib</file>
         <name>lsr64.obj</name>
      </input_file>
      <input_file id="fl-48">
         <path>E:\ti\i-cgt-msp430_17.9.0.STS\lib\</path>
         <kind>archive</kind>
         <file>rts430_eabi.lib</file>
         <name>pre_init.obj</name>
      </input_file>
      <input_file id="fl-49">
         <path>E:\ti\i-cgt-msp430_17.9.0.STS\lib\</path>
         <kind>archive</kind>
         <file>rts430_eabi.lib</file>
         <name>startup.obj</name>
      </input_file>
      <input_file id="fl-4a">
         <path>E:\ti\i-cgt-msp430_17.9.0.STS\lib\</path>
         <kind>archive</kind>
         <file>rts430_eabi.lib</file>
         <name>copy_decompress_none.obj</name>
      </input_file>
      <input_file id="fl-4b">
         <path>E:\ti\i-cgt-msp430_17.9.0.STS\lib\</path>
         <kind>archive</kind>
         <file>rts430_eabi.lib</file>
         <name>copy_decompress_lzss.obj</name>
      </input_file>
      <input_file id="fl-4c">
         <path>E:\ti\i-cgt-msp430_17.9.0.STS\lib\</path>
         <kind>archive</kind>
         <file>rts430_eabi.lib</file>
         <name>exit.obj</name>
      </input_file>
      <input_file id="fl-4d">
         <path>E:\ti\i-cgt-msp430_17.9.0.STS\lib\</path>
         <kind>archive</kind>
         <file>rts430_eabi.lib</file>
         <name>_lock.obj</name>
      </input_file>
      <input_file id="fl-4e">
         <path>E:\ti\i-cgt-msp430_17.9.0.STS\lib\</path>
         <kind>archive</kind>
         <file>rts430_eabi.lib</file>
         <name>args_main.obj</name>
      </input_file>
      <input_file id="fl-4f">
         <path>E:\ti\i-cgt-msp430_17.9.0.STS\lib\</path>
         <kind>archive</kind>
         <file>rts430_eabi.lib</file>
         <name>memcpy.obj</name>
      </input_file>
      <input_file id="fl-50">
         <path>E:\ti\i-cgt-msp430_17.9.0.STS\lib\</path>
         <kind>archive</kind>
         <file>rts430_eabi.lib</file>
         <name>vsprintf.obj</name>
      </input_file>
      <input_file id="fl-51">
         <path>E:\ti\i-cgt-msp430_17.9.0.STS\lib\</path>
         <kind>archive</kind>
         <file>rts430_eabi.lib</file>
         <name>asr32.obj</name>
      </input_file>
      <input_file id="fl-52">
         <path>E:\ti\i-cgt-msp430_17.9.0.STS\lib\</path>
         <kind>archive</kind>
         <file>rts430_eabi.lib</file>
         <name>mult32.obj</name>
      </input_file>
      <input_file id="fl-53">
         <path>E:\ti\i-cgt-msp430_17.9.0.STS\lib\</path>
         <kind>archive</kind>
         <file>rts430_eabi.lib</file>
         <name>frcmpyd.obj</name>
      </input_file>
      <input_file id="fl-54">
         <path>E:\ti\i-cgt-msp430_17.9.0.STS\lib\</path>
         <kind>archive</kind>
         <file>rts430_eabi.lib</file>
         <name>exit_gvars.obj</name>
      </input_file>
      <input_file id="fl-55">
         <path>E:\ti\i-cgt-msp430_17.9.0.STS\lib\</path>
         <kind>archive</kind>
         <file>rts430_eabi.lib</file>
         <name>_printfi_min.obj</name>
      </input_file>
      <input_file id="fl-56">
         <path>E:\ti\i-cgt-msp430_17.9.0.STS\lib\</path>
         <kind>archive</kind>
         <file>rts430_eabi.lib</file>
         <name>memccpy.obj</name>
      </input_file>
      <input_file id="fl-57">
         <path>E:\ti\i-cgt-msp430_17.9.0.STS\lib\</path>
         <kind>archive</kind>
         <file>rts430_eabi.lib</file>
         <name>memset.obj</name>
      </input_file>
      <input_file id="fl-58">
         <path>E:\ti\i-cgt-msp430_17.9.0.STS\lib\</path>
         <kind>archive</kind>
         <file>rts430_eabi.lib</file>
         <name>strlen.obj</name>
      </input_file>
   </input_file_list>
   <object_component_list>
      <object_component id="oc-195">
         <name>.common:txbuff</name>
         <uninitialized>true</uninitialized>
         <run_address>0x302</run_address>
         <size>0x34</size>
      </object_component>
      <object_component id="oc-198">
         <name>.common:printbuff</name>
         <uninitialized>true</uninitialized>
         <run_address>0x336</run_address>
         <size>0x28</size>
      </object_component>
      <object_component id="oc-152">
         <name>.common:sensors</name>
         <uninitialized>true</uninitialized>
         <run_address>0x35e</run_address>
         <size>0x10</size>
      </object_component>
      <object_component id="oc-192">
         <name>.data</name>
         <load_address>0x2fc</load_address>
         <run_address>0x2fc</run_address>
         <size>0x6</size>
         <input_file_ref idref="fl-2"/>
      </object_component>
      <object_component id="oc-172">
         <name>.data:explore_traj</name>
         <load_address>0x25a</load_address>
         <run_address>0x25a</run_address>
         <size>0x2a</size>
         <input_file_ref idref="fl-3"/>
      </object_component>
      <object_component id="oc-14a">
         <name>.data</name>
         <load_address>0x200</load_address>
         <run_address>0x200</run_address>
         <size>0x5a</size>
         <input_file_ref idref="fl-4"/>
      </object_component>
      <object_component id="oc-155">
         <name>.data:photoR</name>
         <load_address>0x2ac</load_address>
         <run_address>0x2ac</run_address>
         <size>0x28</size>
         <input_file_ref idref="fl-4"/>
      </object_component>
      <object_component id="oc-158">
         <name>.data:front_IR</name>
         <load_address>0x284</load_address>
         <run_address>0x284</run_address>
         <size>0x28</size>
         <input_file_ref idref="fl-4"/>
      </object_component>
      <object_component id="oc-15b">
         <name>.data:right_IR</name>
         <load_address>0x2d4</load_address>
         <run_address>0x2d4</run_address>
         <size>0x28</size>
         <input_file_ref idref="fl-4"/>
      </object_component>
      <object_component id="oc-ac">
         <name>.stack</name>
         <uninitialized>true</uninitialized>
         <run_address>0x3b0</run_address>
         <size>0x2</size>
         <input_file_ref idref="fl-42"/>
      </object_component>
      <object_component id="oc-403">
         <name>.stack</name>
         <uninitialized>true</uninitialized>
         <run_address>0x3b0</run_address>
         <size>0x0</size>
      </object_component>
      <object_component id="oc-dc">
         <name>.text:ADC10_ISR</name>
         <load_address>0xc000</load_address>
         <run_address>0xc000</run_address>
         <size>0x4ba</size>
         <input_file_ref idref="fl-4"/>
      </object_component>
      <object_component id="oc-185">
         <name>.text:observed_loc</name>
         <load_address>0xc4ba</load_address>
         <run_address>0xc4ba</run_address>
         <size>0x49a</size>
         <input_file_ref idref="fl-4"/>
      </object_component>
      <object_component id="oc-299">
         <name>.text:__TI_frcdivd</name>
         <load_address>0xc954</load_address>
         <run_address>0xc954</run_address>
         <size>0x478</size>
         <input_file_ref idref="fl-3e"/>
      </object_component>
      <object_component id="oc-18b">
         <name>.text:kalman_filter</name>
         <load_address>0xcdcc</load_address>
         <run_address>0xcdcc</run_address>
         <size>0x432</size>
         <input_file_ref idref="fl-4"/>
      </object_component>
      <object_component id="oc-1eb">
         <name>.text:__mspabi_addd</name>
         <load_address>0xd1fe</load_address>
         <run_address>0xd1fe</run_address>
         <size>0x2fa</size>
         <input_file_ref idref="fl-38"/>
      </object_component>
      <object_component id="oc-291">
         <name>.text:__TI_frcmpyd</name>
         <load_address>0xd4f8</load_address>
         <run_address>0xd4f8</run_address>
         <size>0x286</size>
         <input_file_ref idref="fl-53"/>
      </object_component>
      <object_component id="oc-1f7">
         <name>.text:__mspabi_mpyd</name>
         <load_address>0xd77e</load_address>
         <run_address>0xd77e</run_address>
         <size>0x26e</size>
         <input_file_ref idref="fl-3f"/>
      </object_component>
      <object_component id="oc-283">
         <name>.text:__TI_frcaddd</name>
         <load_address>0xd9ec</load_address>
         <run_address>0xd9ec</run_address>
         <size>0x260</size>
         <input_file_ref idref="fl-3d"/>
      </object_component>
      <object_component id="oc-1fd">
         <name>.text:__mspabi_divd</name>
         <load_address>0xdc4c</load_address>
         <run_address>0xdc4c</run_address>
         <size>0x238</size>
         <input_file_ref idref="fl-3b"/>
      </object_component>
      <object_component id="oc-16d">
         <name>.text</name>
         <load_address>0xde84</load_address>
         <run_address>0xde84</run_address>
         <size>0x132</size>
         <input_file_ref idref="fl-23"/>
      </object_component>
      <object_component id="oc-222">
         <name>.text:Init_UART</name>
         <load_address>0xdfb6</load_address>
         <run_address>0xdfb6</run_address>
         <size>0x126</size>
         <input_file_ref idref="fl-2"/>
      </object_component>
      <object_component id="oc-37a">
         <name>.text:_setfield</name>
         <load_address>0xe0dc</load_address>
         <run_address>0xe0dc</run_address>
         <size>0x116</size>
         <input_file_ref idref="fl-55"/>
      </object_component>
      <object_component id="oc-337">
         <name>.text:__TI_printfi_minimal</name>
         <load_address>0xe1f2</load_address>
         <run_address>0xe1f2</run_address>
         <size>0xe2</size>
         <input_file_ref idref="fl-55"/>
      </object_component>
      <object_component id="oc-209">
         <name>.text:__mspabi_cmpd</name>
         <load_address>0xe2d4</load_address>
         <run_address>0xe2d4</run_address>
         <size>0xdc</size>
         <input_file_ref idref="fl-39"/>
      </object_component>
      <object_component id="oc-1aa">
         <name>.text:main</name>
         <load_address>0xe3b0</load_address>
         <run_address>0xe3b0</run_address>
         <size>0xd8</size>
         <input_file_ref idref="fl-4"/>
      </object_component>
      <object_component id="oc-3a5">
         <name>.text:_pproc_diouxp</name>
         <load_address>0xe488</load_address>
         <run_address>0xe488</run_address>
         <size>0xca</size>
         <input_file_ref idref="fl-55"/>
      </object_component>
      <object_component id="oc-175">
         <name>.text</name>
         <load_address>0xe552</load_address>
         <run_address>0xe552</run_address>
         <size>0xc4</size>
         <input_file_ref idref="fl-27"/>
      </object_component>
      <object_component id="oc-309">
         <name>.text:__TI_renormd</name>
         <load_address>0xe616</load_address>
         <run_address>0xe616</run_address>
         <size>0xbe</size>
         <input_file_ref idref="fl-40"/>
      </object_component>
      <object_component id="oc-17a">
         <name>.text:drive_car</name>
         <load_address>0xe6d4</load_address>
         <run_address>0xe6d4</run_address>
         <size>0xa0</size>
         <input_file_ref idref="fl-4"/>
      </object_component>
      <object_component id="oc-163">
         <name>.text</name>
         <load_address>0xe774</load_address>
         <run_address>0xe774</run_address>
         <size>0x9c</size>
         <input_file_ref idref="fl-25"/>
      </object_component>
      <object_component id="oc-203">
         <name>.text:__mspabi_cvtdf</name>
         <load_address>0xe810</load_address>
         <run_address>0xe810</run_address>
         <size>0x8c</size>
         <input_file_ref idref="fl-37"/>
      </object_component>
      <object_component id="oc-2aa">
         <name>.text:__mspabi_fltuld</name>
         <load_address>0xe89c</load_address>
         <run_address>0xe89c</run_address>
         <size>0x8a</size>
         <input_file_ref idref="fl-3c"/>
      </object_component>
      <object_component id="oc-e2">
         <name>.text:USCI0TX_ISR</name>
         <load_address>0xe926</load_address>
         <run_address>0xe926</run_address>
         <size>0x7c</size>
         <input_file_ref idref="fl-4"/>
      </object_component>
      <object_component id="oc-30">
         <name>.text:decompress:lzss:__TI_decompress_lzss</name>
         <load_address>0xe9a2</load_address>
         <run_address>0xe9a2</run_address>
         <size>0x7c</size>
         <input_file_ref idref="fl-4b"/>
      </object_component>
      <object_component id="oc-1e5">
         <name>.text:__mspabi_cvtfd</name>
         <load_address>0xea1e</load_address>
         <run_address>0xea1e</run_address>
         <size>0x72</size>
         <input_file_ref idref="fl-3a"/>
      </object_component>
      <object_component id="oc-168">
         <name>.text</name>
         <load_address>0xea90</load_address>
         <run_address>0xea90</run_address>
         <size>0x68</size>
         <input_file_ref idref="fl-28"/>
      </object_component>
      <object_component id="oc-21c">
         <name>.text:exploration</name>
         <load_address>0xeaf8</load_address>
         <run_address>0xeaf8</run_address>
         <size>0x66</size>
         <input_file_ref idref="fl-3"/>
      </object_component>
      <object_component id="oc-318">
         <name>.text:l_lsr_const</name>
         <load_address>0xeb5e</load_address>
         <run_address>0xeb5e</run_address>
         <size>0x5c</size>
         <input_file_ref idref="fl-35"/>
      </object_component>
      <object_component id="oc-b5">
         <name>.text</name>
         <load_address>0xebba</load_address>
         <run_address>0xebba</run_address>
         <size>0x4c</size>
         <input_file_ref idref="fl-34"/>
      </object_component>
      <object_component id="oc-ee">
         <name>.text:Timer_A</name>
         <load_address>0xec06</load_address>
         <run_address>0xec06</run_address>
         <size>0x4a</size>
         <input_file_ref idref="fl-4"/>
      </object_component>
      <object_component id="oc-2b0">
         <name>.text</name>
         <load_address>0xec50</load_address>
         <run_address>0xec50</run_address>
         <size>0x4a</size>
         <input_file_ref idref="fl-24"/>
      </object_component>
      <object_component id="oc-23c">
         <name>.text:__TI_auto_init_nobinit_nopinit:__TI_auto_init_nobinit_nopinit</name>
         <load_address>0xec9a</load_address>
         <run_address>0xec9a</run_address>
         <size>0x42</size>
         <input_file_ref idref="fl-43"/>
      </object_component>
      <object_component id="oc-277">
         <name>.text:l_asr_const</name>
         <load_address>0xecdc</load_address>
         <run_address>0xecdc</run_address>
         <size>0x3e</size>
         <input_file_ref idref="fl-51"/>
      </object_component>
      <object_component id="oc-2a1">
         <name>.text:l_lsl_const</name>
         <load_address>0xed1a</load_address>
         <run_address>0xed1a</run_address>
         <size>0x3e</size>
         <input_file_ref idref="fl-33"/>
      </object_component>
      <object_component id="oc-15e">
         <name>.text</name>
         <load_address>0xed58</load_address>
         <run_address>0xed58</run_address>
         <size>0x36</size>
         <input_file_ref idref="fl-26"/>
      </object_component>
      <object_component id="oc-2b6">
         <name>.text:vsprintf</name>
         <load_address>0xed8e</load_address>
         <run_address>0xed8e</run_address>
         <size>0x34</size>
         <input_file_ref idref="fl-50"/>
      </object_component>
      <object_component id="oc-1f1">
         <name>.text:__mspabi_subd</name>
         <load_address>0xedc2</load_address>
         <run_address>0xedc2</run_address>
         <size>0x2e</size>
         <input_file_ref idref="fl-41"/>
      </object_component>
      <object_component id="oc-2bc">
         <name>.text:sendchars</name>
         <load_address>0xedf0</load_address>
         <run_address>0xedf0</run_address>
         <size>0x2e</size>
         <input_file_ref idref="fl-2"/>
      </object_component>
      <object_component id="oc-272">
         <name>.text</name>
         <load_address>0xee1e</load_address>
         <run_address>0xee1e</run_address>
         <size>0x2c</size>
         <input_file_ref idref="fl-1f"/>
      </object_component>
      <object_component id="oc-180">
         <name>.text</name>
         <load_address>0xee4a</load_address>
         <run_address>0xee4a</run_address>
         <size>0x2c</size>
         <input_file_ref idref="fl-20"/>
      </object_component>
      <object_component id="oc-b0">
         <name>.text</name>
         <load_address>0xee76</load_address>
         <run_address>0xee76</run_address>
         <size>0x2c</size>
         <input_file_ref idref="fl-32"/>
      </object_component>
      <object_component id="oc-313">
         <name>.text</name>
         <load_address>0xeea2</load_address>
         <run_address>0xeea2</run_address>
         <size>0x26</size>
         <input_file_ref idref="fl-52"/>
      </object_component>
      <object_component id="oc-106">
         <name>.text:_c_int00_noargs</name>
         <load_address>0xeec8</load_address>
         <run_address>0xeec8</run_address>
         <size>0x1c</size>
         <input_file_ref idref="fl-42"/>
      </object_component>
      <object_component id="oc-229">
         <name>.text:UART_printf</name>
         <load_address>0xeee4</load_address>
         <run_address>0xeee4</run_address>
         <size>0x1a</size>
         <input_file_ref idref="fl-2"/>
      </object_component>
      <object_component id="oc-32b">
         <name>.text:_outs</name>
         <load_address>0xeefe</load_address>
         <run_address>0xeefe</run_address>
         <size>0x1a</size>
         <input_file_ref idref="fl-50"/>
      </object_component>
      <object_component id="oc-3ab">
         <name>.text:memccpy</name>
         <load_address>0xef18</load_address>
         <run_address>0xef18</run_address>
         <size>0x1a</size>
         <input_file_ref idref="fl-56"/>
      </object_component>
      <object_component id="oc-e8">
         <name>.text:USCI0RX_ISR</name>
         <load_address>0xef32</load_address>
         <run_address>0xef32</run_address>
         <size>0x16</size>
         <input_file_ref idref="fl-4"/>
      </object_component>
      <object_component id="oc-1de">
         <name>.text</name>
         <load_address>0xef48</load_address>
         <run_address>0xef48</run_address>
         <size>0x16</size>
         <input_file_ref idref="fl-21"/>
      </object_component>
      <object_component id="oc-f4">
         <name>.text:decompress:ZI:__TI_zero_init_nomemset:__TI_zero_init_nomemset</name>
         <load_address>0xef5e</load_address>
         <run_address>0xef5e</run_address>
         <size>0x14</size>
         <input_file_ref idref="fl-44"/>
      </object_component>
      <object_component id="oc-39e">
         <name>.text:memset</name>
         <load_address>0xef72</load_address>
         <run_address>0xef72</run_address>
         <size>0x14</size>
         <input_file_ref idref="fl-57"/>
      </object_component>
      <object_component id="oc-14d">
         <name>.text</name>
         <load_address>0xef86</load_address>
         <run_address>0xef86</run_address>
         <size>0x14</size>
         <input_file_ref idref="fl-36"/>
      </object_component>
      <object_component id="oc-331">
         <name>.text:_outc</name>
         <load_address>0xef9a</load_address>
         <run_address>0xef9a</run_address>
         <size>0x12</size>
         <input_file_ref idref="fl-50"/>
      </object_component>
      <object_component id="oc-36">
         <name>.text:decompress:none:__TI_decompress_none</name>
         <load_address>0xefac</load_address>
         <run_address>0xefac</run_address>
         <size>0x12</size>
         <input_file_ref idref="fl-4a"/>
      </object_component>
      <object_component id="oc-2ff">
         <name>.text:l_lsr</name>
         <load_address>0xefbe</load_address>
         <run_address>0xefbe</run_address>
         <size>0x12</size>
         <input_file_ref idref="fl-35"/>
      </object_component>
      <object_component id="oc-ca">
         <name>.text:memcpy</name>
         <load_address>0xefd0</load_address>
         <run_address>0xefd0</run_address>
         <size>0x12</size>
         <input_file_ref idref="fl-4f"/>
      </object_component>
      <object_component id="oc-304">
         <name>.text:l_asr</name>
         <load_address>0xefe2</load_address>
         <run_address>0xefe2</run_address>
         <size>0x10</size>
         <input_file_ref idref="fl-51"/>
      </object_component>
      <object_component id="oc-2fa">
         <name>.text:l_lsl</name>
         <load_address>0xeff2</load_address>
         <run_address>0xeff2</run_address>
         <size>0x10</size>
         <input_file_ref idref="fl-33"/>
      </object_component>
      <object_component id="oc-ba">
         <name>.text</name>
         <load_address>0xf002</load_address>
         <run_address>0xf002</run_address>
         <size>0x10</size>
         <input_file_ref idref="fl-22"/>
      </object_component>
      <object_component id="oc-374">
         <name>.text:strlen</name>
         <load_address>0xf012</load_address>
         <run_address>0xf012</run_address>
         <size>0xe</size>
         <input_file_ref idref="fl-58"/>
      </object_component>
      <object_component id="oc-d7">
         <name>.text:_isr:__TI_ISR_TRAP</name>
         <load_address>0xf020</load_address>
         <run_address>0xf020</run_address>
         <size>0x8</size>
         <input_file_ref idref="fl-31"/>
      </object_component>
      <object_component id="oc-230">
         <name>.text:abort</name>
         <load_address>0xf028</load_address>
         <run_address>0xf028</run_address>
         <size>0x6</size>
         <input_file_ref idref="fl-4c"/>
      </object_component>
      <object_component id="oc-1a4">
         <name>.text:_system_pre_init</name>
         <load_address>0xf02e</load_address>
         <run_address>0xf02e</run_address>
         <size>0x4</size>
         <input_file_ref idref="fl-48"/>
      </object_component>
      <object_component id="oc-2d5">
         <name>.text:_system_post_cinit</name>
         <load_address>0xf032</load_address>
         <run_address>0xf032</run_address>
         <size>0x2</size>
         <input_file_ref idref="fl-49"/>
      </object_component>
      <object_component id="oc-402">
         <name>.cinit..data.load</name>
         <load_address>0xf056</load_address>
         <run_address>0xf056</run_address>
         <size>0x30</size>
      </object_component>
      <object_component id="oc-3ff">
         <name>__TI_handler_table</name>
         <load_address>0xf086</load_address>
         <run_address>0xf086</run_address>
         <size>0x6</size>
      </object_component>
      <object_component id="oc-401">
         <name>.cinit..bss.load</name>
         <load_address>0xf08c</load_address>
         <run_address>0xf08c</run_address>
         <size>0x4</size>
      </object_component>
      <object_component id="oc-400">
         <name>__TI_cinit_table</name>
         <load_address>0xf090</load_address>
         <run_address>0xf090</run_address>
         <size>0x8</size>
      </object_component>
      <object_component id="oc-3a4">
         <name>.const:.string</name>
         <load_address>0xf034</load_address>
         <run_address>0xf034</run_address>
         <size>0x14</size>
         <input_file_ref idref="fl-55"/>
      </object_component>
      <object_component id="oc-228">
         <name>.const:.string</name>
         <load_address>0xf048</load_address>
         <run_address>0xf048</run_address>
         <size>0xe</size>
         <input_file_ref idref="fl-4"/>
      </object_component>
      <object_component id="oc-3c">
         <name>.int02</name>
         <load_address>0xffe4</load_address>
         <run_address>0xffe4</run_address>
         <size>0x2</size>
         <input_file_ref idref="fl-29"/>
      </object_component>
      <object_component id="oc-3d">
         <name>.int03</name>
         <load_address>0xffe6</load_address>
         <run_address>0xffe6</run_address>
         <size>0x2</size>
         <input_file_ref idref="fl-2a"/>
      </object_component>
      <object_component id="oc-3e">
         <name>.int05</name>
         <load_address>0xffea</load_address>
         <run_address>0xffea</run_address>
         <size>0x2</size>
         <input_file_ref idref="fl-4"/>
      </object_component>
      <object_component id="oc-3f">
         <name>.int06</name>
         <load_address>0xffec</load_address>
         <run_address>0xffec</run_address>
         <size>0x2</size>
         <input_file_ref idref="fl-4"/>
      </object_component>
      <object_component id="oc-40">
         <name>.int07</name>
         <load_address>0xffee</load_address>
         <run_address>0xffee</run_address>
         <size>0x2</size>
         <input_file_ref idref="fl-4"/>
      </object_component>
      <object_component id="oc-41">
         <name>.int08</name>
         <load_address>0xfff0</load_address>
         <run_address>0xfff0</run_address>
         <size>0x2</size>
         <input_file_ref idref="fl-2b"/>
      </object_component>
      <object_component id="oc-42">
         <name>.int09</name>
         <load_address>0xfff2</load_address>
         <run_address>0xfff2</run_address>
         <size>0x2</size>
         <input_file_ref idref="fl-4"/>
      </object_component>
      <object_component id="oc-43">
         <name>.int10</name>
         <load_address>0xfff4</load_address>
         <run_address>0xfff4</run_address>
         <size>0x2</size>
         <input_file_ref idref="fl-2c"/>
      </object_component>
      <object_component id="oc-44">
         <name>.int11</name>
         <load_address>0xfff6</load_address>
         <run_address>0xfff6</run_address>
         <size>0x2</size>
         <input_file_ref idref="fl-2d"/>
      </object_component>
      <object_component id="oc-45">
         <name>.int12</name>
         <load_address>0xfff8</load_address>
         <run_address>0xfff8</run_address>
         <size>0x2</size>
         <input_file_ref idref="fl-2e"/>
      </object_component>
      <object_component id="oc-46">
         <name>.int13</name>
         <load_address>0xfffa</load_address>
         <run_address>0xfffa</run_address>
         <size>0x2</size>
         <input_file_ref idref="fl-2f"/>
      </object_component>
      <object_component id="oc-47">
         <name>.int14</name>
         <load_address>0xfffc</load_address>
         <run_address>0xfffc</run_address>
         <size>0x2</size>
         <input_file_ref idref="fl-30"/>
      </object_component>
      <object_component id="oc-af">
         <name>.reset</name>
         <load_address>0xfffe</load_address>
         <run_address>0xfffe</run_address>
         <size>0x2</size>
         <input_file_ref idref="fl-42"/>
      </object_component>
      <object_component id="oc-196">
         <name>.debug_info</name>
         <load_address>0x0</load_address>
         <run_address>0x0</run_address>
         <size>0x31e</size>
         <input_file_ref idref="fl-2"/>
      </object_component>
      <object_component id="oc-193">
         <name>.debug_info</name>
         <load_address>0x31e</load_address>
         <run_address>0x31e</run_address>
         <size>0x1d2</size>
         <input_file_ref idref="fl-2"/>
      </object_component>
      <object_component id="oc-2bd">
         <name>.debug_info</name>
         <load_address>0x4f0</load_address>
         <run_address>0x4f0</run_address>
         <size>0x1d3</size>
         <input_file_ref idref="fl-2"/>
      </object_component>
      <object_component id="oc-22a">
         <name>.debug_info</name>
         <load_address>0x6c3</load_address>
         <run_address>0x6c3</run_address>
         <size>0x1f8</size>
         <input_file_ref idref="fl-2"/>
      </object_component>
      <object_component id="oc-223">
         <name>.debug_info</name>
         <load_address>0x8bb</load_address>
         <run_address>0x8bb</run_address>
         <size>0x3cd</size>
         <input_file_ref idref="fl-2"/>
      </object_component>
      <object_component id="oc-c5">
         <name>.debug_info</name>
         <load_address>0xc88</load_address>
         <run_address>0xc88</run_address>
         <size>0x84</size>
         <input_file_ref idref="fl-2"/>
      </object_component>
      <object_component id="oc-214">
         <name>.debug_info</name>
         <load_address>0xd0c</load_address>
         <run_address>0xd0c</run_address>
         <size>0x2c</size>
         <input_file_ref idref="fl-2"/>
      </object_component>
      <object_component id="oc-1db">
         <name>.debug_info</name>
         <load_address>0xd38</load_address>
         <run_address>0xd38</run_address>
         <size>0x15c</size>
         <input_file_ref idref="fl-3"/>
      </object_component>
      <object_component id="oc-173">
         <name>.debug_info</name>
         <load_address>0xe94</load_address>
         <run_address>0xe94</run_address>
         <size>0xf5</size>
         <input_file_ref idref="fl-3"/>
      </object_component>
      <object_component id="oc-21d">
         <name>.debug_info</name>
         <load_address>0xf89</load_address>
         <run_address>0xf89</run_address>
         <size>0x12d</size>
         <input_file_ref idref="fl-3"/>
      </object_component>
      <object_component id="oc-153">
         <name>.debug_info</name>
         <load_address>0x10b6</load_address>
         <run_address>0x10b6</run_address>
         <size>0x657</size>
         <input_file_ref idref="fl-4"/>
      </object_component>
      <object_component id="oc-14b">
         <name>.debug_info</name>
         <load_address>0x170d</load_address>
         <run_address>0x170d</run_address>
         <size>0x70e</size>
         <input_file_ref idref="fl-4"/>
      </object_component>
      <object_component id="oc-156">
         <name>.debug_info</name>
         <load_address>0x1e1b</load_address>
         <run_address>0x1e1b</run_address>
         <size>0x11a</size>
         <input_file_ref idref="fl-4"/>
      </object_component>
      <object_component id="oc-159">
         <name>.debug_info</name>
         <load_address>0x1f35</load_address>
         <run_address>0x1f35</run_address>
         <size>0x11e</size>
         <input_file_ref idref="fl-4"/>
      </object_component>
      <object_component id="oc-15c">
         <name>.debug_info</name>
         <load_address>0x2053</load_address>
         <run_address>0x2053</run_address>
         <size>0x11e</size>
         <input_file_ref idref="fl-4"/>
      </object_component>
      <object_component id="oc-186">
         <name>.debug_info</name>
         <load_address>0x2171</load_address>
         <run_address>0x2171</run_address>
         <size>0x1c3</size>
         <input_file_ref idref="fl-4"/>
      </object_component>
      <object_component id="oc-1ab">
         <name>.debug_info</name>
         <load_address>0x2334</load_address>
         <run_address>0x2334</run_address>
         <size>0x1e3</size>
         <input_file_ref idref="fl-4"/>
      </object_component>
      <object_component id="oc-18c">
         <name>.debug_info</name>
         <load_address>0x2517</load_address>
         <run_address>0x2517</run_address>
         <size>0x6e9</size>
         <input_file_ref idref="fl-4"/>
      </object_component>
      <object_component id="oc-17b">
         <name>.debug_info</name>
         <load_address>0x2c00</load_address>
         <run_address>0x2c00</run_address>
         <size>0x202</size>
         <input_file_ref idref="fl-4"/>
      </object_component>
      <object_component id="oc-e3">
         <name>.debug_info</name>
         <load_address>0x2e02</load_address>
         <run_address>0x2e02</run_address>
         <size>0x1c4</size>
         <input_file_ref idref="fl-4"/>
      </object_component>
      <object_component id="oc-e9">
         <name>.debug_info</name>
         <load_address>0x2fc6</load_address>
         <run_address>0x2fc6</run_address>
         <size>0x1c4</size>
         <input_file_ref idref="fl-4"/>
      </object_component>
      <object_component id="oc-ef">
         <name>.debug_info</name>
         <load_address>0x318a</load_address>
         <run_address>0x318a</run_address>
         <size>0x1d0</size>
         <input_file_ref idref="fl-4"/>
      </object_component>
      <object_component id="oc-e0">
         <name>.debug_info</name>
         <load_address>0x335a</load_address>
         <run_address>0x335a</run_address>
         <size>0x473</size>
         <input_file_ref idref="fl-4"/>
      </object_component>
      <object_component id="oc-273">
         <name>.debug_info</name>
         <load_address>0x37cd</load_address>
         <run_address>0x37cd</run_address>
         <size>0x118</size>
         <input_file_ref idref="fl-1f"/>
      </object_component>
      <object_component id="oc-181">
         <name>.debug_info</name>
         <load_address>0x38e5</load_address>
         <run_address>0x38e5</run_address>
         <size>0x12d</size>
         <input_file_ref idref="fl-20"/>
      </object_component>
      <object_component id="oc-1e1">
         <name>.debug_info</name>
         <load_address>0x3a12</load_address>
         <run_address>0x3a12</run_address>
         <size>0x119</size>
         <input_file_ref idref="fl-21"/>
      </object_component>
      <object_component id="oc-bb">
         <name>.debug_info</name>
         <load_address>0x3b2b</load_address>
         <run_address>0x3b2b</run_address>
         <size>0x126</size>
         <input_file_ref idref="fl-22"/>
      </object_component>
      <object_component id="oc-16f">
         <name>.debug_info</name>
         <load_address>0x3c51</load_address>
         <run_address>0x3c51</run_address>
         <size>0x119</size>
         <input_file_ref idref="fl-23"/>
      </object_component>
      <object_component id="oc-2b3">
         <name>.debug_info</name>
         <load_address>0x3d6a</load_address>
         <run_address>0x3d6a</run_address>
         <size>0x125</size>
         <input_file_ref idref="fl-24"/>
      </object_component>
      <object_component id="oc-166">
         <name>.debug_info</name>
         <load_address>0x3e8f</load_address>
         <run_address>0x3e8f</run_address>
         <size>0x119</size>
         <input_file_ref idref="fl-25"/>
      </object_component>
      <object_component id="oc-160">
         <name>.debug_info</name>
         <load_address>0x3fa8</load_address>
         <run_address>0x3fa8</run_address>
         <size>0x122</size>
         <input_file_ref idref="fl-26"/>
      </object_component>
      <object_component id="oc-177">
         <name>.debug_info</name>
         <load_address>0x40ca</load_address>
         <run_address>0x40ca</run_address>
         <size>0x119</size>
         <input_file_ref idref="fl-27"/>
      </object_component>
      <object_component id="oc-169">
         <name>.debug_info</name>
         <load_address>0x41e3</load_address>
         <run_address>0x41e3</run_address>
         <size>0x12d</size>
         <input_file_ref idref="fl-28"/>
      </object_component>
      <object_component id="oc-d8">
         <name>.debug_info</name>
         <load_address>0x4310</load_address>
         <run_address>0x4310</run_address>
         <size>0x107</size>
         <input_file_ref idref="fl-31"/>
      </object_component>
      <object_component id="oc-b3">
         <name>.debug_info</name>
         <load_address>0x4417</load_address>
         <run_address>0x4417</run_address>
         <size>0x118</size>
         <input_file_ref idref="fl-32"/>
      </object_component>
      <object_component id="oc-2fb">
         <name>.debug_info</name>
         <load_address>0x452f</load_address>
         <run_address>0x452f</run_address>
         <size>0x118</size>
         <input_file_ref idref="fl-33"/>
      </object_component>
      <object_component id="oc-2a3">
         <name>.debug_info</name>
         <load_address>0x4647</load_address>
         <run_address>0x4647</run_address>
         <size>0x11e</size>
         <input_file_ref idref="fl-33"/>
      </object_component>
      <object_component id="oc-b8">
         <name>.debug_info</name>
         <load_address>0x4765</load_address>
         <run_address>0x4765</run_address>
         <size>0x118</size>
         <input_file_ref idref="fl-34"/>
      </object_component>
      <object_component id="oc-301">
         <name>.debug_info</name>
         <load_address>0x487d</load_address>
         <run_address>0x487d</run_address>
         <size>0x118</size>
         <input_file_ref idref="fl-35"/>
      </object_component>
      <object_component id="oc-31b">
         <name>.debug_info</name>
         <load_address>0x4995</load_address>
         <run_address>0x4995</run_address>
         <size>0x11e</size>
         <input_file_ref idref="fl-35"/>
      </object_component>
      <object_component id="oc-14f">
         <name>.debug_info</name>
         <load_address>0x4ab3</load_address>
         <run_address>0x4ab3</run_address>
         <size>0x119</size>
         <input_file_ref idref="fl-36"/>
      </object_component>
      <object_component id="oc-2a7">
         <name>.debug_info</name>
         <load_address>0x4bcc</load_address>
         <run_address>0x4bcc</run_address>
         <size>0x1c4</size>
         <input_file_ref idref="fl-37"/>
      </object_component>
      <object_component id="oc-205">
         <name>.debug_info</name>
         <load_address>0x4d90</load_address>
         <run_address>0x4d90</run_address>
         <size>0x1cd</size>
         <input_file_ref idref="fl-37"/>
      </object_component>
      <object_component id="oc-27e">
         <name>.debug_info</name>
         <load_address>0x4f5d</load_address>
         <run_address>0x4f5d</run_address>
         <size>0xdb</size>
         <input_file_ref idref="fl-37"/>
      </object_component>
      <object_component id="oc-28f">
         <name>.debug_info</name>
         <load_address>0x5038</load_address>
         <run_address>0x5038</run_address>
         <size>0x206</size>
         <input_file_ref idref="fl-38"/>
      </object_component>
      <object_component id="oc-1ec">
         <name>.debug_info</name>
         <load_address>0x523e</load_address>
         <run_address>0x523e</run_address>
         <size>0x24c</size>
         <input_file_ref idref="fl-38"/>
      </object_component>
      <object_component id="oc-28a">
         <name>.debug_info</name>
         <load_address>0x548a</load_address>
         <run_address>0x548a</run_address>
         <size>0x94</size>
         <input_file_ref idref="fl-38"/>
      </object_component>
      <object_component id="oc-20a">
         <name>.debug_info</name>
         <load_address>0x551e</load_address>
         <run_address>0x551e</run_address>
         <size>0x1a4</size>
         <input_file_ref idref="fl-39"/>
      </object_component>
      <object_component id="oc-27d">
         <name>.debug_info</name>
         <load_address>0x56c2</load_address>
         <run_address>0x56c2</run_address>
         <size>0x1c4</size>
         <input_file_ref idref="fl-3a"/>
      </object_component>
      <object_component id="oc-1e6">
         <name>.debug_info</name>
         <load_address>0x5886</load_address>
         <run_address>0x5886</run_address>
         <size>0x1c9</size>
         <input_file_ref idref="fl-3a"/>
      </object_component>
      <object_component id="oc-2a0">
         <name>.debug_info</name>
         <load_address>0x5a4f</load_address>
         <run_address>0x5a4f</run_address>
         <size>0x201</size>
         <input_file_ref idref="fl-3b"/>
      </object_component>
      <object_component id="oc-1ff">
         <name>.debug_info</name>
         <load_address>0x5c50</load_address>
         <run_address>0x5c50</run_address>
         <size>0x27f</size>
         <input_file_ref idref="fl-3b"/>
      </object_component>
      <object_component id="oc-329">
         <name>.debug_info</name>
         <load_address>0x5ecf</load_address>
         <run_address>0x5ecf</run_address>
         <size>0x1ca</size>
         <input_file_ref idref="fl-3c"/>
      </object_component>
      <object_component id="oc-2ab">
         <name>.debug_info</name>
         <load_address>0x6099</load_address>
         <run_address>0x6099</run_address>
         <size>0x1d8</size>
         <input_file_ref idref="fl-3c"/>
      </object_component>
      <object_component id="oc-310">
         <name>.debug_info</name>
         <load_address>0x6271</load_address>
         <run_address>0x6271</run_address>
         <size>0x1ff</size>
         <input_file_ref idref="fl-3d"/>
      </object_component>
      <object_component id="oc-284">
         <name>.debug_info</name>
         <load_address>0x6470</load_address>
         <run_address>0x6470</run_address>
         <size>0x31e</size>
         <input_file_ref idref="fl-3d"/>
      </object_component>
      <object_component id="oc-322">
         <name>.debug_info</name>
         <load_address>0x678e</load_address>
         <run_address>0x678e</run_address>
         <size>0x1d1</size>
         <input_file_ref idref="fl-3e"/>
      </object_component>
      <object_component id="oc-29b">
         <name>.debug_info</name>
         <load_address>0x695f</load_address>
         <run_address>0x695f</run_address>
         <size>0x5c4</size>
         <input_file_ref idref="fl-3e"/>
      </object_component>
      <object_component id="oc-298">
         <name>.debug_info</name>
         <load_address>0x6f23</load_address>
         <run_address>0x6f23</run_address>
         <size>0x201</size>
         <input_file_ref idref="fl-3f"/>
      </object_component>
      <object_component id="oc-1f8">
         <name>.debug_info</name>
         <load_address>0x7124</load_address>
         <run_address>0x7124</run_address>
         <size>0x2d5</size>
         <input_file_ref idref="fl-3f"/>
      </object_component>
      <object_component id="oc-367">
         <name>.debug_info</name>
         <load_address>0x73f9</load_address>
         <run_address>0x73f9</run_address>
         <size>0x1d1</size>
         <input_file_ref idref="fl-40"/>
      </object_component>
      <object_component id="oc-30a">
         <name>.debug_info</name>
         <load_address>0x75ca</load_address>
         <run_address>0x75ca</run_address>
         <size>0x1ee</size>
         <input_file_ref idref="fl-40"/>
      </object_component>
      <object_component id="oc-1f4">
         <name>.debug_info</name>
         <load_address>0x77b8</load_address>
         <run_address>0x77b8</run_address>
         <size>0x182</size>
         <input_file_ref idref="fl-41"/>
      </object_component>
      <object_component id="oc-ad">
         <name>.debug_info</name>
         <load_address>0x793a</load_address>
         <run_address>0x793a</run_address>
         <size>0xf5</size>
         <input_file_ref idref="fl-42"/>
      </object_component>
      <object_component id="oc-10a">
         <name>.debug_info</name>
         <load_address>0x7a2f</load_address>
         <run_address>0x7a2f</run_address>
         <size>0x16f</size>
         <input_file_ref idref="fl-42"/>
      </object_component>
      <object_component id="oc-2dc">
         <name>.debug_info</name>
         <load_address>0x7b9e</load_address>
         <run_address>0x7b9e</run_address>
         <size>0x3d3</size>
         <input_file_ref idref="fl-43"/>
      </object_component>
      <object_component id="oc-23e">
         <name>.debug_info</name>
         <load_address>0x7f71</load_address>
         <run_address>0x7f71</run_address>
         <size>0x1d5</size>
         <input_file_ref idref="fl-43"/>
      </object_component>
      <object_component id="oc-357">
         <name>.debug_info</name>
         <load_address>0x8146</load_address>
         <run_address>0x8146</run_address>
         <size>0x39</size>
         <input_file_ref idref="fl-43"/>
      </object_component>
      <object_component id="oc-2e7">
         <name>.debug_info</name>
         <load_address>0x817f</load_address>
         <run_address>0x817f</run_address>
         <size>0x2c</size>
         <input_file_ref idref="fl-43"/>
      </object_component>
      <object_component id="oc-35c">
         <name>.debug_info</name>
         <load_address>0x81ab</load_address>
         <run_address>0x81ab</run_address>
         <size>0xcd</size>
         <input_file_ref idref="fl-43"/>
      </object_component>
      <object_component id="oc-1a2">
         <name>.debug_info</name>
         <load_address>0x8278</load_address>
         <run_address>0x8278</run_address>
         <size>0x16a</size>
         <input_file_ref idref="fl-44"/>
      </object_component>
      <object_component id="oc-f5">
         <name>.debug_info</name>
         <load_address>0x83e2</load_address>
         <run_address>0x83e2</run_address>
         <size>0x1c7</size>
         <input_file_ref idref="fl-44"/>
      </object_component>
      <object_component id="oc-19d">
         <name>.debug_info</name>
         <load_address>0x85a9</load_address>
         <run_address>0x85a9</run_address>
         <size>0x46</size>
         <input_file_ref idref="fl-44"/>
      </object_component>
      <object_component id="oc-13d">
         <name>.debug_info</name>
         <load_address>0x85ef</load_address>
         <run_address>0x85ef</run_address>
         <size>0x2c</size>
         <input_file_ref idref="fl-44"/>
      </object_component>
      <object_component id="oc-1a5">
         <name>.debug_info</name>
         <load_address>0x861b</load_address>
         <run_address>0x861b</run_address>
         <size>0x148</size>
         <input_file_ref idref="fl-48"/>
      </object_component>
      <object_component id="oc-2d9">
         <name>.debug_info</name>
         <load_address>0x8763</load_address>
         <run_address>0x8763</run_address>
         <size>0x145</size>
         <input_file_ref idref="fl-49"/>
      </object_component>
      <object_component id="oc-d6">
         <name>.debug_info</name>
         <load_address>0x88a8</load_address>
         <run_address>0x88a8</run_address>
         <size>0x1bc</size>
         <input_file_ref idref="fl-4a"/>
      </object_component>
      <object_component id="oc-37">
         <name>.debug_info</name>
         <load_address>0x8a64</load_address>
         <run_address>0x8a64</run_address>
         <size>0x1df</size>
         <input_file_ref idref="fl-4a"/>
      </object_component>
      <object_component id="oc-d1">
         <name>.debug_info</name>
         <load_address>0x8c43</load_address>
         <run_address>0x8c43</run_address>
         <size>0x46</size>
         <input_file_ref idref="fl-4a"/>
      </object_component>
      <object_component id="oc-142">
         <name>.debug_info</name>
         <load_address>0x8c89</load_address>
         <run_address>0x8c89</run_address>
         <size>0x2c</size>
         <input_file_ref idref="fl-4a"/>
      </object_component>
      <object_component id="oc-13a">
         <name>.debug_info</name>
         <load_address>0x8cb5</load_address>
         <run_address>0x8cb5</run_address>
         <size>0x16b</size>
         <input_file_ref idref="fl-4b"/>
      </object_component>
      <object_component id="oc-31">
         <name>.debug_info</name>
         <load_address>0x8e20</load_address>
         <run_address>0x8e20</run_address>
         <size>0x287</size>
         <input_file_ref idref="fl-4b"/>
      </object_component>
      <object_component id="oc-c0">
         <name>.debug_info</name>
         <load_address>0x90a7</load_address>
         <run_address>0x90a7</run_address>
         <size>0x60</size>
         <input_file_ref idref="fl-4b"/>
      </object_component>
      <object_component id="oc-135">
         <name>.debug_info</name>
         <load_address>0x9107</load_address>
         <run_address>0x9107</run_address>
         <size>0x46</size>
         <input_file_ref idref="fl-4b"/>
      </object_component>
      <object_component id="oc-231">
         <name>.debug_info</name>
         <load_address>0x914d</load_address>
         <run_address>0x914d</run_address>
         <size>0x117</size>
         <input_file_ref idref="fl-4c"/>
      </object_component>
      <object_component id="oc-13c">
         <name>.debug_info</name>
         <load_address>0x9264</load_address>
         <run_address>0x9264</run_address>
         <size>0x176</size>
         <input_file_ref idref="fl-4f"/>
      </object_component>
      <object_component id="oc-cc">
         <name>.debug_info</name>
         <load_address>0x93da</load_address>
         <run_address>0x93da</run_address>
         <size>0x16f</size>
         <input_file_ref idref="fl-4f"/>
      </object_component>
      <object_component id="oc-33e">
         <name>.debug_info</name>
         <load_address>0x9549</load_address>
         <run_address>0x9549</run_address>
         <size>0x247</size>
         <input_file_ref idref="fl-50"/>
      </object_component>
      <object_component id="oc-2b7">
         <name>.debug_info</name>
         <load_address>0x9790</load_address>
         <run_address>0x9790</run_address>
         <size>0x1ef</size>
         <input_file_ref idref="fl-50"/>
      </object_component>
      <object_component id="oc-32c">
         <name>.debug_info</name>
         <load_address>0x997f</load_address>
         <run_address>0x997f</run_address>
         <size>0x190</size>
         <input_file_ref idref="fl-50"/>
      </object_component>
      <object_component id="oc-333">
         <name>.debug_info</name>
         <load_address>0x9b0f</load_address>
         <run_address>0x9b0f</run_address>
         <size>0x165</size>
         <input_file_ref idref="fl-50"/>
      </object_component>
      <object_component id="oc-389">
         <name>.debug_info</name>
         <load_address>0x9c74</load_address>
         <run_address>0x9c74</run_address>
         <size>0x2c</size>
         <input_file_ref idref="fl-50"/>
      </object_component>
      <object_component id="oc-305">
         <name>.debug_info</name>
         <load_address>0x9ca0</load_address>
         <run_address>0x9ca0</run_address>
         <size>0x118</size>
         <input_file_ref idref="fl-51"/>
      </object_component>
      <object_component id="oc-279">
         <name>.debug_info</name>
         <load_address>0x9db8</load_address>
         <run_address>0x9db8</run_address>
         <size>0x11e</size>
         <input_file_ref idref="fl-51"/>
      </object_component>
      <object_component id="oc-315">
         <name>.debug_info</name>
         <load_address>0x9ed6</load_address>
         <run_address>0x9ed6</run_address>
         <size>0x119</size>
         <input_file_ref idref="fl-52"/>
      </object_component>
      <object_component id="oc-31e">
         <name>.debug_info</name>
         <load_address>0x9fef</load_address>
         <run_address>0x9fef</run_address>
         <size>0x1d1</size>
         <input_file_ref idref="fl-53"/>
      </object_component>
      <object_component id="oc-292">
         <name>.debug_info</name>
         <load_address>0xa1c0</load_address>
         <run_address>0xa1c0</run_address>
         <size>0x3a0</size>
         <input_file_ref idref="fl-53"/>
      </object_component>
      <object_component id="oc-381">
         <name>.debug_info</name>
         <load_address>0xa560</load_address>
         <run_address>0xa560</run_address>
         <size>0x369</size>
         <input_file_ref idref="fl-55"/>
      </object_component>
      <object_component id="oc-3a6">
         <name>.debug_info</name>
         <load_address>0xa8c9</load_address>
         <run_address>0xa8c9</run_address>
         <size>0x2bc</size>
         <input_file_ref idref="fl-55"/>
      </object_component>
      <object_component id="oc-37b">
         <name>.debug_info</name>
         <load_address>0xab85</load_address>
         <run_address>0xab85</run_address>
         <size>0x284</size>
         <input_file_ref idref="fl-55"/>
      </object_component>
      <object_component id="oc-338">
         <name>.debug_info</name>
         <load_address>0xae09</load_address>
         <run_address>0xae09</run_address>
         <size>0x2db</size>
         <input_file_ref idref="fl-55"/>
      </object_component>
      <object_component id="oc-382">
         <name>.debug_info</name>
         <load_address>0xb0e4</load_address>
         <run_address>0xb0e4</run_address>
         <size>0x86</size>
         <input_file_ref idref="fl-55"/>
      </object_component>
      <object_component id="oc-3b9">
         <name>.debug_info</name>
         <load_address>0xb16a</load_address>
         <run_address>0xb16a</run_address>
         <size>0x39</size>
         <input_file_ref idref="fl-55"/>
      </object_component>
      <object_component id="oc-3bf">
         <name>.debug_info</name>
         <load_address>0xb1a3</load_address>
         <run_address>0xb1a3</run_address>
         <size>0x163</size>
         <input_file_ref idref="fl-56"/>
      </object_component>
      <object_component id="oc-3ac">
         <name>.debug_info</name>
         <load_address>0xb306</load_address>
         <run_address>0xb306</run_address>
         <size>0x1ab</size>
         <input_file_ref idref="fl-56"/>
      </object_component>
      <object_component id="oc-3b7">
         <name>.debug_info</name>
         <load_address>0xb4b1</load_address>
         <run_address>0xb4b1</run_address>
         <size>0x162</size>
         <input_file_ref idref="fl-57"/>
      </object_component>
      <object_component id="oc-3a1">
         <name>.debug_info</name>
         <load_address>0xb613</load_address>
         <run_address>0xb613</run_address>
         <size>0x25a</size>
         <input_file_ref idref="fl-57"/>
      </object_component>
      <object_component id="oc-39d">
         <name>.debug_info</name>
         <load_address>0xb86d</load_address>
         <run_address>0xb86d</run_address>
         <size>0x157</size>
         <input_file_ref idref="fl-58"/>
      </object_component>
      <object_component id="oc-375">
         <name>.debug_info</name>
         <load_address>0xb9c4</load_address>
         <run_address>0xb9c4</run_address>
         <size>0x215</size>
         <input_file_ref idref="fl-58"/>
      </object_component>
      <object_component id="oc-404">
         <name>.debug_info</name>
         <load_address>0xbbd9</load_address>
         <run_address>0xbbd9</run_address>
         <size>0xb7</size>
      </object_component>
      <object_component id="oc-213">
         <name>.debug_line</name>
         <load_address>0x0</load_address>
         <run_address>0x0</run_address>
         <size>0xc7</size>
         <input_file_ref idref="fl-2"/>
      </object_component>
      <object_component id="oc-211">
         <name>.debug_line</name>
         <load_address>0xc7</load_address>
         <run_address>0xc7</run_address>
         <size>0x61</size>
         <input_file_ref idref="fl-2"/>
      </object_component>
      <object_component id="oc-2c1">
         <name>.debug_line</name>
         <load_address>0x128</load_address>
         <run_address>0x128</run_address>
         <size>0x82</size>
         <input_file_ref idref="fl-2"/>
      </object_component>
      <object_component id="oc-22e">
         <name>.debug_line</name>
         <load_address>0x1aa</load_address>
         <run_address>0x1aa</run_address>
         <size>0x7a</size>
         <input_file_ref idref="fl-2"/>
      </object_component>
      <object_component id="oc-227">
         <name>.debug_line</name>
         <load_address>0x224</load_address>
         <run_address>0x224</run_address>
         <size>0x98</size>
         <input_file_ref idref="fl-2"/>
      </object_component>
      <object_component id="oc-c8">
         <name>.debug_line</name>
         <load_address>0x2bc</load_address>
         <run_address>0x2bc</run_address>
         <size>0x20</size>
         <input_file_ref idref="fl-2"/>
      </object_component>
      <object_component id="oc-217">
         <name>.debug_line</name>
         <load_address>0x2dc</load_address>
         <run_address>0x2dc</run_address>
         <size>0x52</size>
         <input_file_ref idref="fl-2"/>
      </object_component>
      <object_component id="oc-270">
         <name>.debug_line</name>
         <load_address>0x32e</load_address>
         <run_address>0x32e</run_address>
         <size>0x20</size>
         <input_file_ref idref="fl-3"/>
      </object_component>
      <object_component id="oc-1da">
         <name>.debug_line</name>
         <load_address>0x34e</load_address>
         <run_address>0x34e</run_address>
         <size>0x35</size>
         <input_file_ref idref="fl-3"/>
      </object_component>
      <object_component id="oc-221">
         <name>.debug_line</name>
         <load_address>0x383</load_address>
         <run_address>0x383</run_address>
         <size>0x5c</size>
         <input_file_ref idref="fl-3"/>
      </object_component>
      <object_component id="oc-1ce">
         <name>.debug_line</name>
         <load_address>0x3df</load_address>
         <run_address>0x3df</run_address>
         <size>0x10d</size>
         <input_file_ref idref="fl-4"/>
      </object_component>
      <object_component id="oc-1cb">
         <name>.debug_line</name>
         <load_address>0x4ec</load_address>
         <run_address>0x4ec</run_address>
         <size>0xa2</size>
         <input_file_ref idref="fl-4"/>
      </object_component>
      <object_component id="oc-1d0">
         <name>.debug_line</name>
         <load_address>0x58e</load_address>
         <run_address>0x58e</run_address>
         <size>0x66</size>
         <input_file_ref idref="fl-4"/>
      </object_component>
      <object_component id="oc-1d2">
         <name>.debug_line</name>
         <load_address>0x5f4</load_address>
         <run_address>0x5f4</run_address>
         <size>0x66</size>
         <input_file_ref idref="fl-4"/>
      </object_component>
      <object_component id="oc-1d4">
         <name>.debug_line</name>
         <load_address>0x65a</load_address>
         <run_address>0x65a</run_address>
         <size>0x66</size>
         <input_file_ref idref="fl-4"/>
      </object_component>
      <object_component id="oc-18a">
         <name>.debug_line</name>
         <load_address>0x6c0</load_address>
         <run_address>0x6c0</run_address>
         <size>0x2e2</size>
         <input_file_ref idref="fl-4"/>
      </object_component>
      <object_component id="oc-1af">
         <name>.debug_line</name>
         <load_address>0x9a2</load_address>
         <run_address>0x9a2</run_address>
         <size>0xa6</size>
         <input_file_ref idref="fl-4"/>
      </object_component>
      <object_component id="oc-190">
         <name>.debug_line</name>
         <load_address>0xa48</load_address>
         <run_address>0xa48</run_address>
         <size>0xca</size>
         <input_file_ref idref="fl-4"/>
      </object_component>
      <object_component id="oc-17f">
         <name>.debug_line</name>
         <load_address>0xb12</load_address>
         <run_address>0xb12</run_address>
         <size>0xc0</size>
         <input_file_ref idref="fl-4"/>
      </object_component>
      <object_component id="oc-e7">
         <name>.debug_line</name>
         <load_address>0xbd2</load_address>
         <run_address>0xbd2</run_address>
         <size>0xad</size>
         <input_file_ref idref="fl-4"/>
      </object_component>
      <object_component id="oc-ed">
         <name>.debug_line</name>
         <load_address>0xc7f</load_address>
         <run_address>0xc7f</run_address>
         <size>0x85</size>
         <input_file_ref idref="fl-4"/>
      </object_component>
      <object_component id="oc-f3">
         <name>.debug_line</name>
         <load_address>0xd04</load_address>
         <run_address>0xd04</run_address>
         <size>0x8b</size>
         <input_file_ref idref="fl-4"/>
      </object_component>
      <object_component id="oc-df">
         <name>.debug_line</name>
         <load_address>0xd8f</load_address>
         <run_address>0xd8f</run_address>
         <size>0x193</size>
         <input_file_ref idref="fl-4"/>
      </object_component>
      <object_component id="oc-276">
         <name>.debug_line</name>
         <load_address>0xf22</load_address>
         <run_address>0xf22</run_address>
         <size>0x4e</size>
         <input_file_ref idref="fl-1f"/>
      </object_component>
      <object_component id="oc-184">
         <name>.debug_line</name>
         <load_address>0xf70</load_address>
         <run_address>0xf70</run_address>
         <size>0x4d</size>
         <input_file_ref idref="fl-20"/>
      </object_component>
      <object_component id="oc-1df">
         <name>.debug_line</name>
         <load_address>0xfbd</load_address>
         <run_address>0xfbd</run_address>
         <size>0x43</size>
         <input_file_ref idref="fl-21"/>
      </object_component>
      <object_component id="oc-be">
         <name>.debug_line</name>
         <load_address>0x1000</load_address>
         <run_address>0x1000</run_address>
         <size>0x40</size>
         <input_file_ref idref="fl-22"/>
      </object_component>
      <object_component id="oc-16e">
         <name>.debug_line</name>
         <load_address>0x1040</load_address>
         <run_address>0x1040</run_address>
         <size>0xbb</size>
         <input_file_ref idref="fl-23"/>
      </object_component>
      <object_component id="oc-2b1">
         <name>.debug_line</name>
         <load_address>0x10fb</load_address>
         <run_address>0x10fb</run_address>
         <size>0x5e</size>
         <input_file_ref idref="fl-24"/>
      </object_component>
      <object_component id="oc-165">
         <name>.debug_line</name>
         <load_address>0x1159</load_address>
         <run_address>0x1159</run_address>
         <size>0x83</size>
         <input_file_ref idref="fl-25"/>
      </object_component>
      <object_component id="oc-15f">
         <name>.debug_line</name>
         <load_address>0x11dc</load_address>
         <run_address>0x11dc</run_address>
         <size>0x55</size>
         <input_file_ref idref="fl-26"/>
      </object_component>
      <object_component id="oc-179">
         <name>.debug_line</name>
         <load_address>0x1231</load_address>
         <run_address>0x1231</run_address>
         <size>0x94</size>
         <input_file_ref idref="fl-27"/>
      </object_component>
      <object_component id="oc-16c">
         <name>.debug_line</name>
         <load_address>0x12c5</load_address>
         <run_address>0x12c5</run_address>
         <size>0x68</size>
         <input_file_ref idref="fl-28"/>
      </object_component>
      <object_component id="oc-db">
         <name>.debug_line</name>
         <load_address>0x132d</load_address>
         <run_address>0x132d</run_address>
         <size>0x3d</size>
         <input_file_ref idref="fl-31"/>
      </object_component>
      <object_component id="oc-b1">
         <name>.debug_line</name>
         <load_address>0x136a</load_address>
         <run_address>0x136a</run_address>
         <size>0x4e</size>
         <input_file_ref idref="fl-32"/>
      </object_component>
      <object_component id="oc-2fe">
         <name>.debug_line</name>
         <load_address>0x13b8</load_address>
         <run_address>0x13b8</run_address>
         <size>0x3e</size>
         <input_file_ref idref="fl-33"/>
      </object_component>
      <object_component id="oc-2a5">
         <name>.debug_line</name>
         <load_address>0x13f6</load_address>
         <run_address>0x13f6</run_address>
         <size>0x56</size>
         <input_file_ref idref="fl-33"/>
      </object_component>
      <object_component id="oc-b7">
         <name>.debug_line</name>
         <load_address>0x144c</load_address>
         <run_address>0x144c</run_address>
         <size>0x5e</size>
         <input_file_ref idref="fl-34"/>
      </object_component>
      <object_component id="oc-303">
         <name>.debug_line</name>
         <load_address>0x14aa</load_address>
         <run_address>0x14aa</run_address>
         <size>0x42</size>
         <input_file_ref idref="fl-35"/>
      </object_component>
      <object_component id="oc-31a">
         <name>.debug_line</name>
         <load_address>0x14ec</load_address>
         <run_address>0x14ec</run_address>
         <size>0x65</size>
         <input_file_ref idref="fl-35"/>
      </object_component>
      <object_component id="oc-14e">
         <name>.debug_line</name>
         <load_address>0x1551</load_address>
         <run_address>0x1551</run_address>
         <size>0x42</size>
         <input_file_ref idref="fl-36"/>
      </object_component>
      <object_component id="oc-327">
         <name>.debug_line</name>
         <load_address>0x1593</load_address>
         <run_address>0x1593</run_address>
         <size>0x20</size>
         <input_file_ref idref="fl-37"/>
      </object_component>
      <object_component id="oc-207">
         <name>.debug_line</name>
         <load_address>0x15b3</load_address>
         <run_address>0x15b3</run_address>
         <size>0x6c</size>
         <input_file_ref idref="fl-37"/>
      </object_component>
      <object_component id="oc-281">
         <name>.debug_line</name>
         <load_address>0x161f</load_address>
         <run_address>0x161f</run_address>
         <size>0x2e</size>
         <input_file_ref idref="fl-37"/>
      </object_component>
      <object_component id="oc-312">
         <name>.debug_line</name>
         <load_address>0x164d</load_address>
         <run_address>0x164d</run_address>
         <size>0x2d</size>
         <input_file_ref idref="fl-38"/>
      </object_component>
      <object_component id="oc-1ef">
         <name>.debug_line</name>
         <load_address>0x167a</load_address>
         <run_address>0x167a</run_address>
         <size>0xcc</size>
         <input_file_ref idref="fl-38"/>
      </object_component>
      <object_component id="oc-28d">
         <name>.debug_line</name>
         <load_address>0x1746</load_address>
         <run_address>0x1746</run_address>
         <size>0x2e</size>
         <input_file_ref idref="fl-38"/>
      </object_component>
      <object_component id="oc-20e">
         <name>.debug_line</name>
         <load_address>0x1774</load_address>
         <run_address>0x1774</run_address>
         <size>0x75</size>
         <input_file_ref idref="fl-39"/>
      </object_component>
      <object_component id="oc-2f9">
         <name>.debug_line</name>
         <load_address>0x17e9</load_address>
         <run_address>0x17e9</run_address>
         <size>0x20</size>
         <input_file_ref idref="fl-3a"/>
      </object_component>
      <object_component id="oc-1e9">
         <name>.debug_line</name>
         <load_address>0x1809</load_address>
         <run_address>0x1809</run_address>
         <size>0x57</size>
         <input_file_ref idref="fl-3a"/>
      </object_component>
      <object_component id="oc-324">
         <name>.debug_line</name>
         <load_address>0x1860</load_address>
         <run_address>0x1860</run_address>
         <size>0x2d</size>
         <input_file_ref idref="fl-3b"/>
      </object_component>
      <object_component id="oc-1fe">
         <name>.debug_line</name>
         <load_address>0x188d</load_address>
         <run_address>0x188d</run_address>
         <size>0xe9</size>
         <input_file_ref idref="fl-3b"/>
      </object_component>
      <object_component id="oc-371">
         <name>.debug_line</name>
         <load_address>0x1976</load_address>
         <run_address>0x1976</run_address>
         <size>0x20</size>
         <input_file_ref idref="fl-3c"/>
      </object_component>
      <object_component id="oc-2ae">
         <name>.debug_line</name>
         <load_address>0x1996</load_address>
         <run_address>0x1996</run_address>
         <size>0x71</size>
         <input_file_ref idref="fl-3c"/>
      </object_component>
      <object_component id="oc-369">
         <name>.debug_line</name>
         <load_address>0x1a07</load_address>
         <run_address>0x1a07</run_address>
         <size>0x2d</size>
         <input_file_ref idref="fl-3d"/>
      </object_component>
      <object_component id="oc-287">
         <name>.debug_line</name>
         <load_address>0x1a34</load_address>
         <run_address>0x1a34</run_address>
         <size>0xfd</size>
         <input_file_ref idref="fl-3d"/>
      </object_component>
      <object_component id="oc-36f">
         <name>.debug_line</name>
         <load_address>0x1b31</load_address>
         <run_address>0x1b31</run_address>
         <size>0x20</size>
         <input_file_ref idref="fl-3e"/>
      </object_component>
      <object_component id="oc-29d">
         <name>.debug_line</name>
         <load_address>0x1b51</load_address>
         <run_address>0x1b51</run_address>
         <size>0xdc</size>
         <input_file_ref idref="fl-3e"/>
      </object_component>
      <object_component id="oc-320">
         <name>.debug_line</name>
         <load_address>0x1c2d</load_address>
         <run_address>0x1c2d</run_address>
         <size>0x2d</size>
         <input_file_ref idref="fl-3f"/>
      </object_component>
      <object_component id="oc-1fb">
         <name>.debug_line</name>
         <load_address>0x1c5a</load_address>
         <run_address>0x1c5a</run_address>
         <size>0x103</size>
         <input_file_ref idref="fl-3f"/>
      </object_component>
      <object_component id="oc-39b">
         <name>.debug_line</name>
         <load_address>0x1d5d</load_address>
         <run_address>0x1d5d</run_address>
         <size>0x20</size>
         <input_file_ref idref="fl-40"/>
      </object_component>
      <object_component id="oc-30d">
         <name>.debug_line</name>
         <load_address>0x1d7d</load_address>
[...]
      </symbol>
      <symbol id="sm-28c">
         <name>__mspabi_fltif</name>
         <value>0xed58</value>
         <object_component_ref idref="oc-15e"/>
      </symbol>
      <symbol id="sm-2a3">
         <name>__mspabi_mpyf</name>
         <value>0xe552</value>
         <object_component_ref idref="oc-175"/>
      </symbol>
      <symbol id="sm-2b5">
         <name>__mspabi_fixfi</name>
         <value>0xea90</value>
         <object_component_ref idref="oc-168"/>
      </symbol>
      <symbol id="sm-2b8">
         <name>__TI_int02</name>
         <value>0xffe4</value>
         <object_component_ref idref="oc-3c"/>
      </symbol>
      <symbol id="sm-2bb">
         <name>__TI_int03</name>
         <value>0xffe6</value>
         <object_component_ref idref="oc-3d"/>
      </symbol>
      <symbol id="sm-2be">
         <name>__TI_int08</name>
         <value>0xfff0</value>
         <object_component_ref idref="oc-41"/>
      </symbol>
      <symbol id="sm-2c1">
         <name>__TI_int10</name>
         <value>0xfff4</value>
         <object_component_ref idref="oc-43"/>
      </symbol>
      <symbol id="sm-2c4">
         <name>__TI_int11</name>
         <value>0xfff6</value>
         <object_component_ref idref="oc-44"/>
      </symbol>
      <symbol id="sm-2c7">
         <name>__TI_int12</name>
         <value>0xfff8</value>
         <object_component_ref idref="oc-45"/>
      </symbol>
      <symbol id="sm-2ca">
         <name>__TI_int13</name>
         <value>0xfffa</value>
         <object_component_ref idref="oc-46"/>
      </symbol>
      <symbol id="sm-2cd">
         <name>__TI_int14</name>
         <value>0xfffc</value>
         <object_component_ref idref="oc-47"/>
      </symbol>
      <symbol id="sm-2d5">
         <name>__TI_ISR_TRAP</name>
         <value>0xf020</value>
         <object_component_ref idref="oc-d7"/>
      </symbol>
      <symbol id="sm-2dd">
         <name>__mspabi_slli</name>
         <value>0xee76</value>
         <object_component_ref idref="oc-b0"/>
      </symbol>
      <symbol id="sm-2de">
         <name>__mspabi_slli_9</name>
         <value>0xee8e</value>
         <object_component_ref idref="oc-b0"/>
      </symbol>
      <symbol id="sm-2df">
         <name>__mspabi_slli_8</name>
         <value>0xee90</value>
         <object_component_ref idref="oc-b0"/>
      </symbol>
      <symbol id="sm-2e0">
         <name>__mspabi_slli_7</name>
         <value>0xee92</value>
         <object_component_ref idref="oc-b0"/>
      </symbol>
      <symbol id="sm-2e1">
         <name>__mspabi_slli_6</name>
         <value>0xee94</value>
         <object_component_ref idref="oc-b0"/>
      </symbol>
      <symbol id="sm-2e2">
         <name>__mspabi_slli_5</name>
         <value>0xee96</value>
         <object_component_ref idref="oc-b0"/>
      </symbol>
      <symbol id="sm-2e3">
         <name>__mspabi_slli_4</name>
         <value>0xee98</value>
         <object_component_ref idref="oc-b0"/>
      </symbol>
      <symbol id="sm-2e4">
         <name>__mspabi_slli_3</name>
         <value>0xee9a</value>
         <object_component_ref idref="oc-b0"/>
      </symbol>
      <symbol id="sm-2e5">
         <name>__mspabi_slli_2</name>
         <value>0xee9c</value>
         <object_component_ref idref="oc-b0"/>
      </symbol>
      <symbol id="sm-2e6">
         <name>__mspabi_slli_1</name>
         <value>0xee9e</value>
         <object_component_ref idref="oc-b0"/>
      </symbol>
      <symbol id="sm-2e7">
         <name>__mspabi_slli_15</name>
         <value>0xee82</value>
         <object_component_ref idref="oc-b0"/>
      </symbol>
      <symbol id="sm-2e8">
         <name>__mspabi_slli_14</name>
         <value>0xee84</value>
         <object_component_ref idref="oc-b0"/>
      </symbol>
      <symbol id="sm-2e9">
         <name>__mspabi_slli_13</name>
         <value>0xee86</value>
         <object_component_ref idref="oc-b0"/>
      </symbol>
      <symbol id="sm-2ea">
         <name>__mspabi_slli_12</name>
         <value>0xee88</value>
         <object_component_ref idref="oc-b0"/>
      </symbol>
      <symbol id="sm-2eb">
         <name>__mspabi_slli_11</name>
         <value>0xee8a</value>
         <object_component_ref idref="oc-b0"/>
      </symbol>
      <symbol id="sm-2ec">
         <name>__mspabi_slli_10</name>
         <value>0xee8c</value>
         <object_component_ref idref="oc-b0"/>
      </symbol>
      <symbol id="sm-2fc">
         <name>__mspabi_slll_9</name>
         <value>0xed32</value>
         <object_component_ref idref="oc-2a1"/>
      </symbol>
      <symbol id="sm-2fd">
         <name>__mspabi_slll_8</name>
         <value>0xed36</value>
         <object_component_ref idref="oc-2a1"/>
      </symbol>
      <symbol id="sm-2fe">
         <name>__mspabi_slll_7</name>
         <value>0xed3a</value>
         <object_component_ref idref="oc-2a1"/>
      </symbol>
      <symbol id="sm-2ff">
         <name>__mspabi_slll_6</name>
         <value>0xed3e</value>
         <object_component_ref idref="oc-2a1"/>
      </symbol>
      <symbol id="sm-300">
         <name>__mspabi_slll_5</name>
         <value>0xed42</value>
         <object_component_ref idref="oc-2a1"/>
      </symbol>
      <symbol id="sm-301">
         <name>__mspabi_slll_4</name>
         <value>0xed46</value>
         <object_component_ref idref="oc-2a1"/>
      </symbol>
      <symbol id="sm-302">
         <name>__mspabi_slll_3</name>
         <value>0xed4a</value>
         <object_component_ref idref="oc-2a1"/>
      </symbol>
      <symbol id="sm-303">
         <name>__mspabi_slll_2</name>
         <value>0xed4e</value>
         <object_component_ref idref="oc-2a1"/>
      </symbol>
      <symbol id="sm-304">
         <name>__mspabi_slll_1</name>
         <value>0xed52</value>
         <object_component_ref idref="oc-2a1"/>
      </symbol>
      <symbol id="sm-305">
         <name>__mspabi_slll</name>
         <value>0xeff2</value>
         <object_component_ref idref="oc-2fa"/>
      </symbol>
      <symbol id="sm-306">
         <name>__mspabi_slll_15</name>
         <value>0xed1a</value>
         <object_component_ref idref="oc-2a1"/>
      </symbol>
      <symbol id="sm-307">
         <name>__mspabi_slll_14</name>
         <value>0xed1e</value>
         <object_component_ref idref="oc-2a1"/>
      </symbol>
      <symbol id="sm-308">
         <name>__mspabi_slll_13</name>
         <value>0xed22</value>
         <object_component_ref idref="oc-2a1"/>
      </symbol>
      <symbol id="sm-309">
         <name>__mspabi_slll_12</name>
         <value>0xed26</value>
         <object_component_ref idref="oc-2a1"/>
      </symbol>
      <symbol id="sm-30a">
         <name>__mspabi_slll_11</name>
         <value>0xed2a</value>
         <object_component_ref idref="oc-2a1"/>
      </symbol>
      <symbol id="sm-30b">
         <name>__mspabi_slll_10</name>
         <value>0xed2e</value>
         <object_component_ref idref="oc-2a1"/>
      </symbol>
      <symbol id="sm-313">
         <name>__mspabi_srli_8</name>
         <value>0xebe4</value>
         <object_component_ref idref="oc-b5"/>
      </symbol>
      <symbol id="sm-314">
         <name>__mspabi_srli_9</name>
         <value>0xebe0</value>
         <object_component_ref idref="oc-b5"/>
      </symbol>
      <symbol id="sm-315">
         <name>__mspabi_srli_6</name>
         <value>0xebec</value>
         <object_component_ref idref="oc-b5"/>
      </symbol>
      <symbol id="sm-316">
         <name>__mspabi_srli_7</name>
         <value>0xebe8</value>
         <object_component_ref idref="oc-b5"/>
      </symbol>
      <symbol id="sm-317">
         <name>__mspabi_srli_4</name>
         <value>0xebf4</value>
         <object_component_ref idref="oc-b5"/>
      </symbol>
      <symbol id="sm-318">
         <name>__mspabi_srli_5</name>
         <value>0xebf0</value>
         <object_component_ref idref="oc-b5"/>
      </symbol>
      <symbol id="sm-319">
         <name>__mspabi_srli_2</name>
         <value>0xebfc</value>
         <object_component_ref idref="oc-b5"/>
      </symbol>
      <symbol id="sm-31a">
         <name>__mspabi_srli_3</name>
         <value>0xebf8</value>
         <object_component_ref idref="oc-b5"/>
      </symbol>
      <symbol id="sm-31b">
         <name>__mspabi_srli_1</name>
         <value>0xec00</value>
         <object_component_ref idref="oc-b5"/>
      </symbol>
      <symbol id="sm-31c">
         <name>__mspabi_srli</name>
         <value>0xebba</value>
         <object_component_ref idref="oc-b5"/>
      </symbol>
      <symbol id="sm-31d">
         <name>__mspabi_srli_15</name>
         <value>0xebc8</value>
         <object_component_ref idref="oc-b5"/>
      </symbol>
      <symbol id="sm-31e">
         <name>__mspabi_srli_14</name>
         <value>0xebcc</value>
         <object_component_ref idref="oc-b5"/>
      </symbol>
      <symbol id="sm-31f">
         <name>__mspabi_srli_13</name>
         <value>0xebd0</value>
         <object_component_ref idref="oc-b5"/>
      </symbol>
      <symbol id="sm-320">
         <name>__mspabi_srli_12</name>
         <value>0xebd4</value>
         <object_component_ref idref="oc-b5"/>
      </symbol>
      <symbol id="sm-321">
         <name>__mspabi_srli_11</name>
         <value>0xebd8</value>
         <object_component_ref idref="oc-b5"/>
      </symbol>
      <symbol id="sm-322">
         <name>__mspabi_srli_10</name>
         <value>0xebdc</value>
         <object_component_ref idref="oc-b5"/>
      </symbol>
      <symbol id="sm-332">
         <name>__mspabi_srll_8</name>
         <value>0xeb88</value>
         <object_component_ref idref="oc-318"/>
      </symbol>
      <symbol id="sm-333">
         <name>__mspabi_srll_9</name>
         <value>0xeb82</value>
         <object_component_ref idref="oc-318"/>
      </symbol>
      <symbol id="sm-334">
         <name>__mspabi_srll_6</name>
         <value>0xeb94</value>
         <object_component_ref idref="oc-318"/>
      </symbol>
      <symbol id="sm-335">
         <name>__mspabi_srll_7</name>
         <value>0xeb8e</value>
         <object_component_ref idref="oc-318"/>
      </symbol>
      <symbol id="sm-336">
         <name>__mspabi_srll_4</name>
         <value>0xeba0</value>
         <object_component_ref idref="oc-318"/>
      </symbol>
      <symbol id="sm-337">
         <name>__mspabi_srll_5</name>
         <value>0xeb9a</value>
         <object_component_ref idref="oc-318"/>
      </symbol>
      <symbol id="sm-338">
         <name>__mspabi_srll_2</name>
         <value>0xebac</value>
         <object_component_ref idref="oc-318"/>
      </symbol>
      <symbol id="sm-339">
         <name>__mspabi_srll_3</name>
         <value>0xeba6</value>
         <object_component_ref idref="oc-318"/>
      </symbol>
      <symbol id="sm-33a">
         <name>__mspabi_srll_1</name>
         <value>0xebb2</value>
         <object_component_ref idref="oc-318"/>
      </symbol>
      <symbol id="sm-33b">
         <name>__mspabi_srll_15</name>
         <value>0xeb5e</value>
         <object_component_ref idref="oc-318"/>
      </symbol>
      <symbol id="sm-33c">
         <name>__mspabi_srll_14</name>
         <value>0xeb64</value>
         <object_component_ref idref="oc-318"/>
      </symbol>
      <symbol id="sm-33d">
         <name>__mspabi_srll_13</name>
         <value>0xeb6a</value>
         <object_component_ref idref="oc-318"/>
      </symbol>
      <symbol id="sm-33e">
         <name>__mspabi_srll_12</name>
         <value>0xeb70</value>
         <object_component_ref idref="oc-318"/>
      </symbol>
      <symbol id="sm-33f">
         <name>__mspabi_srll_11</name>
         <value>0xeb76</value>
         <object_component_ref idref="oc-318"/>
      </symbol>
      <symbol id="sm-340">
         <name>__mspabi_srll_10</name>
         <value>0xeb7c</value>
         <object_component_ref idref="oc-318"/>
      </symbol>
      <symbol id="sm-341">
         <name>__mspabi_srll</name>
         <value>0xefbe</value>
         <object_component_ref idref="oc-2ff"/>
      </symbol>
      <symbol id="sm-34b">
         <name>__mspabi_mpyi_sw</name>
         <value>0xef86</value>
         <object_component_ref idref="oc-14d"/>
      </symbol>
      <symbol id="sm-34c">
         <name>__mspabi_mpyi</name>
         <value>0xef86</value>
         <object_component_ref idref="oc-14d"/>
      </symbol>
      <symbol id="sm-364">
         <name>__mspabi_cvtdf</name>
         <value>0xe810</value>
         <object_component_ref idref="oc-203"/>
      </symbol>
      <symbol id="sm-38b">
         <name>__mspabi_addd</name>
         <value>0xd1fe</value>
         <object_component_ref idref="oc-1eb"/>
      </symbol>
      <symbol id="sm-3a5">
         <name>__mspabi_cmpd</name>
         <value>0xe2d4</value>
         <object_component_ref idref="oc-209"/>
      </symbol>
      <symbol id="sm-3b6">
         <name>__mspabi_cvtfd</name>
         <value>0xea1e</value>
         <object_component_ref idref="oc-1e5"/>
      </symbol>
      <symbol id="sm-3d7">
         <name>__mspabi_divd</name>
         <value>0xdc4c</value>
         <object_component_ref idref="oc-1fd"/>
      </symbol>
      <symbol id="sm-3ec">
         <name>__mspabi_fltuld</name>
         <value>0xe89c</value>
         <object_component_ref idref="oc-2aa"/>
      </symbol>
      <symbol id="sm-40d">
         <name>__TI_frcaddd</name>
         <value>0xd9ec</value>
         <object_component_ref idref="oc-283"/>
      </symbol>
      <symbol id="sm-428">
         <name>__TI_frcdivd</name>
         <value>0xc954</value>
         <object_component_ref idref="oc-299"/>
      </symbol>
      <symbol id="sm-44a">
         <name>__mspabi_mpyd</name>
         <value>0xd77e</value>
         <object_component_ref idref="oc-1f7"/>
      </symbol>
      <symbol id="sm-45d">
         <name>__TI_renormd</name>
         <value>0xe616</value>
         <object_component_ref idref="oc-309"/>
      </symbol>
      <symbol id="sm-466">
         <name>__mspabi_subd</name>
         <value>0xedc2</value>
         <object_component_ref idref="oc-1f1"/>
      </symbol>
      <symbol id="sm-476">
         <name>_stack</name>
         <value>0x3b0</value>
         <object_component_ref idref="oc-ac"/>
      </symbol>
      <symbol id="sm-477">
         <name>_c_int00_noargs</name>
         <value>0xeec8</value>
         <object_component_ref idref="oc-106"/>
      </symbol>
      <symbol id="sm-478">
         <name>_reset_vector</name>
         <value>0xfffe</value>
         <object_component_ref idref="oc-af"/>
      </symbol>
      <symbol id="sm-495">
         <name>__TI_auto_init_nobinit_nopinit</name>
         <value>0xec9a</value>
         <object_component_ref idref="oc-23c"/>
      </symbol>
      <symbol id="sm-4ad">
         <name>__TI_zero_init_nomemset</name>
         <value>0xef5e</value>
         <object_component_ref idref="oc-f4"/>
      </symbol>
      <symbol id="sm-4b9">
         <name>_system_pre_init</name>
         <value>0xf02e</value>
         <object_component_ref idref="oc-1a4"/>
      </symbol>
      <symbol id="sm-4c2">
         <name>_system_post_cinit</name>
         <value>0xf032</value>
         <object_component_ref idref="oc-2d5"/>
      </symbol>
      <symbol id="sm-4d8">
         <name>__TI_decompress_none</name>
         <value>0xefac</value>
         <object_component_ref idref="oc-36"/>
      </symbol>
      <symbol id="sm-4f6">
         <name>__TI_decompress_lzss</name>
         <value>0xe9a2</value>
         <object_component_ref idref="oc-30"/>
      </symbol>
      <symbol id="sm-500">
         <name>C$$EXIT</name>
         <value>0xf028</value>
         <object_component_ref idref="oc-230"/>
      </symbol>
      <symbol id="sm-501">
         <name>abort</name>
         <value>0xf028</value>
         <object_component_ref idref="oc-230"/>
      </symbol>
      <symbol id="sm-511">
         <name>memcpy</name>
         <value>0xefd0</value>
         <object_component_ref idref="oc-ca"/>
      </symbol>
      <symbol id="sm-532">
         <name>vsprintf</name>
         <value>0xed8e</value>
         <object_component_ref idref="oc-2b6"/>
      </symbol>
      <symbol id="sm-542">
         <name>__mspabi_sral</name>
         <value>0xefe2</value>
         <object_component_ref idref="oc-304"/>
      </symbol>
      <symbol id="sm-543">
         <name>__mspabi_sral_15</name>
         <value>0xecdc</value>
         <object_component_ref idref="oc-277"/>
      </symbol>
      <symbol id="sm-544">
         <name>__mspabi_sral_14</name>
         <value>0xece0</value>
         <object_component_ref idref="oc-277"/>
      </symbol>
      <symbol id="sm-545">
         <name>__mspabi_sral_13</name>
         <value>0xece4</value>
         <object_component_ref idref="oc-277"/>
      </symbol>
      <symbol id="sm-546">
         <name>__mspabi_sral_12</name>
         <value>0xece8</value>
         <object_component_ref idref="oc-277"/>
      </symbol>
      <symbol id="sm-547">
         <name>__mspabi_sral_11</name>
         <value>0xecec</value>
         <object_component_ref idref="oc-277"/>
      </symbol>
      <symbol id="sm-548">
         <name>__mspabi_sral_10</name>
         <value>0xecf0</value>
         <object_component_ref idref="oc-277"/>
      </symbol>
      <symbol id="sm-549">
         <name>__mspabi_sral_8</name>
         <value>0xecf8</value>
         <object_component_ref idref="oc-277"/>
      </symbol>
      <symbol id="sm-54a">
         <name>__mspabi_sral_9</name>
         <value>0xecf4</value>
         <object_component_ref idref="oc-277"/>
      </symbol>
      <symbol id="sm-54b">
         <name>__mspabi_sral_6</name>
         <value>0xed00</value>
         <object_component_ref idref="oc-277"/>
      </symbol>
      <symbol id="sm-54c">
         <name>__mspabi_sral_7</name>
         <value>0xecfc</value>
         <object_component_ref idref="oc-277"/>
      </symbol>
      <symbol id="sm-54d">
         <name>__mspabi_sral_4</name>
         <value>0xed08</value>
         <object_component_ref idref="oc-277"/>
      </symbol>
      <symbol id="sm-54e">
         <name>__mspabi_sral_5</name>
         <value>0xed04</value>
         <object_component_ref idref="oc-277"/>
      </symbol>
      <symbol id="sm-54f">
         <name>__mspabi_sral_2</name>
         <value>0xed10</value>
         <object_component_ref idref="oc-277"/>
      </symbol>
      <symbol id="sm-550">
         <name>__mspabi_sral_3</name>
         <value>0xed0c</value>
         <object_component_ref idref="oc-277"/>
      </symbol>
      <symbol id="sm-551">
         <name>__mspabi_sral_1</name>
         <value>0xed14</value>
         <object_component_ref idref="oc-277"/>
      </symbol>
      <symbol id="sm-55b">
         <name>__mspabi_mpyl_sw</name>
         <value>0xeea2</value>
         <object_component_ref idref="oc-313"/>
      </symbol>
      <symbol id="sm-55c">
         <name>__mspabi_mpyl</name>
         <value>0xeea2</value>
         <object_component_ref idref="oc-313"/>
      </symbol>
      <symbol id="sm-56c">
         <name>__TI_frcmpyd</name>
         <value>0xd4f8</value>
         <object_component_ref idref="oc-291"/>
      </symbol>
      <symbol id="sm-5b4">
         <name>__TI_printfi_minimal</name>
         <value>0xe1f2</value>
         <object_component_ref idref="oc-337"/>
      </symbol>
      <symbol id="sm-5c3">
         <name>memccpy</name>
         <value>0xef18</value>
         <object_component_ref idref="oc-3ab"/>
      </symbol>
      <symbol id="sm-5d1">
         <name>memset</name>
         <value>0xef72</value>
         <object_component_ref idref="oc-39e"/>
      </symbol>
      <symbol id="sm-5de">
         <name>strlen</name>
         <value>0xf012</value>
         <object_component_ref idref="oc-374"/>
      </symbol>
   </symbol_table>
   <title>Link successful</title>
</link_info>
