******************************************************************************
                  MSP430 Linker PC v17.9.0                     
******************************************************************************
>> Linked Thu Mar  1 05:28:16 2018

OUTPUT FILE NAME:   <HW3.out>
ENTRY POINT SYMBOL: "_c_int00_noargs"  address: 0000d3ac


MEMORY CONFIGURATION

         name            origin    length      used     unused   attr    fill
----------------------  --------  ---------  --------  --------  ----  --------
  SFR                   00000000   00000010  00000000  00000010  RWIX
  PERIPHERALS_8BIT      00000010   000000f0  00000000  000000f0  RWIX
  PERIPHERALS_16BIT     00000100   00000100  00000000  00000100  RWIX
  RAM                   00000200   00000200  000000ce  00000132  RWIX
  INFOD                 00001000   00000040  00000000  00000040  RWIX
  INFOC                 00001040   00000040  00000000  00000040  RWIX
  INFOB                 00001080   00000040  00000000  00000040  RWIX
  INFOA                 000010c0   00000040  00000000  00000040  RWIX
  FLASH                 0000c000   00003fe0  00001526  00002aba  RWIX
  INT00                 0000ffe0   00000002  00000000  00000002  RWIX
  INT01                 0000ffe2   00000002  00000000  00000002  RWIX
  INT02                 0000ffe4   00000002  00000002  00000000  RWIX
  INT03                 0000ffe6   00000002  00000002  00000000  RWIX
  INT04                 0000ffe8   00000002  00000000  00000002  RWIX
  INT05                 0000ffea   00000002  00000002  00000000  RWIX
  INT06                 0000ffec   00000002  00000002  00000000  RWIX
  INT07                 0000ffee   00000002  00000002  00000000  RWIX
  INT08                 0000fff0   00000002  00000002  00000000  RWIX
  INT09                 0000fff2   00000002  00000002  00000000  RWIX
  INT10                 0000fff4   00000002  00000002  00000000  RWIX
  INT11                 0000fff6   00000002  00000002  00000000  RWIX
  INT12                 0000fff8   00000002  00000002  00000000  RWIX
  INT13                 0000fffa   00000002  00000002  00000000  RWIX
  INT14                 0000fffc   00000002  00000002  00000000  RWIX
  RESET                 0000fffe   00000002  00000002  00000000  RWIX


SECTION ALLOCATION MAP

 output                                  attributes/
section   page    origin      length       input sections
--------  ----  ----------  ----------   ----------------
.bss       0    00000200    0000005c     UNINITIALIZED
                  00000200    00000034     (.common:txbuff)
                  00000234    00000028     (.common:printbuff)

.data      0    0000025c    00000022     UNINITIALIZED
                  0000025c    0000001c     user_HW3.obj (.data)
                  00000278    00000006     UARTfuncs.obj (.data)

.stack     0    000003b0    00000050     UNINITIALIZED
                  000003b0    00000002     rts430_eabi.lib : boot.obj (.stack)
                  000003b2    0000004e     --HOLE--

.text      0    0000c000    000014ee     
                  0000c000    00000478     rts430_eabi.lib : frcdivd.obj (.text:__TI_frcdivd)
                  0000c478    00000238                     : divd.obj (.text:__mspabi_divd)
                  0000c6b0    00000132                     : fs_add.obj (.text)
                  0000c7e2    00000126     UARTfuncs.obj (.text:Init_UART)
                  0000c908    00000116     rts430_eabi.lib : _printfi_min.obj (.text:_setfield)
                  0000ca1e    000000ea     user_HW3.obj (.text:main)
                  0000cb08    000000e2     rts430_eabi.lib : _printfi_min.obj (.text:__TI_printfi_minimal)
                  0000cbea    000000ca                     : _printfi_min.obj (.text:_pproc_diouxp)
                  0000ccb4    000000c4                     : fs_mpy.obj (.text)
                  0000cd78    000000bc     user_HW3.obj (.text:ADC10_ISR)
                  0000ce34    0000008c     user_HW3.obj (.text:USCI0TX_ISR)
                  0000cec0    0000008c     rts430_eabi.lib : cvtdf.obj (.text:__mspabi_cvtdf)
                  0000cf4c    0000008a                     : fltuld.obj (.text:__mspabi_fltuld)
                  0000cfd6    0000007c                     : copy_decompress_lzss.obj (.text:decompress:lzss:__TI_decompress_lzss)
                  0000d052    00000068                     : fs_toi.obj (.text)
                  0000d0ba    0000005c                     : lsr32.obj (.text:l_lsr_const)
                  0000d116    0000004c                     : lsr16.obj (.text)
                  0000d162    0000004a                     : fs_cmp.obj (.text)
                  0000d1ac    00000042                     : autoinit.obj (.text:__TI_auto_init_nobinit_nopinit:__TI_auto_init_nobinit_nopinit)
                  0000d1ee    0000003e                     : asr32.obj (.text:l_asr_const)
                  0000d22c    0000003e                     : lsl32.obj (.text:l_lsl_const)
                  0000d26a    00000036                     : fs_itof.obj (.text)
                  0000d2a0    00000034                     : vsprintf.obj (.text:vsprintf)
                  0000d2d4    0000002e     UARTfuncs.obj (.text:sendchars)
                  0000d302    0000002c     rts430_eabi.lib : asr16.obj (.text)
                  0000d32e    0000002c                     : div16s.obj (.text)
                  0000d35a    0000002c                     : lsl16.obj (.text)
                  0000d386    00000026                     : mult32.obj (.text)
                  0000d3ac    0000001c                     : boot.obj (.text:_c_int00_noargs)
                  0000d3c8    0000001a     UARTfuncs.obj (.text:UART_printf)
                  0000d3e2    0000001a     rts430_eabi.lib : vsprintf.obj (.text:_outs)
                  0000d3fc    0000001a                     : memccpy.obj (.text:memccpy)
                  0000d416    00000016     user_HW3.obj (.text:USCI0RX_ISR)
                  0000d42c    00000016     rts430_eabi.lib : div16u.obj (.text)
                  0000d442    00000014                     : copy_zero_init.obj (.text:decompress:ZI:__TI_zero_init_nomemset:__TI_zero_init_nomemset)
                  0000d456    00000014                     : memset.obj (.text:memset)
                  0000d46a    00000014                     : mult16.obj (.text)
                  0000d47e    00000012                     : vsprintf.obj (.text:_outc)
                  0000d490    00000012                     : copy_decompress_none.obj (.text:decompress:none:__TI_decompress_none)
                  0000d4a2    00000012                     : memcpy.obj (.text:memcpy)
                  0000d4b4    00000010                     : epilog.obj (.text)
                  0000d4c4    0000000e                     : strlen.obj (.text:strlen)
                  0000d4d2    00000008     user_HW3.obj (.text:Timer_A)
                  0000d4da    00000008     rts430_eabi.lib : isr_trap.obj (.text:_isr:__TI_ISR_TRAP)
                  0000d4e2    00000006                     : exit.obj (.text:abort)
                  0000d4e8    00000004                     : pre_init.obj (.text:_system_pre_init)
                  0000d4ec    00000002                     : startup.obj (.text:_system_post_cinit)

.const     0    0000d4ee    0000001a     
                  0000d4ee    00000014     rts430_eabi.lib : _printfi_min.obj (.const:.string)
                  0000d502    00000006     user_HW3.obj (.const:.string)

.cinit     0    0000d508    0000001e     
                  0000d508    0000000b     (.cinit..data.load) [load image, compression = lzss]
                  0000d513    00000001     --HOLE-- [fill = 0]
                  0000d514    00000006     (__TI_handler_table)
                  0000d51a    00000004     (.cinit..bss.load) [load image, compression = zero_init]
                  0000d51e    00000008     (__TI_cinit_table)

.init_array 
*          0    0000c000    00000000     UNINITIALIZED

PORT1      0    0000ffe4    00000002     
                  0000ffe4    00000002     rts430_eabi.lib : int02.obj (.int02)

PORT2      0    0000ffe6    00000002     
                  0000ffe6    00000002     rts430_eabi.lib : int03.obj (.int03)

ADC10      0    0000ffea    00000002     
                  0000ffea    00000002     user_HW3.obj (.int05)

USCIAB0TX 
*          0    0000ffec    00000002     
                  0000ffec    00000002     user_HW3.obj (.int06)

USCIAB0RX 
*          0    0000ffee    00000002     
                  0000ffee    00000002     user_HW3.obj (.int07)

TIMER0_A1 
*          0    0000fff0    00000002     
                  0000fff0    00000002     rts430_eabi.lib : int08.obj (.int08)

TIMER0_A0 
*          0    0000fff2    00000002     
                  0000fff2    00000002     user_HW3.obj (.int09)

WDT        0    0000fff4    00000002     
                  0000fff4    00000002     rts430_eabi.lib : int10.obj (.int10)

COMPARATORA 
*          0    0000fff6    00000002     
                  0000fff6    00000002     rts430_eabi.lib : int11.obj (.int11)

TIMER1_A1 
*          0    0000fff8    00000002     
                  0000fff8    00000002     rts430_eabi.lib : int12.obj (.int12)

TIMER1_A0 
*          0    0000fffa    00000002     
                  0000fffa    00000002     rts430_eabi.lib : int13.obj (.int13)

NMI        0    0000fffc    00000002     
                  0000fffc    00000002     rts430_eabi.lib : int14.obj (.int14)

.reset     0    0000fffe    00000002     
                  0000fffe    00000002     rts430_eabi.lib : boot.obj (.reset)

MODULE SUMMARY

       Module                     code   ro data   rw data
       ------                     ----   -------   -------
    .\
       user_HW3.obj               592    14        28     
       UARTfuncs.obj              366    0         98     
    +--+--------------------------+------+---------+---------+
       Total:                     958    14        126    
                                                          
    E:\ti\i-cgt-msp430_17.9.0.STS\lib\rts430_eabi.lib
       frcdivd.obj                1144   0         0      
       _printfi_min.obj           706    20        0      
       divd.obj                   568    0         0      
       fs_add.obj                 306    0         0      
       fs_mpy.obj                 196    0         0      
       cvtdf.obj                  140    0         0      
       fltuld.obj                 138    0         0      
       copy_decompress_lzss.obj   124    0         0      
       fs_toi.obj                 104    0         0      
       vsprintf.obj               96     0         0      
       lsr32.obj                  92     0         0      
       lsr16.obj                  76     0         0      
       fs_cmp.obj                 74     0         0      
       autoinit.obj               66     0         0      
       asr32.obj                  62     0         0      
       lsl32.obj                  62     0         0      
       fs_itof.obj                54     0         0      
       asr16.obj                  44     0         0      
       div16s.obj                 44     0         0      
       lsl16.obj                  44     0         0      
       mult32.obj                 38     0         0      
       boot.obj                   28     2         0      
       memccpy.obj                26     0         0      
       div16u.obj                 22     0         0      
       copy_zero_init.obj         20     0         0      
       memset.obj                 20     0         0      
       mult16.obj                 20     0         0      
       copy_decompress_none.obj   18     0         0      
       memcpy.obj                 18     0         0      
       epilog.obj                 16     0         0      
       strlen.obj                 14     0         0      
       isr_trap.obj               8      0         0      
       exit.obj                   6      0         0      
       pre_init.obj               4      0         0      
       int02.obj                  0      2         0      
       int03.obj                  0      2         0      
       int08.obj                  0      2         0      
       int10.obj                  0      2         0      
       int11.obj                  0      2         0      
       int12.obj                  0      2         0      
       int13.obj                  0      2         0      
       int14.obj                  0      2         0      
       startup.obj                2      0         0      
    +--+--------------------------+------+---------+---------+
       Total:                     4400   38        0      
                                                          
       Stack:                     0      0         80     
       Linker Generated:          0      29        0      
    +--+--------------------------+------+---------+---------+
       Grand Total:               5358   81        206    


LINKER GENERATED COPY TABLES

__TI_cinit_table @ 0000d51e records: 2, size/record: 4, table size: 8
	.data: load addr=0000d508, load size=0000000b bytes, run addr=0000025c, run size=00000022 bytes, compression=lzss
	.bss: load addr=0000d51a, load size=00000004 bytes, run addr=00000200, run size=0000005c bytes, compression=zero_init


LINKER GENERATED HANDLER TABLE

__TI_handler_table @ 0000d514 records: 3, size/record: 2, table size: 6
	index: 0, handler: __TI_zero_init
	index: 1, handler: __TI_decompress_lzss
	index: 2, handler: __TI_decompress_none


GLOBAL SYMBOLS: SORTED ALPHABETICALLY BY Name 

address   name                          
-------   ----                          
0000004a  ADC10AE0                      
000001b0  ADC10CTL0                     
000001b2  ADC10CTL1                     
00000048  ADC10DTC0                     
00000049  ADC10DTC1                     
000001b4  ADC10MEM                      
000001bc  ADC10SA                       
0000cd78  ADC10_ISR                     
00000057  BCSCTL1                       
00000058  BCSCTL2                       
00000053  BCSCTL3                       
0000d4e2  C$$EXIT                       
00000059  CACTL1                        
0000005a  CACTL2                        
000010fb  CALBC1_12MHZ                  
000010f9  CALBC1_16MHZ                  
000010ff  CALBC1_1MHZ                   
000010fd  CALBC1_8MHZ                   
000010fa  CALDCO_12MHZ                  
000010f8  CALDCO_16MHZ                  
000010fe  CALDCO_1MHZ                   
000010fc  CALDCO_8MHZ                   
0000005b  CAPD                          
00000270  DACSEND                       
0000026e  DACVAL                        
00000056  DCOCTL                        
00000128  FCTL1                         
0000012a  FCTL2                         
0000012c  FCTL3                         
00000000  IE1                           
00000001  IE2                           
00000002  IFG1                          
00000003  IFG2                          
0000c7e2  Init_UART                     
00000022  P1DIR                         
00000025  P1IE                          
00000024  P1IES                         
00000023  P1IFG                         
00000020  P1IN                          
00000021  P1OUT                         
00000027  P1REN                         
00000026  P1SEL                         
00000041  P1SEL2                        
0000002a  P2DIR                         
0000002d  P2IE                          
0000002c  P2IES                         
0000002b  P2IFG                         
00000028  P2IN                          
00000029  P2OUT                         
0000002f  P2REN                         
0000002e  P2SEL                         
00000042  P2SEL2                        
0000001a  P3DIR                         
00000018  P3IN                          
00000019  P3OUT                         
00000010  P3REN                         
0000001b  P3SEL                         
00000043  P3SEL2                        
0000026a  RC1flag                       
0000026c  RC2flag                       
00000172  TA0CCR0                       
00000174  TA0CCR1                       
00000176  TA0CCR2                       
00000162  TA0CCTL0                      
00000164  TA0CCTL1                      
00000166  TA0CCTL2                      
00000160  TA0CTL                        
0000012e  TA0IV                         
00000170  TA0R                          
00000192  TA1CCR0                       
00000194  TA1CCR1                       
00000196  TA1CCR2                       
00000182  TA1CCTL0                      
00000184  TA1CCTL1                      
00000186  TA1CCTL2                      
00000180  TA1CTL                        
0000011e  TA1IV                         
00000190  TA1R                          
000010db  TLV_ADC10_1_LEN               
000010da  TLV_ADC10_1_TAG               
000010c0  TLV_CHECKSUM                  
000010f7  TLV_DCO_30_LEN                
000010f6  TLV_DCO_30_TAG                
0000d4d2  Timer_A                       
0000027d  UART_flag                     
0000d3c8  UART_printf                   
0000005d  UCA0ABCTL                     
00000062  UCA0BR0                       
00000063  UCA0BR1                       
00000060  UCA0CTL0                      
00000061  UCA0CTL1                      
0000005f  UCA0IRRCTL                    
0000005e  UCA0IRTCTL                    
00000064  UCA0MCTL                      
00000066  UCA0RXBUF                     
00000065  UCA0STAT                      
00000067  UCA0TXBUF                     
0000006a  UCB0BR0                       
0000006b  UCB0BR1                       
00000068  UCB0CTL0                      
00000069  UCB0CTL1                      
0000006c  UCB0I2CIE                     
00000118  UCB0I2COA                     
0000011a  UCB0I2CSA                     
0000006e  UCB0RXBUF                     
0000006d  UCB0STAT                      
0000006f  UCB0TXBUF                     
0000d416  USCI0RX_ISR                   
0000ce34  USCI0TX_ISR                   
00000120  WDTCTL                        
00000400  __STACK_END                   
00000050  __STACK_SIZE                  
0000d51e  __TI_CINIT_Base               
0000d526  __TI_CINIT_Limit              
0000d514  __TI_Handler_Table_Base       
0000d51a  __TI_Handler_Table_Limit      
0000d4da  __TI_ISR_TRAP                 
0000d1ac  __TI_auto_init_nobinit_nopinit
0000cfd6  __TI_decompress_lzss          
0000d490  __TI_decompress_none          
0000c000  __TI_frcdivd                  
0000ffe4  __TI_int02                    
0000ffe6  __TI_int03                    
0000ffea  __TI_int05                    
0000ffec  __TI_int06                    
0000ffee  __TI_int07                    
0000fff0  __TI_int08                    
0000fff2  __TI_int09                    
0000fff4  __TI_int10                    
0000fff6  __TI_int11                    
0000fff8  __TI_int12                    
0000fffa  __TI_int13                    
0000fffc  __TI_int14                    
ffffffff  __TI_pprof_out_hndl           
0000cb08  __TI_printfi_minimal          
ffffffff  __TI_prof_data_size           
ffffffff  __TI_prof_data_start          
0000d442  __TI_zero_init_nomemset       
ffffffff  __c_args__                    
0000c6b6  __mspabi_addf                 
0000d162  __mspabi_cmpf                 
0000cec0  __mspabi_cvtdf                
0000c478  __mspabi_divd                 
0000d32e  __mspabi_divi                 
0000d42c  __mspabi_divu                 
0000d052  __mspabi_fixfi                
0000d26a  __mspabi_fltif                
0000cf4c  __mspabi_fltuld               
0000d4c0  __mspabi_func_epilog_1        
0000d4be  __mspabi_func_epilog_2        
0000d4bc  __mspabi_func_epilog_3        
0000d4ba  __mspabi_func_epilog_4        
0000d4b8  __mspabi_func_epilog_5        
0000d4b6  __mspabi_func_epilog_6        
0000d4b4  __mspabi_func_epilog_7        
0000ccb4  __mspabi_mpyf                 
0000d46a  __mspabi_mpyi                 
0000d46a  __mspabi_mpyi_sw              
0000d386  __mspabi_mpyl                 
0000d386  __mspabi_mpyl_sw              
0000d32e  __mspabi_remi                 
0000d42c  __mspabi_remu                 
0000d35a  __mspabi_slli                 
0000d382  __mspabi_slli_1               
0000d370  __mspabi_slli_10              
0000d36e  __mspabi_slli_11              
0000d36c  __mspabi_slli_12              
0000d36a  __mspabi_slli_13              
0000d368  __mspabi_slli_14              
0000d366  __mspabi_slli_15              
0000d380  __mspabi_slli_2               
0000d37e  __mspabi_slli_3               
0000d37c  __mspabi_slli_4               
0000d37a  __mspabi_slli_5               
0000d378  __mspabi_slli_6               
0000d376  __mspabi_slli_7               
0000d374  __mspabi_slli_8               
0000d372  __mspabi_slli_9               
0000d264  __mspabi_slll_1               
0000d240  __mspabi_slll_10              
0000d23c  __mspabi_slll_11              
0000d238  __mspabi_slll_12              
0000d234  __mspabi_slll_13              
0000d230  __mspabi_slll_14              
0000d22c  __mspabi_slll_15              
0000d260  __mspabi_slll_2               
0000d25c  __mspabi_slll_3               
0000d258  __mspabi_slll_4               
0000d254  __mspabi_slll_5               
0000d250  __mspabi_slll_6               
0000d24c  __mspabi_slll_7               
0000d248  __mspabi_slll_8               
0000d244  __mspabi_slll_9               
0000d302  __mspabi_srai                 
0000d32a  __mspabi_srai_1               
0000d318  __mspabi_srai_10              
0000d316  __mspabi_srai_11              
0000d314  __mspabi_srai_12              
0000d312  __mspabi_srai_13              
0000d310  __mspabi_srai_14              
0000d30e  __mspabi_srai_15              
0000d328  __mspabi_srai_2               
0000d326  __mspabi_srai_3               
0000d324  __mspabi_srai_4               
0000d322  __mspabi_srai_5               
0000d320  __mspabi_srai_6               
0000d31e  __mspabi_srai_7               
0000d31c  __mspabi_srai_8               
0000d31a  __mspabi_srai_9               
0000d226  __mspabi_sral_1               
0000d202  __mspabi_sral_10              
0000d1fe  __mspabi_sral_11              
0000d1fa  __mspabi_sral_12              
0000d1f6  __mspabi_sral_13              
0000d1f2  __mspabi_sral_14              
0000d1ee  __mspabi_sral_15              
0000d222  __mspabi_sral_2               
0000d21e  __mspabi_sral_3               
0000d21a  __mspabi_sral_4               
0000d216  __mspabi_sral_5               
0000d212  __mspabi_sral_6               
0000d20e  __mspabi_sral_7               
0000d20a  __mspabi_sral_8               
0000d206  __mspabi_sral_9               
0000d116  __mspabi_srli                 
0000d15c  __mspabi_srli_1               
0000d138  __mspabi_srli_10              
0000d134  __mspabi_srli_11              
0000d130  __mspabi_srli_12              
0000d12c  __mspabi_srli_13              
0000d128  __mspabi_srli_14              
0000d124  __mspabi_srli_15              
0000d158  __mspabi_srli_2               
0000d154  __mspabi_srli_3               
0000d150  __mspabi_srli_4               
0000d14c  __mspabi_srli_5               
0000d148  __mspabi_srli_6               
0000d144  __mspabi_srli_7               
0000d140  __mspabi_srli_8               
0000d13c  __mspabi_srli_9               
0000d10e  __mspabi_srll_1               
0000d0d8  __mspabi_srll_10              
0000d0d2  __mspabi_srll_11              
0000d0cc  __mspabi_srll_12              
0000d0c6  __mspabi_srll_13              
0000d0c0  __mspabi_srll_14              
0000d0ba  __mspabi_srll_15              
0000d108  __mspabi_srll_2               
0000d102  __mspabi_srll_3               
0000d0fc  __mspabi_srll_4               
0000d0f6  __mspabi_srll_5               
0000d0f0  __mspabi_srll_6               
0000d0ea  __mspabi_srll_7               
0000d0e4  __mspabi_srll_8               
0000d0de  __mspabi_srll_9               
0000c6b0  __mspabi_subf                 
0000d3ac  _c_int00_noargs               
0000fffe  _reset_vector                 
000003b0  _stack                        
0000d4ec  _system_post_cinit            
0000d4e8  _system_pre_init              
0000d4e2  abort                         
0000027a  currentindex                  
00000278  donesending                   
00000272  firstTX                       
0000ca1e  main                          
0000d3fc  memccpy                       
0000d4a2  memcpy                        
0000d456  memset                        
0000025c  msgindex                      
0000025f  newmsg                        
00000260  newprint                      
00000234  printbuff                     
0000027c  printf_flag                   
00000274  ramp                          
0000d2d4  sendchars                     
0000027b  senddone                      
0000025e  started                       
0000d4c4  strlen                        
00000266  timeRC1                       
00000268  timeRC2                       
00000264  timecheck                     
00000262  timecnt                       
00000200  txbuff                        
00000279  txcount                       
0000025d  txindex                       
00000276  valueIN                       
0000d2a0  vsprintf                      


GLOBAL SYMBOLS: SORTED BY Symbol Address 

address   name                          
-------   ----                          
00000000  IE1                           
00000001  IE2                           
00000002  IFG1                          
00000003  IFG2                          
00000010  P3REN                         
00000018  P3IN                          
00000019  P3OUT                         
0000001a  P3DIR                         
0000001b  P3SEL                         
00000020  P1IN                          
00000021  P1OUT                         
00000022  P1DIR                         
00000023  P1IFG                         
00000024  P1IES                         
00000025  P1IE                          
00000026  P1SEL                         
00000027  P1REN                         
00000028  P2IN                          
00000029  P2OUT                         
0000002a  P2DIR                         
0000002b  P2IFG                         
0000002c  P2IES                         
0000002d  P2IE                          
0000002e  P2SEL                         
0000002f  P2REN                         
00000041  P1SEL2                        
00000042  P2SEL2                        
00000043  P3SEL2                        
00000048  ADC10DTC0                     
00000049  ADC10DTC1                     
0000004a  ADC10AE0                      
00000050  __STACK_SIZE                  
00000053  BCSCTL3                       
00000056  DCOCTL                        
00000057  BCSCTL1                       
00000058  BCSCTL2                       
00000059  CACTL1                        
0000005a  CACTL2                        
0000005b  CAPD                          
0000005d  UCA0ABCTL                     
0000005e  UCA0IRTCTL                    
0000005f  UCA0IRRCTL                    
00000060  UCA0CTL0                      
00000061  UCA0CTL1                      
00000062  UCA0BR0                       
00000063  UCA0BR1                       
00000064  UCA0MCTL                      
00000065  UCA0STAT                      
00000066  UCA0RXBUF                     
00000067  UCA0TXBUF                     
00000068  UCB0CTL0                      
00000069  UCB0CTL1                      
0000006a  UCB0BR0                       
0000006b  UCB0BR1                       
0000006c  UCB0I2CIE                     
0000006d  UCB0STAT                      
0000006e  UCB0RXBUF                     
0000006f  UCB0TXBUF                     
00000118  UCB0I2COA                     
0000011a  UCB0I2CSA                     
0000011e  TA1IV                         
00000120  WDTCTL                        
00000128  FCTL1                         
0000012a  FCTL2                         
0000012c  FCTL3                         
0000012e  TA0IV                         
00000160  TA0CTL                        
00000162  TA0CCTL0                      
00000164  TA0CCTL1                      
00000166  TA0CCTL2                      
00000170  TA0R                          
00000172  TA0CCR0                       
00000174  TA0CCR1                       
00000176  TA0CCR2                       
00000180  TA1CTL                        
00000182  TA1CCTL0                      
00000184  TA1CCTL1                      
00000186  TA1CCTL2                      
00000190  TA1R                          
00000192  TA1CCR0                       
00000194  TA1CCR1                       
00000196  TA1CCR2                       
000001b0  ADC10CTL0                     
000001b2  ADC10CTL1                     
000001b4  ADC10MEM                      
000001bc  ADC10SA                       
00000200  txbuff                        
00000234  printbuff                     
0000025c  msgindex                      
0000025d  txindex                       
0000025e  started                       
0000025f  newmsg                        
00000260  newprint                      
00000262  timecnt                       
00000264  timecheck                     
00000266  timeRC1                       
00000268  timeRC2                       
0000026a  RC1flag                       
0000026c  RC2flag                       
0000026e  DACVAL                        
00000270  DACSEND                       
00000272  firstTX                       
00000274  ramp                          
00000276  valueIN                       
00000278  donesending                   
00000279  txcount                       
0000027a  currentindex                  
0000027b  senddone                      
0000027c  printf_flag                   
0000027d  UART_flag                     
000003b0  _stack                        
00000400  __STACK_END                   
000010c0  TLV_CHECKSUM                  
000010da  TLV_ADC10_1_TAG               
000010db  TLV_ADC10_1_LEN               
000010f6  TLV_DCO_30_TAG                
000010f7  TLV_DCO_30_LEN                
000010f8  CALDCO_16MHZ                  
000010f9  CALBC1_16MHZ                  
000010fa  CALDCO_12MHZ                  
000010fb  CALBC1_12MHZ                  
000010fc  CALDCO_8MHZ                   
000010fd  CALBC1_8MHZ                   
000010fe  CALDCO_1MHZ                   
000010ff  CALBC1_1MHZ                   
0000c000  __TI_frcdivd                  
0000c478  __mspabi_divd                 
0000c6b0  __mspabi_subf                 
0000c6b6  __mspabi_addf                 
0000c7e2  Init_UART                     
0000ca1e  main                          
0000cb08  __TI_printfi_minimal          
0000ccb4  __mspabi_mpyf                 
0000cd78  ADC10_ISR                     
0000ce34  USCI0TX_ISR                   
0000cec0  __mspabi_cvtdf                
0000cf4c  __mspabi_fltuld               
0000cfd6  __TI_decompress_lzss          
0000d052  __mspabi_fixfi                
0000d0ba  __mspabi_srll_15              
0000d0c0  __mspabi_srll_14              
0000d0c6  __mspabi_srll_13              
0000d0cc  __mspabi_srll_12              
0000d0d2  __mspabi_srll_11              
0000d0d8  __mspabi_srll_10              
0000d0de  __mspabi_srll_9               
0000d0e4  __mspabi_srll_8               
0000d0ea  __mspabi_srll_7               
0000d0f0  __mspabi_srll_6               
0000d0f6  __mspabi_srll_5               
0000d0fc  __mspabi_srll_4               
0000d102  __mspabi_srll_3               
0000d108  __mspabi_srll_2               
0000d10e  __mspabi_srll_1               
0000d116  __mspabi_srli                 
0000d124  __mspabi_srli_15              
0000d128  __mspabi_srli_14              
0000d12c  __mspabi_srli_13              
0000d130  __mspabi_srli_12              
0000d134  __mspabi_srli_11              
0000d138  __mspabi_srli_10              
0000d13c  __mspabi_srli_9               
0000d140  __mspabi_srli_8               
0000d144  __mspabi_srli_7               
0000d148  __mspabi_srli_6               
0000d14c  __mspabi_srli_5               
0000d150  __mspabi_srli_4               
0000d154  __mspabi_srli_3               
0000d158  __mspabi_srli_2               
0000d15c  __mspabi_srli_1               
0000d162  __mspabi_cmpf                 
0000d1ac  __TI_auto_init_nobinit_nopinit
0000d1ee  __mspabi_sral_15              
0000d1f2  __mspabi_sral_14              
0000d1f6  __mspabi_sral_13              
0000d1fa  __mspabi_sral_12              
0000d1fe  __mspabi_sral_11              
0000d202  __mspabi_sral_10              
0000d206  __mspabi_sral_9               
0000d20a  __mspabi_sral_8               
0000d20e  __mspabi_sral_7               
0000d212  __mspabi_sral_6               
0000d216  __mspabi_sral_5               
0000d21a  __mspabi_sral_4               
0000d21e  __mspabi_sral_3               
0000d222  __mspabi_sral_2               
0000d226  __mspabi_sral_1               
0000d22c  __mspabi_slll_15              
0000d230  __mspabi_slll_14              
0000d234  __mspabi_slll_13              
0000d238  __mspabi_slll_12              
0000d23c  __mspabi_slll_11              
0000d240  __mspabi_slll_10              
0000d244  __mspabi_slll_9               
0000d248  __mspabi_slll_8               
0000d24c  __mspabi_slll_7               
0000d250  __mspabi_slll_6               
0000d254  __mspabi_slll_5               
0000d258  __mspabi_slll_4               
0000d25c  __mspabi_slll_3               
0000d260  __mspabi_slll_2               
0000d264  __mspabi_slll_1               
0000d26a  __mspabi_fltif                
0000d2a0  vsprintf                      
0000d2d4  sendchars                     
0000d302  __mspabi_srai                 
0000d30e  __mspabi_srai_15              
0000d310  __mspabi_srai_14              
0000d312  __mspabi_srai_13              
0000d314  __mspabi_srai_12              
0000d316  __mspabi_srai_11              
0000d318  __mspabi_srai_10              
0000d31a  __mspabi_srai_9               
0000d31c  __mspabi_srai_8               
0000d31e  __mspabi_srai_7               
0000d320  __mspabi_srai_6               
0000d322  __mspabi_srai_5               
0000d324  __mspabi_srai_4               
0000d326  __mspabi_srai_3               
0000d328  __mspabi_srai_2               
0000d32a  __mspabi_srai_1               
0000d32e  __mspabi_divi                 
0000d32e  __mspabi_remi                 
0000d35a  __mspabi_slli                 
0000d366  __mspabi_slli_15              
0000d368  __mspabi_slli_14              
0000d36a  __mspabi_slli_13              
0000d36c  __mspabi_slli_12              
0000d36e  __mspabi_slli_11              
0000d370  __mspabi_slli_10              
0000d372  __mspabi_slli_9               
0000d374  __mspabi_slli_8               
0000d376  __mspabi_slli_7               
0000d378  __mspabi_slli_6               
0000d37a  __mspabi_slli_5               
0000d37c  __mspabi_slli_4               
0000d37e  __mspabi_slli_3               
0000d380  __mspabi_slli_2               
0000d382  __mspabi_slli_1               
0000d386  __mspabi_mpyl                 
0000d386  __mspabi_mpyl_sw              
0000d3ac  _c_int00_noargs               
0000d3c8  UART_printf                   
0000d3fc  memccpy                       
0000d416  USCI0RX_ISR                   
0000d42c  __mspabi_divu                 
0000d42c  __mspabi_remu                 
0000d442  __TI_zero_init_nomemset       
0000d456  memset                        
0000d46a  __mspabi_mpyi                 
0000d46a  __mspabi_mpyi_sw              
0000d490  __TI_decompress_none          
0000d4a2  memcpy                        
0000d4b4  __mspabi_func_epilog_7        
0000d4b6  __mspabi_func_epilog_6        
0000d4b8  __mspabi_func_epilog_5        
0000d4ba  __mspabi_func_epilog_4        
0000d4bc  __mspabi_func_epilog_3        
0000d4be  __mspabi_func_epilog_2        
0000d4c0  __mspabi_func_epilog_1        
0000d4c4  strlen                        
0000d4d2  Timer_A                       
0000d4da  __TI_ISR_TRAP                 
0000d4e2  C$$EXIT                       
0000d4e2  abort                         
0000d4e8  _system_pre_init              
0000d4ec  _system_post_cinit            
0000d514  __TI_Handler_Table_Base       
0000d51a  __TI_Handler_Table_Limit      
0000d51e  __TI_CINIT_Base               
0000d526  __TI_CINIT_Limit              
0000ffe4  __TI_int02                    
0000ffe6  __TI_int03                    
0000ffea  __TI_int05                    
0000ffec  __TI_int06                    
0000ffee  __TI_int07                    
0000fff0  __TI_int08                    
0000fff2  __TI_int09                    
0000fff4  __TI_int10                    
0000fff6  __TI_int11                    
0000fff8  __TI_int12                    
0000fffa  __TI_int13                    
0000fffc  __TI_int14                    
0000fffe  _reset_vector                 
ffffffff  __TI_pprof_out_hndl           
ffffffff  __TI_prof_data_size           
ffffffff  __TI_prof_data_start          
ffffffff  __c_args__                    

[288 symbols]
